

=====================================================================
== D:\DayZServers\TheCommunity_enochTest\DayZTestServer_x64.exe
== "D:\DayZServers\TheCommunity_enochTest\DayZTestServer_x64.exe"  -port=2442 "-mod=@CF;@Community-Online-Tools;@BuildAnywhere;@BaseBuildingLogs;@Trader;@BaseBuildingPlus;@Durable_Suppressors;@VPPMap;@Ear-Plugs;@Catch_Rain;@DayZ-Expansion-Notifications;@DayZ-Expansion-Chat;@No_Shoe_Damage;@Airdrop-Upgraded;@Ammo_Making;@Banking;@BuilderItems;@Camosplus;@CannabisPlus;@CheckIdentity;@Code_Lock;@Dayz_Navigation;@FIDOv4;@FlipTransport;@GoreZ;@IRP;@KillFeed;@NoVehicleDamage;@PartyMe;@Modular_Vest_System;@MuchStuffPack;@SWP;@BreachingCharge;@BBPBreachCharge;@MunghardsItempack;@NDVPPM;@Next_Days;@Notes;@SQUAD_MSF-C;@Zeroy-FishingZ;@OP_BaseItems;@Base_Storage;@Unlimited_Stamina;@SIX-DayZ-Auto-Run;" -config=D:\DayZServers\TheCommunity_enochTest\TheCommunityDZTest.cfg -profiles=TheCommunityServer -BEPath=D:\DayZServers\TheCommunity_enochTest\battleye -filePatching -adminlog -netlog -freezecheck -scrAllowFileWrite
=====================================================================
Exe timestamp: 2020/03/14 00:03:02
Current time:  2020/04/26 08:58:02

Version 1.07.153006
 8:58:02.910 [Inputs] Loading inputs default "bin/constants.xml"
 8:58:02.910 [Inputs] Loading inputs default "bin/specific.xml"
 8:58:02.910 !!! [Inputs] Invalid input name used "UAUIInspectItem" for context "ui" in "bin/specific.xml"
 8:58:02.910 !!! [Inputs] Attempt to register duplicate Modded-Inputs file "VanillaPPMap/data/modded_Inputs.xml"
 8:58:02.910 [Inputs] Loading inputs default "EarPlugs\data\inputs.xml"
 8:58:02.910 [Inputs] Loading inputs default "JM/COT/scripts/Data/Inputs.xml"
 8:58:02.910 [Inputs] Loading inputs default "KillFeed/inputs/Inputs.xml"
 8:58:02.910 [Inputs] Loading inputs default "partyme/scripts/partyme_inputs.xml"
 8:58:02.910 [Inputs] Loading inputs default "VanillaPPMap/data/modded_Inputs.xml"
 8:58:02.910 [Inputs] Loading inputs default "NextDays/data/NextDays_Inputs.xml"
 8:58:02.910 [Inputs] Loading inputs default "A3_UI_F/Scripts/Inputs.xml"
 8:58:02.910 [Inputs] Loading inputs default "BaseBuildingPlus/Scripts/Data/Inputs.xml"
 8:58:02.910 [Inputs] Loading inputs default "VanillaPPMap/data/modded_Inputs.xml"
 8:58:02.910 !!! [Inputs] Attempt to register duplicate input "UAOpenVPPMap"
 8:58:02.910 !!! [Inputs] Attempt to register duplicate input "UAToggleVPPMap3DMarkers"
 8:58:02.910 [Inputs] Loading inputs cfg "TheCommunityServer\Users\Survivor\Server.core.xml"
 8:58:02.925 [Inputs] Exporting inputs cfg "TheCommunityServer\Users\Survivor\Server.core.xml"
 8:58:03.347 !!! [Inputs] Attempt to register "PMHideShowTrackers" input twice
 8:58:44.599 [CE][Hive] :: Initializing OFFLINE
 8:58:44.599 [CE][Hive] :: Loading core data ... 
 8:58:44.599 [CE][CoreData] :: 7 root classes, 19 defaults, 0 updaters...
 8:58:52.84 [CE][RegisterBind] :: 0 classes binded...
 8:58:52.84 [CE][RegisterConfig] :: 10046 config classes registered, 0 sub-counters...
 8:58:52.84 [CE][Hive] :: Loading map data ... 
 8:58:52.146 !!! [CE] :: Unknown category: 'vehicleparts'.
 8:58:52.146 [CE][LoadPrototype] :: loaded 330 prototypes
 8:58:52.146   702 containers, 9116 points
 8:58:52.146   24 dispatches, 90 proxies
 8:58:52.146 !!! [CE][LoadPrototype] 12 groups have no points...
 8:58:52.146 !!![CE][LoadPrototype]  3 groups have wrong points...
 8:58:52.146 [CE][LoadPrototype] :: last group name: Land_Lunapark_Autodrome...
 8:58:52.146 [CE][LoadPrototype] :: loaded 0 prototypes
 8:58:52.146   0 containers, 0 points
 8:58:52.146   0 dispatches, 0 proxies
 8:58:52.146 [CE][LoadPrototype] :: last group name: PathD_7100...
 8:58:52.459 [CE][LoadMap] "Group" :: loaded 5086 groups, largest group range: 26.9
 8:58:52.459 [CE][LoadMap] "Dirt" :: loaded 0 groups, largest group range: 26.9
 8:58:52.568 [CE][Links] found 354 total links between groups, of 5086
 8:58:52.568 [CE][LoadClusters] "Cluster" :: Loading files...
 8:58:52.772 [CE][LoadClusters] :: file: "mapgroupcluster.xml", 4 types, 50000 instances
 8:58:52.990 [CE][LoadClusters] :: file: "mapgroupcluster01", 4 types, 50000 instances
 8:58:53.193 [CE][LoadClusters] :: file: "mapgroupcluster02", 4 types, 50000 instances
 8:58:53.412 [CE][LoadClusters] :: file: "mapgroupcluster03", 4 types, 50000 instances
 8:58:53.506 [CE][LoadClusters] :: file: "mapgroupcluster04", 4 types, 21297 instances
 8:58:53.522 [CE][Storage] ver:21 stamp:4125, valid:yes, name:"mpmissions\TheCommunity.enoch\storage_666\data\types.bin"
 8:58:53.522 [CE][Storage] ver:21 stamp:4123, valid:yes, name:"mpmissions\TheCommunity.enoch\storage_666\data\types.001"
 8:58:53.522 [CE][Storage] ver:21 stamp:4124, valid:yes, name:"mpmissions\TheCommunity.enoch\storage_666\data\types.002"
 8:58:53.522 [CE][Storage] Restoring file "mpmissions\TheCommunity.enoch\storage_666\data\types.bin".
 8:58:53.725 [CE][offlineDB] :: Loaded 33 dynamic events 215 total types 0 total positions.
 8:58:53.787 [CE][Storage] ver:21 stamp:4125, valid:yes, name:"mpmissions\TheCommunity.enoch\storage_666\data\events.bin"
 8:58:53.787 [CE][Storage] ver:21 stamp:4123, valid:yes, name:"mpmissions\TheCommunity.enoch\storage_666\data\events.001"
 8:58:53.787 [CE][Storage] ver:21 stamp:4124, valid:yes, name:"mpmissions\TheCommunity.enoch\storage_666\data\events.002"
 8:58:53.787 [CE][Storage] Restoring file "mpmissions\TheCommunity.enoch\storage_666\data\events.bin".
 8:58:53.787 [CE][DynamicEvent] Load  Events:[33] Primary spawners: 33 Secondary spawners: 1
 8:58:53.787 [CE][Storage] ver:24 stamp:4125, valid:yes, name:"mpmissions\TheCommunity.enoch\storage_666\data\vehicles.bin"
 8:58:53.787 [CE][Storage] ver:24 stamp:4123, valid:yes, name:"mpmissions\TheCommunity.enoch\storage_666\data\vehicles.001"
 8:58:53.787 [CE][Storage] ver:24 stamp:4124, valid:yes, name:"mpmissions\TheCommunity.enoch\storage_666\data\vehicles.002"
 8:58:53.787 [CE][Storage] Restoring file "mpmissions\TheCommunity.enoch\storage_666\data\vehicles.bin" 91 items.
 8:58:53.865   91 items loaded.
 8:58:53.865 [CE][Storage] ver:24 stamp:4125, valid:yes, name:"mpmissions\TheCommunity.enoch\storage_666\data\dynamic_000.bin"
 8:58:53.865 [CE][Storage] ver:24 stamp:4123, valid:yes, name:"mpmissions\TheCommunity.enoch\storage_666\data\dynamic_000.001"
 8:58:53.865 [CE][Storage] ver:24 stamp:4124, valid:yes, name:"mpmissions\TheCommunity.enoch\storage_666\data\dynamic_000.002"
 8:58:53.865 [CE][Storage] Restoring file "mpmissions\TheCommunity.enoch\storage_666\data\dynamic_000.bin" 364 items.
 8:58:54.100   364 items loaded.
 8:58:54.100 [CE][Storage] ver:24 stamp:4125, valid:yes, name:"mpmissions\TheCommunity.enoch\storage_666\data\dynamic_001.bin"
 8:58:54.100 [CE][Storage] ver:24 stamp:4123, valid:yes, name:"mpmissions\TheCommunity.enoch\storage_666\data\dynamic_001.001"
 8:58:54.100 [CE][Storage] ver:24 stamp:4124, valid:yes, name:"mpmissions\TheCommunity.enoch\storage_666\data\dynamic_001.002"
 8:58:54.100 [CE][Storage] Restoring file "mpmissions\TheCommunity.enoch\storage_666\data\dynamic_001.bin" 2243 items.
 8:58:54.881   2243 items loaded.
 8:58:54.897 [CE][Storage] ver:24 stamp:4125, valid:yes, name:"mpmissions\TheCommunity.enoch\storage_666\data\dynamic_002.bin"
 8:58:54.897 [CE][Storage] ver:24 stamp:4123, valid:yes, name:"mpmissions\TheCommunity.enoch\storage_666\data\dynamic_002.001"
 8:58:54.897 [CE][Storage] ver:24 stamp:4124, valid:yes, name:"mpmissions\TheCommunity.enoch\storage_666\data\dynamic_002.002"
 8:58:54.897 [CE][Storage] Restoring file "mpmissions\TheCommunity.enoch\storage_666\data\dynamic_002.bin" 748 items.
 8:58:55.131   748 items loaded.
 8:58:55.131 [CE][Storage] ver:24 stamp:4125, valid:yes, name:"mpmissions\TheCommunity.enoch\storage_666\data\dynamic_003.bin"
 8:58:55.131 [CE][Storage] ver:24 stamp:4123, valid:yes, name:"mpmissions\TheCommunity.enoch\storage_666\data\dynamic_003.001"
 8:58:55.131 [CE][Storage] ver:24 stamp:4124, valid:yes, name:"mpmissions\TheCommunity.enoch\storage_666\data\dynamic_003.002"
 8:58:55.131 [CE][Storage] Restoring file "mpmissions\TheCommunity.enoch\storage_666\data\dynamic_003.bin" 1367 items.
 8:58:55.553   1367 items loaded.
 8:58:55.553 [CE][Storage] ver:24 stamp:4125, valid:yes, name:"mpmissions\TheCommunity.enoch\storage_666\data\dynamic_004.bin"
 8:58:55.553 [CE][Storage] ver:24 stamp:4123, valid:yes, name:"mpmissions\TheCommunity.enoch\storage_666\data\dynamic_004.001"
 8:58:55.553 [CE][Storage] ver:24 stamp:4124, valid:yes, name:"mpmissions\TheCommunity.enoch\storage_666\data\dynamic_004.002"
 8:58:55.553 [CE][Storage] Restoring file "mpmissions\TheCommunity.enoch\storage_666\data\dynamic_004.bin" 1584 items.
 8:58:56.131   1584 items loaded.
 8:58:56.131 [CE][Storage] ver:24 stamp:4125, valid:yes, name:"mpmissions\TheCommunity.enoch\storage_666\data\dynamic_005.bin"
 8:58:56.131 [CE][Storage] ver:24 stamp:4123, valid:yes, name:"mpmissions\TheCommunity.enoch\storage_666\data\dynamic_005.001"
 8:58:56.131 [CE][Storage] ver:24 stamp:4124, valid:yes, name:"mpmissions\TheCommunity.enoch\storage_666\data\dynamic_005.002"
 8:58:56.131 [CE][Storage] Restoring file "mpmissions\TheCommunity.enoch\storage_666\data\dynamic_005.bin" 2125 items.
 8:58:56.819   2125 items loaded.
 8:58:56.819 [CE][Storage] ver:24 stamp:4125, valid:yes, name:"mpmissions\TheCommunity.enoch\storage_666\data\dynamic_006.bin"
 8:58:56.819 [CE][Storage] ver:24 stamp:4123, valid:yes, name:"mpmissions\TheCommunity.enoch\storage_666\data\dynamic_006.001"
 8:58:56.819 [CE][Storage] ver:24 stamp:4124, valid:yes, name:"mpmissions\TheCommunity.enoch\storage_666\data\dynamic_006.002"
 8:58:56.819 [CE][Storage] Restoring file "mpmissions\TheCommunity.enoch\storage_666\data\dynamic_006.bin" 1094 items.
 8:58:57.194   1094 items loaded.
 8:58:57.194 [CE][Storage] ver:24 stamp:4125, valid:yes, name:"mpmissions\TheCommunity.enoch\storage_666\data\dynamic_007.bin"
 8:58:57.194 [CE][Storage] ver:24 stamp:4123, valid:yes, name:"mpmissions\TheCommunity.enoch\storage_666\data\dynamic_007.001"
 8:58:57.194 [CE][Storage] ver:24 stamp:4124, valid:yes, name:"mpmissions\TheCommunity.enoch\storage_666\data\dynamic_007.002"
 8:58:57.194 [CE][Storage] Restoring file "mpmissions\TheCommunity.enoch\storage_666\data\dynamic_007.bin" 1336 items.
 8:58:57.662   1336 items loaded.
 8:58:57.662 [CE][Storage] ver:24 stamp:4125, valid:yes, name:"mpmissions\TheCommunity.enoch\storage_666\data\dynamic_008.bin"
 8:58:57.662 [CE][Storage] ver:24 stamp:4123, valid:yes, name:"mpmissions\TheCommunity.enoch\storage_666\data\dynamic_008.001"
 8:58:57.662 [CE][Storage] ver:24 stamp:4124, valid:yes, name:"mpmissions\TheCommunity.enoch\storage_666\data\dynamic_008.002"
 8:58:57.662 [CE][Storage] Restoring file "mpmissions\TheCommunity.enoch\storage_666\data\dynamic_008.bin" 1240 items.
 8:58:58.22   1240 items loaded.
 8:58:58.22 [CE][Storage] ver:24 stamp:4125, valid:yes, name:"mpmissions\TheCommunity.enoch\storage_666\data\dynamic_009.bin"
 8:58:58.22 [CE][Storage] ver:24 stamp:4123, valid:yes, name:"mpmissions\TheCommunity.enoch\storage_666\data\dynamic_009.001"
 8:58:58.22 [CE][Storage] ver:24 stamp:4124, valid:yes, name:"mpmissions\TheCommunity.enoch\storage_666\data\dynamic_009.002"
 8:58:58.22 [CE][Storage] Restoring file "mpmissions\TheCommunity.enoch\storage_666\data\dynamic_009.bin" 1092 items.
 8:58:58.366   1092 items loaded.
 8:58:58.366 [CE][Storage] ver:24 stamp:4125, valid:yes, name:"mpmissions\TheCommunity.enoch\storage_666\data\dynamic_010.bin"
 8:58:58.366 [CE][Storage] ver:24 stamp:4123, valid:yes, name:"mpmissions\TheCommunity.enoch\storage_666\data\dynamic_010.001"
 8:58:58.366 [CE][Storage] ver:24 stamp:4124, valid:yes, name:"mpmissions\TheCommunity.enoch\storage_666\data\dynamic_010.002"
 8:58:58.366 [CE][Storage] Restoring file "mpmissions\TheCommunity.enoch\storage_666\data\dynamic_010.bin" 2747 items.
 8:58:59.100   2747 items loaded.
 8:58:59.100 [CE][Storage] ver:24 stamp:4125, valid:yes, name:"mpmissions\TheCommunity.enoch\storage_666\data\dynamic_011.bin"
 8:58:59.100 [CE][Storage] ver:24 stamp:4123, valid:yes, name:"mpmissions\TheCommunity.enoch\storage_666\data\dynamic_011.001"
 8:58:59.100 [CE][Storage] ver:24 stamp:4124, valid:yes, name:"mpmissions\TheCommunity.enoch\storage_666\data\dynamic_011.002"
 8:58:59.100 [CE][Storage] Restoring file "mpmissions\TheCommunity.enoch\storage_666\data\dynamic_011.bin" 399 items.
 8:58:59.209   399 items loaded.
 8:58:59.225 [CE][Hive] :: Storage load took:5.45 seconds, recovery stamp:4125
 8:58:59.225   entity: 16638, building: 0
 8:58:59.225   no lifetime: 54
 8:58:59.225 [CE][Hive] :: Initializing ... 
 8:58:59.241 [CE][InitializeMap] :: initialized: 0
 8:58:59.241 [CE][Hive] :: Initializing spawners ... 
 8:59:01.100 [CE][LootRespawner] (PRIDummy) :: Item [0] causing search overtime: "PlateCarrierVest"
 8:59:01.100 [CE][LootRespawner] (PRIDummy) :: Item [1] causing search overtime: "PlateCarrierVest"
 8:59:01.100 [CE][LootRespawner] (PRIDummy) :: Item [2] causing search overtime: "PlateCarrierVest"
 8:59:01.100 [CE][LootRespawner] (PRIDummy) :: Item [3] causing search overtime: "PlateCarrierVest"
 8:59:01.100 [CE][LootRespawner] (PRIDummy) :: Item [4] causing search overtime: "PlateCarrierVest"
 8:59:01.100 [CE][LootRespawner] (PRIDummy) :: Item [5] causing search overtime: "PlateCarrierVest"
 8:59:01.100 [CE][LootRespawner] (PRIDummy) :: Item [6] causing search overtime: "PlateCarrierVest"
 8:59:01.100 [CE][LootRespawner] (PRIDummy) :: Item [7] causing search overtime: "PlateCarrierVest"
 8:59:01.100 [CE][LootRespawner] (PRIDummy) :: Item [8] causing search overtime: "PlateCarrierVest"
 8:59:01.100 [CE][LootRespawner] (PRIDummy) :: Item [9] causing search overtime: "PlateCarrierVest"
 8:59:01.100 [CE][LootRespawner] (PRIDummy) :: Item [10] causing search overtime: "PlateCarrierVest"
 8:59:01.100 [CE][LootRespawner] (PRIDummy) :: Item [11] causing search overtime: "PlateCarrierVest"
 8:59:01.100 [CE][LootRespawner] (PRIDummy) :: Item [12] causing search overtime: "PlateCarrierVest"
 8:59:01.100 [CE][LootRespawner] (PRIDummy) :: Item [13] causing search overtime: "PlateCarrierVest"
 8:59:01.100 [CE][LootRespawner] (PRIDummy) :: Item [14] causing search overtime: "PlateCarrierVest"
 8:59:01.100 [CE][LootRespawner] (PRIDummy) :: Item [15] causing search overtime: "PlateCarrierVest"
 8:59:01.100 [CE][LootRespawner] (PRIDummy) :: Item [16] causing search overtime: "PlateCarrierVest"
 8:59:01.100 [CE][LootRespawner] (PRIDummy) :: Item [17] causing search overtime: "PlateCarrierVest"
 8:59:01.100 [CE][LootRespawner] (PRIDummy) :: Item [18] causing search overtime: "PlateCarrierVest"
 8:59:01.100 [CE][LootRespawner] (PRIDummy) :: Item [19] causing search overtime: "PlateCarrierVest"
 8:59:01.350 [CE][LootRespawner] (PRIDummy) :: Item [0] is hard to place, performance drops: "MSFCBeerZhigulevskoeBarnoe"
 8:59:01.397 [CE][LootRespawner] (PRIDummy) :: Item [1] is hard to place, performance drops: "Defender110_kapot"
 8:59:01.397 [CE][LootRespawner] (PRIDummy) :: Item [2] is hard to place, performance drops: "Defender110_dver_1_2"
 8:59:01.459 [CE][LootRespawner] (PRIDummy) :: Item [3] is hard to place, performance drops: "Breeches_Blue"
 8:59:01.459 [CE][LootRespawner] (PRIDummy) :: Item [4] is hard to place, performance drops: "Breeches_Blue"
 8:59:01.834 [CE][LootRespawner] (PRIDummy) :: Item [5] is hard to place, performance drops: "DirtBikeHelmet_Police"
 8:59:01.944 [CE][LootRespawner] (PRIDummy) :: Item [6] is hard to place, performance drops: "Hatchback_02_Door_1_1_Blue"
 8:59:01.944 [CE][LootRespawner] (PRIDummy) :: Item [7] is hard to place, performance drops: "Hatchback_02_Door_1_1_Blue"
 8:59:02.84 [CE][LootRespawner] (PRIDummy) :: Initially (re)spawned:199, Nominal:32682, Total in Map: 16679 at 0 (sec)
 8:59:02.84   tests:207, repeats:0 fails:8, overtime:12653
 8:59:02.84 [CE][DynEvent] :: 33 types
 8:59:02.84 [00] AmbientHen
 8:59:02.84   Primary Spawner: "Ambient", active: yes, repeat: 1
 8:59:02.84 [01] AnimalBear
 8:59:02.84   Primary Spawner: "Animal", active: yes, repeat: 1
 8:59:02.84 [02] AnimalCow
 8:59:02.84   Primary Spawner: "Animal", active: yes, repeat: 1
 8:59:02.84 [03] AnimalDeer
 8:59:02.84   Primary Spawner: "Animal", active: yes, repeat: 1
 8:59:02.84 [04] AnimalGoat
 8:59:02.84   Primary Spawner: "Animal", active: yes, repeat: 1
 8:59:02.84 [05] AnimalPig
 8:59:02.84   Primary Spawner: "Animal", active: yes, repeat: 1
 8:59:02.84 [06] AnimalRoeDeer
 8:59:02.84   Primary Spawner: "Animal", active: yes, repeat: 1
 8:59:02.84 [07] AnimalSheep
 8:59:02.84   Primary Spawner: "Animal", active: yes, repeat: 1
 8:59:02.84 [08] AnimalWildBoar
 8:59:02.84   Primary Spawner: "Animal", active: yes, repeat: 1
 8:59:02.84 [09] AnimalWolf
 8:59:02.84   Primary Spawner: "Animal", active: yes, repeat: 1
 8:59:02.84 [10] InfectedArmy
 8:59:02.84   Primary Spawner: "Infected", active: yes, repeat: 1
 8:59:02.84 [11] InfectedCity
 8:59:02.84   Primary Spawner: "Infected", active: yes, repeat: 1
 8:59:02.84 [12] InfectedFirefighter
 8:59:02.84   Primary Spawner: "Infected", active: yes, repeat: 1
 8:59:02.84 [13] InfectedIndustrial
 8:59:02.84   Primary Spawner: "Infected", active: yes, repeat: 1
 8:59:02.84 [14] InfectedMedic
 8:59:02.84   Primary Spawner: "Infected", active: yes, repeat: 1
 8:59:02.84 [15] InfectedPolice
 8:59:02.84   Primary Spawner: "Infected", active: yes, repeat: 1
 8:59:02.84 [16] InfectedPrisoner
 8:59:02.84   Primary Spawner: "Infected", active: yes, repeat: 1
 8:59:02.84 [17] InfectedReligious
 8:59:02.84   Primary Spawner: "Infected", active: yes, repeat: 1
 8:59:02.84 [18] InfectedSolitude
 8:59:02.84   Primary Spawner: "Infected", active: yes, repeat: 1
 8:59:02.84 [19] InfectedVillage
 8:59:02.84   Primary Spawner: "Infected", active: yes, repeat: 1
 8:59:02.84 [20] ItemPlanks
 8:59:02.84   Primary Spawner: "Item", active: yes, repeat: 1
 8:59:02.84 [21] Loot
 8:59:02.84   Primary Spawner: "Loot", active: yes, repeat: 2
 8:59:02.84 [22] StaticHeliCrash
 8:59:02.84   Primary Spawner: "Vehicle", active: yes, repeat: 1
 8:59:02.84   Secondary Spawner: "Infected", active: yes, repeat: 1
 8:59:02.84 [23] StaticPoliceCar
 8:59:02.84   Primary Spawner: "Vehicle", active: yes, repeat: 1
 8:59:02.84 [24] TrajectoryConiferous
 8:59:02.84   Primary Spawner: "Trajectory", active: yes, repeat: 1
 8:59:02.84 [25] TrajectoryDeciduous
 8:59:02.84   Primary Spawner: "Trajectory", active: yes, repeat: 1
 8:59:02.84 [26] TrajectoryHumus
 8:59:02.84   Primary Spawner: "Trajectory", active: yes, repeat: 1
 8:59:02.84 [27] TrajectoryStones
 8:59:02.84   Primary Spawner: "Trajectory", active: yes, repeat: 1
 8:59:02.84 [28] VehicleCivilianSedan
 8:59:02.84   Primary Spawner: "Vehicle", active: yes, repeat: 1
 8:59:02.84 [29] VehicleHatchback02
 8:59:02.84   Primary Spawner: "Vehicle", active: yes, repeat: 1
 8:59:02.84 [30] VehicleOffroadHatchback
 8:59:02.84   Primary Spawner: "Vehicle", active: yes, repeat: 1
 8:59:02.84 [31] VehicleSedan02
 8:59:02.84   Primary Spawner: "Vehicle", active: yes, repeat: 1
 8:59:02.84 [32] VehicleCrSk_Land_Rover_Defender_110
 8:59:02.84   Primary Spawner: "Vehicle", active: yes, repeat: 1
 8:59:02.84 [CE][Hive] :: Initializing of spawners done.
 8:59:02.84 [CE][Hive] :: Init sequence finished.
 8:59:02.84 Player connect enabled
 8:59:02.350 Average server FPS: 0.07 (measured interval: 30 s)
 8:59:02.350 Used memory: 1449332 KB
 8:59:02.350 Players: 0 in total
 8:59:32.352 Average server FPS: 2635.03 (measured interval: 30 s)
 8:59:32.352 Used memory: 1569488 KB
 8:59:32.352 Players: 0 in total
 8:59:35.789 [CE][LootRespawner] (PRIDummy) :: Item [8] is hard to place, performance drops: "Defender110_dver_2_1"
 8:59:36.461 [CE][LootRespawner] (PRIDummy) :: Item [9] is hard to place, performance drops: "Defender110_dver_2_2_Red"
 8:59:36.633 [CE][LootRespawner] (PRIDummy) :: Item [10] is hard to place, performance drops: "Defender110_dver_2_2_Green"
 9:00:02.353 Average server FPS: 3079.50 (measured interval: 30 s)
 9:00:02.353 Used memory: 1581989 KB
 9:00:02.353 Players: 0 in total
 9:00:06.682 [Login]: Adding player DirtySanchez (484404128) to login queue at position 0
 9:00:06.682 [LoginMachine]: Add player DirtySanchez (484404128)
 9:00:06.682 [StateMachine]: Player DirtySanchez (dpnid 484404128 uid ) Entering AuthPlayerLoginState
 9:00:07.166 [StateMachine]: Player DirtySanchez (dpnid 484404128 uid ) Entering WaitAuthPlayerLoginState
 9:00:10.619 [StateMachine]: Player DirtySanchez (dpnid 484404128 uid 4Mqulobq2FoykRmOOJXBku52yO4K28dqL5b9VyTT-p0=) Entering DBGetLoginTimeLoginState
 9:00:11.10 [StateMachine]: Player DirtySanchez (dpnid 484404128 uid 4Mqulobq2FoykRmOOJXBku52yO4K28dqL5b9VyTT-p0=) Entering DBWaitLoginTimeLoginState
 9:00:26.167 [StateMachine]: Player DirtySanchez (dpnid 484404128 uid 4Mqulobq2FoykRmOOJXBku52yO4K28dqL5b9VyTT-p0=) Entering DBGetCharacterLoginState
 9:00:26.573 [StateMachine]: Player DirtySanchez (dpnid 484404128 uid 4Mqulobq2FoykRmOOJXBku52yO4K28dqL5b9VyTT-p0=) Entering CreateNetObjectsLoginState
 9:00:26.589 [StateMachine]: Player DirtySanchez (dpnid 484404128 uid 4Mqulobq2FoykRmOOJXBku52yO4K28dqL5b9VyTT-p0=) Entering PreloadCamLoginState
 9:00:26.605 [StateMachine]: Player DirtySanchez (dpnid 484404128 uid 4Mqulobq2FoykRmOOJXBku52yO4K28dqL5b9VyTT-p0=) Entering WaitPreloadCamLoginState
 9:00:31.949 [StateMachine]: Player DirtySanchez (dpnid 484404128 uid 4Mqulobq2FoykRmOOJXBku52yO4K28dqL5b9VyTT-p0=) Entering GetLoadedCharLoginState
 9:00:32.167 <LOAD EXISTING CHAR>:
    charID 3
    playerID 3
    dpnid 484404128
    uid 4Mqulobq2FoykRmOOJXBku52yO4K28dqL5b9VyTT-p0=
 9:00:32.402 Average server FPS: 3007.62 (measured interval: 30 s)
 9:00:32.402 Used memory: 1599256 KB
 9:00:32.402 Players: 1 in total
 9:01:02.481 Average server FPS: 1254.95 (measured interval: 30 s)
 9:01:02.481 Used memory: 1606507 KB
 9:01:02.481 Players: 1 in total
 9:01:32.483 Average server FPS: 1230.97 (measured interval: 30 s)
 9:01:32.483 Used memory: 1617328 KB
 9:01:32.483 Players: 1 in total
 9:02:02.609 Average server FPS: 1289.98 (measured interval: 30 s)
 9:02:02.609 Used memory: 1620825 KB
 9:02:02.609 Players: 1 in total
 9:02:32.595 Average server FPS: 1285.00 (measured interval: 30 s)
 9:02:32.595 Used memory: 1621861 KB
 9:02:32.595 Players: 1 in total
 9:03:02.597 Average server FPS: 1265.83 (measured interval: 30 s)
 9:03:02.597 Used memory: 1626202 KB
 9:03:02.597 Players: 1 in total
 9:03:32.614 Average server FPS: 1304.58 (measured interval: 30 s)
 9:03:32.614 Used memory: 1631692 KB
 9:03:32.614 Players: 1 in total
 9:04:02.616 Average server FPS: 1073.07 (measured interval: 30 s)
 9:04:02.616 Used memory: 1637142 KB
 9:04:02.616 Players: 1 in total
 9:04:32.664 Average server FPS: 1223.49 (measured interval: 30 s)
 9:04:32.664 Used memory: 1641961 KB
 9:04:32.664 Players: 1 in total
 9:05:02.666 Average server FPS: 1220.67 (measured interval: 30 s)
 9:05:02.666 Used memory: 1648853 KB
 9:05:02.666 Players: 1 in total
 9:05:32.683 Average server FPS: 801.63 (measured interval: 30 s)
 9:05:32.683 Used memory: 1652426 KB
 9:05:32.683 Players: 1 in total
 9:06:02.731 Average server FPS: 1194.52 (measured interval: 30 s)
 9:06:02.731 Used memory: 1655687 KB
 9:06:02.731 Players: 1 in total
 9:06:19.60 [CE][LootRespawner] (PRIDummy) :: Item [11] is hard to place, performance drops: "AK74"
 9:06:19.763 [CE][LootRespawner] (PRIDummy) :: Item [12] is hard to place, performance drops: "Winchester70"
 9:06:20.732 [CE][LootRespawner] (PRIDummy) :: Item [13] is hard to place, performance drops: "LeatherSewingKit"
 9:06:21.60 [CE][LootRespawner] (PRIDummy) :: Item [14] is hard to place, performance drops: "MSFCCanteenBlack"
 9:06:32.717 Average server FPS: 1229.90 (measured interval: 30 s)
 9:06:32.717 Used memory: 1660999 KB
 9:06:32.717 Players: 1 in total
 9:07:01.547 [CE][LootRespawner] (PRIDummy) :: Item [15] is hard to place, performance drops: "Lennon_glasses_black_mung"
 9:07:02.859 Average server FPS: 1247.59 (measured interval: 30 s)
 9:07:02.859 Used memory: 1665353 KB
 9:07:02.859 Players: 1 in total
 9:07:32.861 Average server FPS: 1240.16 (measured interval: 30 s)
 9:07:32.861 Used memory: 1684387 KB
 9:07:32.861 Players: 1 in total
 9:08:03.50 Average server FPS: 1210.25 (measured interval: 30 s)
 9:08:03.50 Used memory: 1689207 KB
 9:08:03.50 Players: 1 in total
