

=====================================================================
== D:\DayZServers\TheCommunity_enochTest\DayZTestServer_x64.exe
== "D:\DayZServers\TheCommunity_enochTest\DayZTestServer_x64.exe"  -port=2442 "-mod=@CF;@Community-Online-Tools;@BuildAnywhere;@BaseBuildingLogs;@Trader;@BaseBuildingPlus;@Durable_Suppressors;@VPPMap;@Ear-Plugs;@Catch_Rain;@DayZ-Expansion-Notifications;@DayZ-Expansion-Chat;@No_Shoe_Damage;@Ammo_Making;@Banking;@BuilderItems;@Camosplus;@CannabisPlus;@CheckIdentity;@Code_Lock;@Dayz_Navigation;@FIDOv4;@FlipTransport;@GoreZ;@IRP;@KillFeed;@NoVehicleDamage;@PartyMe;@Modular_Vest_System;@MuchStuffPack;@SWP;@BreachingCharge;@BBPBreachCharge;@MunghardsItempack;@NDVPPM;@Next_Days;@Notes;@SQUAD_MSF-C;@Zeroy-FishingZ;@OP_BaseItems;@Base_Storage;@SIX-DayZ-Auto-Run;@Growler;" -config=D:\DayZServers\TheCommunity_enochTest\TheCommunityDZTest.cfg -profiles=TheCommunityServer -BEPath=D:\DayZServers\TheCommunity_enochTest\battleye -filePatching -adminlog -netlog -freezecheck -scrAllowFileWrite
=====================================================================
Exe timestamp: 2020/04/26 15:56:05
Current time:  2020/05/30 22:47:59

Version 1.07.153006
22:47:59.940 [Inputs] Loading inputs default "bin/constants.xml"
22:47:59.940 [Inputs] Loading inputs default "bin/specific.xml"
22:47:59.940 !!! [Inputs] Invalid input name used "UAUIInspectItem" for context "ui" in "bin/specific.xml"
22:47:59.940 !!! [Inputs] Attempt to register duplicate Modded-Inputs file "VanillaPPMap/data/modded_Inputs.xml"
22:47:59.940 [Inputs] Loading inputs default "EarPlugs\data\inputs.xml"
22:47:59.940 [Inputs] Loading inputs default "JM/COT/scripts/Data/Inputs.xml"
22:47:59.940 [Inputs] Loading inputs default "KillFeed/inputs/Inputs.xml"
22:47:59.940 [Inputs] Loading inputs default "partyme/scripts/partyme_inputs.xml"
22:47:59.955 [Inputs] Loading inputs default "VanillaPPMap/data/modded_Inputs.xml"
22:47:59.955 [Inputs] Loading inputs default "NextDays/data/NextDays_Inputs.xml"
22:47:59.955 [Inputs] Loading inputs default "A3_UI_F/Scripts/Inputs.xml"
22:47:59.955 [Inputs] Loading inputs default "BaseBuildingPlus/Scripts/Data/Inputs.xml"
22:47:59.955 [Inputs] Loading inputs default "VanillaPPMap/data/modded_Inputs.xml"
22:47:59.955 !!! [Inputs] Attempt to register duplicate input "UAOpenVPPMap"
22:47:59.955 !!! [Inputs] Attempt to register duplicate input "UAToggleVPPMap3DMarkers"
22:47:59.955 [Inputs] Loading inputs cfg "TheCommunityServer\Users\Survivor\Server.core.xml"
22:47:59.955 [Inputs] Exporting inputs cfg "TheCommunityServer\Users\Survivor\Server.core.xml"
22:48:00.268 !!! [Inputs] Attempt to register "PMHideShowTrackers" input twice
22:48:47.254 [CE][Hive] :: Initializing OFFLINE
22:48:47.254 [CE][Hive] :: Loading core data ... 
22:48:47.254 [CE][CoreData] :: 7 root classes, 19 defaults, 0 updaters...
22:48:52.708 [CE][RegisterBind] :: 0 classes binded...
22:48:52.708 [CE][RegisterConfig] :: 10213 config classes registered, 0 sub-counters...
22:48:52.708 [CE][Hive] :: Loading map data ... 
22:48:52.739 !!! [CE] :: Unknown category: 'vehicleparts'.
22:48:52.739 [CE][LoadPrototype] :: loaded 330 prototypes
22:48:52.739   702 containers, 9116 points
22:48:52.739   24 dispatches, 90 proxies
22:48:52.739 !!! [CE][LoadPrototype] 12 groups have no points...
22:48:52.739 !!![CE][LoadPrototype]  3 groups have wrong points...
22:48:52.739 [CE][LoadPrototype] :: last group name: Land_Lunapark_Autodrome...
22:48:52.755 [CE][LoadPrototype] :: loaded 0 prototypes
22:48:52.755   0 containers, 0 points
22:48:52.755   0 dispatches, 0 proxies
22:48:52.755 [CE][LoadPrototype] :: last group name: PathD_7100...
22:48:53.52 [CE][LoadMap] "Group" :: loaded 5086 groups, largest group range: 26.9
22:48:53.52 [CE][LoadMap] "Dirt" :: loaded 0 groups, largest group range: 26.9
22:48:53.161 [CE][Links] found 354 total links between groups, of 5086
22:48:53.161 [CE][LoadClusters] "Cluster" :: Loading files...
22:48:53.364 [CE][LoadClusters] :: file: "mapgroupcluster.xml", 4 types, 50000 instances
22:48:53.567 [CE][LoadClusters] :: file: "mapgroupcluster01", 4 types, 50000 instances
22:48:53.786 [CE][LoadClusters] :: file: "mapgroupcluster02", 4 types, 50000 instances
22:48:54.05 [CE][LoadClusters] :: file: "mapgroupcluster03", 4 types, 50000 instances
22:48:54.99 [CE][LoadClusters] :: file: "mapgroupcluster04", 4 types, 21297 instances
22:48:54.114 [CE][Storage] ver:21 stamp:54138, valid:yes, name:"mpmissions\TheCommunity.enoch\storage_666\data\types.bin"
22:48:54.114 [CE][Storage] ver:21 stamp:54138, valid:yes, name:"mpmissions\TheCommunity.enoch\storage_666\data\types.001"
22:48:54.114 [CE][Storage] ver:21 stamp:54136, valid:yes, name:"mpmissions\TheCommunity.enoch\storage_666\data\types.002"
22:48:54.114 [CE][Storage] Restoring file "mpmissions\TheCommunity.enoch\storage_666\data\types.bin".
22:48:54.333 [CE][offlineDB] :: Loaded 33 dynamic events 215 total types 0 total positions.
22:48:54.380 [CE][Storage] ver:21 stamp:54138, valid:yes, name:"mpmissions\TheCommunity.enoch\storage_666\data\events.bin"
22:48:54.380 [CE][Storage] ver:21 stamp:54138, valid:yes, name:"mpmissions\TheCommunity.enoch\storage_666\data\events.001"
22:48:54.380 [CE][Storage] ver:21 stamp:54136, valid:yes, name:"mpmissions\TheCommunity.enoch\storage_666\data\events.002"
22:48:54.380 [CE][Storage] Restoring file "mpmissions\TheCommunity.enoch\storage_666\data\events.bin".
22:48:54.380 [CE][DynamicEvent] Load  Events:[33] Primary spawners: 33 Secondary spawners: 1
22:48:54.380 [CE][Storage] ver:24 stamp:54138, valid:yes, name:"mpmissions\TheCommunity.enoch\storage_666\data\vehicles.bin"
22:48:54.380 [CE][Storage] ver:24 stamp:54138, valid:yes, name:"mpmissions\TheCommunity.enoch\storage_666\data\vehicles.001"
22:48:54.380 [CE][Storage] ver:24 stamp:54136, valid:yes, name:"mpmissions\TheCommunity.enoch\storage_666\data\vehicles.002"
22:48:54.380 [CE][Storage] Restoring file "mpmissions\TheCommunity.enoch\storage_666\data\vehicles.bin" 127 items.
22:48:54.520   127 items loaded.
22:48:54.520 [CE][Storage] ver:24 stamp:54138, valid:yes, name:"mpmissions\TheCommunity.enoch\storage_666\data\dynamic_000.bin"
22:48:54.536 [CE][Storage] ver:24 stamp:54138, valid:yes, name:"mpmissions\TheCommunity.enoch\storage_666\data\dynamic_000.001"
22:48:54.536 [CE][Storage] ver:24 stamp:54136, valid:yes, name:"mpmissions\TheCommunity.enoch\storage_666\data\dynamic_000.002"
22:48:54.536 [CE][Storage] Restoring file "mpmissions\TheCommunity.enoch\storage_666\data\dynamic_000.bin" 331 items.
22:48:54.755   331 items loaded.
22:48:54.755 [CE][Storage] ver:24 stamp:54138, valid:yes, name:"mpmissions\TheCommunity.enoch\storage_666\data\dynamic_001.bin"
22:48:54.755 [CE][Storage] ver:24 stamp:54138, valid:yes, name:"mpmissions\TheCommunity.enoch\storage_666\data\dynamic_001.001"
22:48:54.755 [CE][Storage] ver:24 stamp:54136, valid:yes, name:"mpmissions\TheCommunity.enoch\storage_666\data\dynamic_001.002"
22:48:54.755 [CE][Storage] Restoring file "mpmissions\TheCommunity.enoch\storage_666\data\dynamic_001.bin" 2108 items.
22:48:55.489   2108 items loaded.
22:48:55.489 [CE][Storage] ver:24 stamp:54138, valid:yes, name:"mpmissions\TheCommunity.enoch\storage_666\data\dynamic_002.bin"
22:48:55.489 [CE][Storage] ver:24 stamp:54138, valid:yes, name:"mpmissions\TheCommunity.enoch\storage_666\data\dynamic_002.001"
22:48:55.505 [CE][Storage] ver:24 stamp:54136, valid:yes, name:"mpmissions\TheCommunity.enoch\storage_666\data\dynamic_002.002"
22:48:55.505 [CE][Storage] Restoring file "mpmissions\TheCommunity.enoch\storage_666\data\dynamic_002.bin" 613 items.
22:48:55.724   613 items loaded.
22:48:55.724 [CE][Storage] ver:24 stamp:54138, valid:yes, name:"mpmissions\TheCommunity.enoch\storage_666\data\dynamic_003.bin"
22:48:55.724 [CE][Storage] ver:24 stamp:54138, valid:yes, name:"mpmissions\TheCommunity.enoch\storage_666\data\dynamic_003.001"
22:48:55.724 [CE][Storage] ver:24 stamp:54136, valid:yes, name:"mpmissions\TheCommunity.enoch\storage_666\data\dynamic_003.002"
22:48:55.724 [CE][Storage] Restoring file "mpmissions\TheCommunity.enoch\storage_666\data\dynamic_003.bin" 1162 items.
22:48:56.99   1162 items loaded.
22:48:56.99 [CE][Storage] ver:24 stamp:54138, valid:yes, name:"mpmissions\TheCommunity.enoch\storage_666\data\dynamic_004.bin"
22:48:56.99 [CE][Storage] ver:24 stamp:54138, valid:yes, name:"mpmissions\TheCommunity.enoch\storage_666\data\dynamic_004.001"
22:48:56.99 [CE][Storage] ver:24 stamp:54136, valid:yes, name:"mpmissions\TheCommunity.enoch\storage_666\data\dynamic_004.002"
22:48:56.99 [CE][Storage] Restoring file "mpmissions\TheCommunity.enoch\storage_666\data\dynamic_004.bin" 1541 items.
22:48:56.661   1541 items loaded.
22:48:56.661 [CE][Storage] ver:24 stamp:54138, valid:yes, name:"mpmissions\TheCommunity.enoch\storage_666\data\dynamic_005.bin"
22:48:56.677 [CE][Storage] ver:24 stamp:54138, valid:yes, name:"mpmissions\TheCommunity.enoch\storage_666\data\dynamic_005.001"
22:48:56.677 [CE][Storage] ver:24 stamp:54136, valid:yes, name:"mpmissions\TheCommunity.enoch\storage_666\data\dynamic_005.002"
22:48:56.677 [CE][Storage] Restoring file "mpmissions\TheCommunity.enoch\storage_666\data\dynamic_005.bin" 1876 items.
22:48:57.239   1876 items loaded.
22:48:57.239 [CE][Storage] ver:24 stamp:54138, valid:yes, name:"mpmissions\TheCommunity.enoch\storage_666\data\dynamic_006.bin"
22:48:57.239 [CE][Storage] ver:24 stamp:54138, valid:yes, name:"mpmissions\TheCommunity.enoch\storage_666\data\dynamic_006.001"
22:48:57.239 [CE][Storage] ver:24 stamp:54136, valid:yes, name:"mpmissions\TheCommunity.enoch\storage_666\data\dynamic_006.002"
22:48:57.239 [CE][Storage] Restoring file "mpmissions\TheCommunity.enoch\storage_666\data\dynamic_006.bin" 1042 items.
22:48:57.614   1042 items loaded.
22:48:57.614 [CE][Storage] ver:24 stamp:54138, valid:yes, name:"mpmissions\TheCommunity.enoch\storage_666\data\dynamic_007.bin"
22:48:57.614 [CE][Storage] ver:24 stamp:54138, valid:yes, name:"mpmissions\TheCommunity.enoch\storage_666\data\dynamic_007.001"
22:48:57.614 [CE][Storage] ver:24 stamp:54136, valid:yes, name:"mpmissions\TheCommunity.enoch\storage_666\data\dynamic_007.002"
22:48:57.614 [CE][Storage] Restoring file "mpmissions\TheCommunity.enoch\storage_666\data\dynamic_007.bin" 1347 items.
22:48:58.99   1347 items loaded.
22:48:58.99 [CE][Storage] ver:24 stamp:54138, valid:yes, name:"mpmissions\TheCommunity.enoch\storage_666\data\dynamic_008.bin"
22:48:58.99 [CE][Storage] ver:24 stamp:54138, valid:yes, name:"mpmissions\TheCommunity.enoch\storage_666\data\dynamic_008.001"
22:48:58.99 [CE][Storage] ver:24 stamp:54136, valid:yes, name:"mpmissions\TheCommunity.enoch\storage_666\data\dynamic_008.002"
22:48:58.99 [CE][Storage] Restoring file "mpmissions\TheCommunity.enoch\storage_666\data\dynamic_008.bin" 1142 items.
22:48:58.427   1142 items loaded.
22:48:58.427 [CE][Storage] ver:24 stamp:54138, valid:yes, name:"mpmissions\TheCommunity.enoch\storage_666\data\dynamic_009.bin"
22:48:58.427 [CE][Storage] ver:24 stamp:54138, valid:yes, name:"mpmissions\TheCommunity.enoch\storage_666\data\dynamic_009.001"
22:48:58.427 [CE][Storage] ver:24 stamp:54136, valid:yes, name:"mpmissions\TheCommunity.enoch\storage_666\data\dynamic_009.002"
22:48:58.427 [CE][Storage] Restoring file "mpmissions\TheCommunity.enoch\storage_666\data\dynamic_009.bin" 1087 items.
22:48:58.786   1087 items loaded.
22:48:58.802 [CE][Storage] ver:24 stamp:54138, valid:yes, name:"mpmissions\TheCommunity.enoch\storage_666\data\dynamic_010.bin"
22:48:58.802 [CE][Storage] ver:24 stamp:54138, valid:yes, name:"mpmissions\TheCommunity.enoch\storage_666\data\dynamic_010.001"
22:48:58.802 [CE][Storage] ver:24 stamp:54136, valid:yes, name:"mpmissions\TheCommunity.enoch\storage_666\data\dynamic_010.002"
22:48:58.802 [CE][Storage] Restoring file "mpmissions\TheCommunity.enoch\storage_666\data\dynamic_010.bin" 2546 items.
22:48:59.505   2546 items loaded.
22:48:59.505 [CE][Storage] ver:24 stamp:54138, valid:yes, name:"mpmissions\TheCommunity.enoch\storage_666\data\dynamic_011.bin"
22:48:59.505 [CE][Storage] ver:24 stamp:54138, valid:yes, name:"mpmissions\TheCommunity.enoch\storage_666\data\dynamic_011.001"
22:48:59.505 [CE][Storage] ver:24 stamp:54136, valid:yes, name:"mpmissions\TheCommunity.enoch\storage_666\data\dynamic_011.002"
22:48:59.505 [CE][Storage] Restoring file "mpmissions\TheCommunity.enoch\storage_666\data\dynamic_011.bin" 359 items.
22:48:59.614   359 items loaded.
22:48:59.646 [CE][Hive] :: Storage load took:5.27 seconds, recovery stamp:54138
22:48:59.646   entity: 15966, building: 0
22:48:59.646   no lifetime: 48
22:48:59.646 [CE][Hive] :: Initializing ... 
22:48:59.661 [CE][InitializeMap] :: initialized: 0
22:48:59.661 [CE][Hive] :: Initializing spawners ... 
22:49:01.458 [CE][LootRespawner] (PRIDummy) :: Item [0] causing search overtime: "SWP_AWM_Mag"
22:49:01.458 [CE][LootRespawner] (PRIDummy) :: Item [1] causing search overtime: "SWP_AWM_Mag"
22:49:01.458 [CE][LootRespawner] (PRIDummy) :: Item [2] causing search overtime: "SWP_AWM_Mag"
22:49:01.458 [CE][LootRespawner] (PRIDummy) :: Item [3] causing search overtime: "SWP_AWM_Mag"
22:49:01.458 [CE][LootRespawner] (PRIDummy) :: Item [4] causing search overtime: "SWP_AWM_Mag"
22:49:01.458 [CE][LootRespawner] (PRIDummy) :: Item [5] causing search overtime: "SWP_AWM_Mag"
22:49:01.458 [CE][LootRespawner] (PRIDummy) :: Item [6] causing search overtime: "SWP_AWM_Mag"
22:49:01.458 [CE][LootRespawner] (PRIDummy) :: Item [7] causing search overtime: "SWP_AWM_Mag"
22:49:01.458 [CE][LootRespawner] (PRIDummy) :: Item [8] causing search overtime: "SWP_AWM_Mag"
22:49:01.458 [CE][LootRespawner] (PRIDummy) :: Item [9] causing search overtime: "SWP_AWM_Mag"
22:49:01.458 [CE][LootRespawner] (PRIDummy) :: Item [10] causing search overtime: "SWP_AWM_Mag"
22:49:01.458 [CE][LootRespawner] (PRIDummy) :: Item [11] causing search overtime: "SWP_AWM_Mag"
22:49:01.458 [CE][LootRespawner] (PRIDummy) :: Item [12] causing search overtime: "SWP_AWM_Mag"
22:49:01.458 [CE][LootRespawner] (PRIDummy) :: Item [13] causing search overtime: "SWP_AWM_Mag"
22:49:01.458 [CE][LootRespawner] (PRIDummy) :: Item [14] causing search overtime: "SWP_AWM_Mag"
22:49:01.458 [CE][LootRespawner] (PRIDummy) :: Item [15] causing search overtime: "PlateCarrierVest"
22:49:01.458 [CE][LootRespawner] (PRIDummy) :: Item [16] causing search overtime: "PlateCarrierVest"
22:49:01.458 [CE][LootRespawner] (PRIDummy) :: Item [17] causing search overtime: "PlateCarrierVest"
22:49:01.458 [CE][LootRespawner] (PRIDummy) :: Item [18] causing search overtime: "PlateCarrierVest"
22:49:01.458 [CE][LootRespawner] (PRIDummy) :: Item [19] causing search overtime: "PlateCarrierVest"
22:49:01.521 [CE][LootRespawner] (PRIDummy) :: Item [0] is hard to place, performance drops: "Snipe_Mask_tan"
22:49:01.521 [CE][LootRespawner] (PRIDummy) :: Item [1] is hard to place, performance drops: "Snipe_Mask_tan"
22:49:01.708 [CE][LootRespawner] (PRIDummy) :: Item [2] is hard to place, performance drops: "PressVest_Blue"
22:49:01.740 [CE][LootRespawner] (PRIDummy) :: Item [3] is hard to place, performance drops: "MSFCBeerZhigulevskoeBarnoe"
22:49:01.990 [CE][LootRespawner] (PRIDummy) :: Item [4] is hard to place, performance drops: "BaseballCap_Red"
22:49:01.990 [CE][LootRespawner] (PRIDummy) :: Item [5] is hard to place, performance drops: "BaseballCap_Red"
22:49:02.05 [CE][LootRespawner] (PRIDummy) :: Item [6] is hard to place, performance drops: "TacticalShirt_Grey"
22:49:02.36 [CE][LootRespawner] (PRIDummy) :: Item [7] is hard to place, performance drops: "Defender110_dver_2_1_UN"
22:49:02.177 [CE][LootRespawner] (PRIDummy) :: Item [8] is hard to place, performance drops: "CanvasPants_Blue"
22:49:02.224 [CE][LootRespawner] (PRIDummy) :: Item [9] is hard to place, performance drops: "RadarCap_Red"
22:49:02.599 [CE][LootRespawner] (PRIDummy) :: Item [10] is hard to place, performance drops: "BaseballCap_CMMG_Black"
22:49:02.599 [CE][LootRespawner] (PRIDummy) :: Initially (re)spawned:812, Nominal:32677, Total in Map: 16143 at 1 (sec)
22:49:02.599   tests:823, repeats:0 fails:11, overtime:12760
22:49:02.599 [CE][DynEvent] :: 33 types
22:49:02.599 [00] AmbientHen
22:49:02.599   Primary Spawner: "Ambient", active: yes, repeat: 1
22:49:02.599 [01] AnimalBear
22:49:02.599   Primary Spawner: "Animal", active: yes, repeat: 1
22:49:02.599 [02] AnimalCow
22:49:02.599   Primary Spawner: "Animal", active: yes, repeat: 1
22:49:02.599 [03] AnimalDeer
22:49:02.599   Primary Spawner: "Animal", active: yes, repeat: 1
22:49:02.599 [04] AnimalGoat
22:49:02.599   Primary Spawner: "Animal", active: yes, repeat: 1
22:49:02.599 [05] AnimalPig
22:49:02.599   Primary Spawner: "Animal", active: yes, repeat: 1
22:49:02.599 [06] AnimalRoeDeer
22:49:02.599   Primary Spawner: "Animal", active: yes, repeat: 1
22:49:02.599 [07] AnimalSheep
22:49:02.599   Primary Spawner: "Animal", active: yes, repeat: 1
22:49:02.599 [08] AnimalWildBoar
22:49:02.599   Primary Spawner: "Animal", active: yes, repeat: 1
22:49:02.599 [09] AnimalWolf
22:49:02.599   Primary Spawner: "Animal", active: yes, repeat: 1
22:49:02.599 [10] InfectedArmy
22:49:02.599   Primary Spawner: "Infected", active: yes, repeat: 1
22:49:02.599 [11] InfectedCity
22:49:02.599   Primary Spawner: "Infected", active: yes, repeat: 1
22:49:02.599 [12] InfectedFirefighter
22:49:02.599   Primary Spawner: "Infected", active: yes, repeat: 1
22:49:02.599 [13] InfectedIndustrial
22:49:02.599   Primary Spawner: "Infected", active: yes, repeat: 1
22:49:02.599 [14] InfectedMedic
22:49:02.599   Primary Spawner: "Infected", active: yes, repeat: 1
22:49:02.599 [15] InfectedPolice
22:49:02.599   Primary Spawner: "Infected", active: yes, repeat: 1
22:49:02.599 [16] InfectedPrisoner
22:49:02.599   Primary Spawner: "Infected", active: yes, repeat: 1
22:49:02.599 [17] InfectedReligious
22:49:02.599   Primary Spawner: "Infected", active: yes, repeat: 1
22:49:02.599 [18] InfectedSolitude
22:49:02.599   Primary Spawner: "Infected", active: yes, repeat: 1
22:49:02.599 [19] InfectedVillage
22:49:02.599   Primary Spawner: "Infected", active: yes, repeat: 1
22:49:02.599 [20] ItemPlanks
22:49:02.599   Primary Spawner: "Item", active: yes, repeat: 1
22:49:02.599 [21] Loot
