

=====================================================================
== D:\DayZServers\TheCommunity_enochTest\DayZTestServer_x64.exe
== "D:\DayZServers\TheCommunity_enochTest\DayZTestServer_x64.exe"  -port=2442 "-mod=@CF;@Community-Online-Tools;@BuildAnywhere;@BaseBuildingLogs;@Trader;@BaseBuildingPlus;@Durable_Suppressors;@VPPMap;@Ear-Plugs;@Catch_Rain;@DayZ-Expansion-Notifications;@DayZ-Expansion-Chat;@No_Shoe_Damage;@Ammo_Making;@Banking;@BuilderItems;@Camosplus;@CannabisPlus;@CheckIdentity;@Code_Lock;@Dayz_Navigation;@FIDOv4;@FlipTransport;@GoreZ;@IRP;@KillFeed;@NoVehicleDamage;@PartyMe;@Modular_Vest_System;@MuchStuffPack;@SWP;@BreachingCharge;@BBPBreachCharge;@MunghardsItempack;@NDVPPM;@Next_Days;@Notes;@SQUAD_MSF-C;@Zeroy-FishingZ;@OP_BaseItems;@Base_Storage;@SIX-DayZ-Auto-Run;" -config=D:\DayZServers\TheCommunity_enochTest\TheCommunityDZTest.cfg -profiles=TheCommunityServer -BEPath=D:\DayZServers\TheCommunity_enochTest\battleye -filePatching -adminlog -netlog -freezecheck -scrAllowFileWrite
=====================================================================
Exe timestamp: 2020/04/26 15:56:05
Current time:  2020/05/18 04:30:50

Version 1.07.153006
 4:30:50.123 [Inputs] Loading inputs default "bin/constants.xml"
 4:30:50.123 [Inputs] Loading inputs default "bin/specific.xml"
 4:30:50.123 !!! [Inputs] Invalid input name used "UAUIInspectItem" for context "ui" in "bin/specific.xml"
 4:30:50.123 !!! [Inputs] Attempt to register duplicate Modded-Inputs file "VanillaPPMap/data/modded_Inputs.xml"
 4:30:50.123 [Inputs] Loading inputs default "EarPlugs\data\inputs.xml"
 4:30:50.123 [Inputs] Loading inputs default "JM/COT/scripts/Data/Inputs.xml"
 4:30:50.123 [Inputs] Loading inputs default "KillFeed/inputs/Inputs.xml"
 4:30:50.123 [Inputs] Loading inputs default "partyme/scripts/partyme_inputs.xml"
 4:30:50.123 [Inputs] Loading inputs default "VanillaPPMap/data/modded_Inputs.xml"
 4:30:50.123 [Inputs] Loading inputs default "NextDays/data/NextDays_Inputs.xml"
 4:30:50.123 [Inputs] Loading inputs default "A3_UI_F/Scripts/Inputs.xml"
 4:30:50.123 [Inputs] Loading inputs default "BaseBuildingPlus/Scripts/Data/Inputs.xml"
 4:30:50.123 [Inputs] Loading inputs default "VanillaPPMap/data/modded_Inputs.xml"
 4:30:50.123 !!! [Inputs] Attempt to register duplicate input "UAOpenVPPMap"
 4:30:50.123 !!! [Inputs] Attempt to register duplicate input "UAToggleVPPMap3DMarkers"
 4:30:50.123 [Inputs] Loading inputs cfg "TheCommunityServer\Users\Survivor\Server.core.xml"
 4:30:50.123 [Inputs] Exporting inputs cfg "TheCommunityServer\Users\Survivor\Server.core.xml"
 4:30:50.436 !!! [Inputs] Attempt to register "PMHideShowTrackers" input twice
 4:31:38.345 [CE][Hive] :: Initializing OFFLINE
 4:31:38.345 [CE][Hive] :: Loading core data ... 
 4:31:38.345 [CE][CoreData] :: 7 root classes, 19 defaults, 0 updaters...
 4:31:43.814 [CE][RegisterBind] :: 0 classes binded...
 4:31:43.814 [CE][RegisterConfig] :: 10093 config classes registered, 0 sub-counters...
 4:31:43.814 [CE][Hive] :: Loading map data ... 
 4:31:43.860 !!! [CE] :: Unknown category: 'vehicleparts'.
 4:31:43.860 [CE][LoadPrototype] :: loaded 330 prototypes
 4:31:43.860   702 containers, 9116 points
 4:31:43.860   24 dispatches, 90 proxies
 4:31:43.860 !!! [CE][LoadPrototype] 12 groups have no points...
 4:31:43.860 !!![CE][LoadPrototype]  3 groups have wrong points...
 4:31:43.860 [CE][LoadPrototype] :: last group name: Land_Lunapark_Autodrome...
 4:31:43.860 [CE][LoadPrototype] :: loaded 0 prototypes
 4:31:43.860   0 containers, 0 points
 4:31:43.860   0 dispatches, 0 proxies
 4:31:43.860 [CE][LoadPrototype] :: last group name: PathD_7100...
 4:31:44.173 [CE][LoadMap] "Group" :: loaded 5086 groups, largest group range: 26.9
 4:31:44.173 [CE][LoadMap] "Dirt" :: loaded 0 groups, largest group range: 26.9
 4:31:44.267 [CE][Links] found 354 total links between groups, of 5086
 4:31:44.267 [CE][LoadClusters] "Cluster" :: Loading files...
 4:31:44.485 [CE][LoadClusters] :: file: "mapgroupcluster.xml", 4 types, 50000 instances
 4:31:44.689 [CE][LoadClusters] :: file: "mapgroupcluster01", 4 types, 50000 instances
 4:31:44.907 [CE][LoadClusters] :: file: "mapgroupcluster02", 4 types, 50000 instances
 4:31:45.126 [CE][LoadClusters] :: file: "mapgroupcluster03", 4 types, 50000 instances
 4:31:45.236 [CE][LoadClusters] :: file: "mapgroupcluster04", 4 types, 21297 instances
 4:31:45.298 [CE][Storage] ver:21 stamp:37598, valid:yes, name:"mpmissions\TheCommunity.enoch\storage_666\data\types.bin"
 4:31:45.298 [CE][Storage] ver:21 stamp:37595, valid:yes, name:"mpmissions\TheCommunity.enoch\storage_666\data\types.001"
 4:31:45.298 [CE][Storage] ver:21 stamp:37596, valid:yes, name:"mpmissions\TheCommunity.enoch\storage_666\data\types.002"
 4:31:45.298 [CE][Storage] Restoring file "mpmissions\TheCommunity.enoch\storage_666\data\types.bin".
 4:31:45.501 [CE][offlineDB] :: Loaded 33 dynamic events 215 total types 0 total positions.
 4:31:45.564 [CE][Storage] ver:21 stamp:37598, valid:yes, name:"mpmissions\TheCommunity.enoch\storage_666\data\events.bin"
 4:31:45.564 [CE][Storage] ver:21 stamp:37595, valid:yes, name:"mpmissions\TheCommunity.enoch\storage_666\data\events.001"
 4:31:45.564 [CE][Storage] ver:21 stamp:37596, valid:yes, name:"mpmissions\TheCommunity.enoch\storage_666\data\events.002"
 4:31:45.564 [CE][Storage] Restoring file "mpmissions\TheCommunity.enoch\storage_666\data\events.bin".
 4:31:45.564 [CE][DynamicEvent] Load  Events:[33] Primary spawners: 33 Secondary spawners: 1
 4:31:45.564 [CE][Storage] ver:24 stamp:37598, valid:yes, name:"mpmissions\TheCommunity.enoch\storage_666\data\vehicles.bin"
 4:31:45.564 [CE][Storage] ver:24 stamp:37595, valid:yes, name:"mpmissions\TheCommunity.enoch\storage_666\data\vehicles.001"
 4:31:45.564 [CE][Storage] ver:24 stamp:37596, valid:yes, name:"mpmissions\TheCommunity.enoch\storage_666\data\vehicles.002"
 4:31:45.564 [CE][Storage] Restoring file "mpmissions\TheCommunity.enoch\storage_666\data\vehicles.bin" 116 items.
 4:31:45.720   116 items loaded.
 4:31:45.720 [CE][Storage] ver:24 stamp:37598, valid:yes, name:"mpmissions\TheCommunity.enoch\storage_666\data\dynamic_000.bin"
 4:31:45.720 [CE][Storage] ver:24 stamp:37595, valid:yes, name:"mpmissions\TheCommunity.enoch\storage_666\data\dynamic_000.001"
 4:31:45.720 [CE][Storage] ver:24 stamp:37596, valid:yes, name:"mpmissions\TheCommunity.enoch\storage_666\data\dynamic_000.002"
 4:31:45.720 [CE][Storage] Restoring file "mpmissions\TheCommunity.enoch\storage_666\data\dynamic_000.bin" 349 items.
 4:31:45.954   349 items loaded.
 4:31:45.954 [CE][Storage] ver:24 stamp:37598, valid:yes, name:"mpmissions\TheCommunity.enoch\storage_666\data\dynamic_001.bin"
 4:31:45.954 [CE][Storage] ver:24 stamp:37595, valid:yes, name:"mpmissions\TheCommunity.enoch\storage_666\data\dynamic_001.001"
 4:31:45.954 [CE][Storage] ver:24 stamp:37596, valid:yes, name:"mpmissions\TheCommunity.enoch\storage_666\data\dynamic_001.002"
 4:31:45.954 [CE][Storage] Restoring file "mpmissions\TheCommunity.enoch\storage_666\data\dynamic_001.bin" 2065 items.
 4:31:46.673   2065 items loaded.
 4:31:46.673 [CE][Storage] ver:24 stamp:37598, valid:yes, name:"mpmissions\TheCommunity.enoch\storage_666\data\dynamic_002.bin"
 4:31:46.673 [CE][Storage] ver:24 stamp:37595, valid:yes, name:"mpmissions\TheCommunity.enoch\storage_666\data\dynamic_002.001"
 4:31:46.673 [CE][Storage] ver:24 stamp:37596, valid:yes, name:"mpmissions\TheCommunity.enoch\storage_666\data\dynamic_002.002"
 4:31:46.673 [CE][Storage] Restoring file "mpmissions\TheCommunity.enoch\storage_666\data\dynamic_002.bin" 608 items.
 4:31:46.876   608 items loaded.
 4:31:46.876 [CE][Storage] ver:24 stamp:37598, valid:yes, name:"mpmissions\TheCommunity.enoch\storage_666\data\dynamic_003.bin"
 4:31:46.892 [CE][Storage] ver:24 stamp:37595, valid:yes, name:"mpmissions\TheCommunity.enoch\storage_666\data\dynamic_003.001"
 4:31:46.892 [CE][Storage] ver:24 stamp:37596, valid:yes, name:"mpmissions\TheCommunity.enoch\storage_666\data\dynamic_003.002"
 4:31:46.892 [CE][Storage] Restoring file "mpmissions\TheCommunity.enoch\storage_666\data\dynamic_003.bin" 1159 items.
 4:31:47.220   1159 items loaded.
 4:31:47.236 [CE][Storage] ver:24 stamp:37598, valid:yes, name:"mpmissions\TheCommunity.enoch\storage_666\data\dynamic_004.bin"
 4:31:47.236 [CE][Storage] ver:24 stamp:37595, valid:yes, name:"mpmissions\TheCommunity.enoch\storage_666\data\dynamic_004.001"
 4:31:47.236 [CE][Storage] ver:24 stamp:37596, valid:yes, name:"mpmissions\TheCommunity.enoch\storage_666\data\dynamic_004.002"
 4:31:47.236 [CE][Storage] Restoring file "mpmissions\TheCommunity.enoch\storage_666\data\dynamic_004.bin" 1571 items.
 4:31:47.783   1571 items loaded.
 4:31:47.783 [CE][Storage] ver:24 stamp:37598, valid:yes, name:"mpmissions\TheCommunity.enoch\storage_666\data\dynamic_005.bin"
 4:31:47.783 !!! [CE][Storage] Failed to read [Storage] data file "mpmissions\TheCommunity.enoch\storage_666\data\dynamic_005.001".
 4:31:47.783   File not closed...
 4:31:47.783 [CE][Storage] ver:24 stamp:37598, valid:NO, name:"mpmissions\TheCommunity.enoch\storage_666\data\dynamic_005.001"
 4:31:47.783 [CE][Storage] ver:24 stamp:37596, valid:yes, name:"mpmissions\TheCommunity.enoch\storage_666\data\dynamic_005.002"
 4:31:47.783 [CE][Storage] Restoring file "mpmissions\TheCommunity.enoch\storage_666\data\dynamic_005.bin" 1974 items.
 4:31:48.423   1974 items loaded.
 4:31:48.423 [CE][Storage] ver:24 stamp:37598, valid:yes, name:"mpmissions\TheCommunity.enoch\storage_666\data\dynamic_006.bin"
 4:31:48.423 [CE][Storage] ver:24 stamp:37598, valid:yes, name:"mpmissions\TheCommunity.enoch\storage_666\data\dynamic_006.001"
 4:31:48.423 [CE][Storage] ver:24 stamp:37596, valid:yes, name:"mpmissions\TheCommunity.enoch\storage_666\data\dynamic_006.002"
 4:31:48.423 [CE][Storage] Restoring file "mpmissions\TheCommunity.enoch\storage_666\data\dynamic_006.bin" 1026 items.
 4:31:48.767   1026 items loaded.
 4:31:48.767 [CE][Storage] ver:24 stamp:37598, valid:yes, name:"mpmissions\TheCommunity.enoch\storage_666\data\dynamic_007.bin"
 4:31:48.767 [CE][Storage] ver:24 stamp:37598, valid:yes, name:"mpmissions\TheCommunity.enoch\storage_666\data\dynamic_007.001"
 4:31:48.767 [CE][Storage] ver:24 stamp:37596, valid:yes, name:"mpmissions\TheCommunity.enoch\storage_666\data\dynamic_007.002"
 4:31:48.767 [CE][Storage] Restoring file "mpmissions\TheCommunity.enoch\storage_666\data\dynamic_007.bin" 1299 items.
 4:31:49.220   1299 items loaded.
 4:31:49.220 [CE][Storage] ver:24 stamp:37598, valid:yes, name:"mpmissions\TheCommunity.enoch\storage_666\data\dynamic_008.bin"
 4:31:49.220 [CE][Storage] ver:24 stamp:37598, valid:yes, name:"mpmissions\TheCommunity.enoch\storage_666\data\dynamic_008.001"
 4:31:49.220 [CE][Storage] ver:24 stamp:37596, valid:yes, name:"mpmissions\TheCommunity.enoch\storage_666\data\dynamic_008.002"
 4:31:49.220 [CE][Storage] Restoring file "mpmissions\TheCommunity.enoch\storage_666\data\dynamic_008.bin" 1157 items.
 4:31:49.579   1157 items loaded.
 4:31:49.595 [CE][Storage] ver:24 stamp:37598, valid:yes, name:"mpmissions\TheCommunity.enoch\storage_666\data\dynamic_009.bin"
 4:31:49.595 [CE][Storage] ver:24 stamp:37598, valid:yes, name:"mpmissions\TheCommunity.enoch\storage_666\data\dynamic_009.001"
 4:31:49.595 [CE][Storage] ver:24 stamp:37596, valid:yes, name:"mpmissions\TheCommunity.enoch\storage_666\data\dynamic_009.002"
 4:31:49.595 [CE][Storage] Restoring file "mpmissions\TheCommunity.enoch\storage_666\data\dynamic_009.bin" 1027 items.
 4:31:49.939   1027 items loaded.
 4:31:49.939 [CE][Storage] ver:24 stamp:37598, valid:yes, name:"mpmissions\TheCommunity.enoch\storage_666\data\dynamic_010.bin"
 4:31:49.939 [CE][Storage] ver:24 stamp:37598, valid:yes, name:"mpmissions\TheCommunity.enoch\storage_666\data\dynamic_010.001"
 4:31:49.939 [CE][Storage] ver:24 stamp:37596, valid:yes, name:"mpmissions\TheCommunity.enoch\storage_666\data\dynamic_010.002"
 4:31:49.939 [CE][Storage] Restoring file "mpmissions\TheCommunity.enoch\storage_666\data\dynamic_010.bin" 2398 items.
 4:31:50.580   2398 items loaded.
 4:31:50.580 [CE][Storage] ver:24 stamp:37598, valid:yes, name:"mpmissions\TheCommunity.enoch\storage_666\data\dynamic_011.bin"
 4:31:50.580 [CE][Storage] ver:24 stamp:37598, valid:yes, name:"mpmissions\TheCommunity.enoch\storage_666\data\dynamic_011.001"
 4:31:50.580 [CE][Storage] ver:24 stamp:37596, valid:yes, name:"mpmissions\TheCommunity.enoch\storage_666\data\dynamic_011.002"
 4:31:50.580 [CE][Storage] Restoring file "mpmissions\TheCommunity.enoch\storage_666\data\dynamic_011.bin" 365 items.
 4:31:50.689   365 items loaded.
 4:31:50.705 [CE][Hive] :: Storage load took:5.16 seconds, recovery stamp:37598
 4:31:50.705   entity: 15867, building: 0
 4:31:50.705   no lifetime: 48
 4:31:50.705 [CE][Hive] :: Initializing ... 
 4:31:50.720 [CE][InitializeMap] :: initialized: 0
 4:31:50.720 [CE][Hive] :: Initializing spawners ... 
 4:31:52.564 [CE][LootRespawner] (PRIDummy) :: Item [0] causing search overtime: "MSFCGorkaPATACSFG"
 4:31:52.564 [CE][LootRespawner] (PRIDummy) :: Item [1] causing search overtime: "MSFCGorkaPATACSFG"
 4:31:52.564 [CE][LootRespawner] (PRIDummy) :: Item [2] causing search overtime: "MSFCGorkaPATACSFG"
 4:31:52.564 [CE][LootRespawner] (PRIDummy) :: Item [3] causing search overtime: "MSFCKryptekRaidPlatePouches"
 4:31:52.564 [CE][LootRespawner] (PRIDummy) :: Item [4] causing search overtime: "MSFCKryptekRaidPlatePouches"
 4:31:52.564 [CE][LootRespawner] (PRIDummy) :: Item [5] causing search overtime: "MSFCKryptekRaidPlatePouches"
 4:31:52.564 [CE][LootRespawner] (PRIDummy) :: Item [6] causing search overtime: "PlateCarrierVest"
 4:31:52.564 [CE][LootRespawner] (PRIDummy) :: Item [7] causing search overtime: "PlateCarrierVest"
 4:31:52.564 [CE][LootRespawner] (PRIDummy) :: Item [8] causing search overtime: "PlateCarrierVest"
 4:31:52.564 [CE][LootRespawner] (PRIDummy) :: Item [9] causing search overtime: "PlateCarrierVest"
 4:31:52.564 [CE][LootRespawner] (PRIDummy) :: Item [10] causing search overtime: "PlateCarrierVest"
 4:31:52.564 [CE][LootRespawner] (PRIDummy) :: Item [11] causing search overtime: "PlateCarrierVest"
 4:31:52.564 [CE][LootRespawner] (PRIDummy) :: Item [12] causing search overtime: "PlateCarrierVest"
 4:31:52.564 [CE][LootRespawner] (PRIDummy) :: Item [13] causing search overtime: "PlateCarrierVest"
 4:31:52.564 [CE][LootRespawner] (PRIDummy) :: Item [14] causing search overtime: "PlateCarrierVest"
 4:31:52.564 [CE][LootRespawner] (PRIDummy) :: Item [15] causing search overtime: "PlateCarrierVest"
 4:31:52.564 [CE][LootRespawner] (PRIDummy) :: Item [16] causing search overtime: "PlateCarrierVest"
 4:31:52.564 [CE][LootRespawner] (PRIDummy) :: Item [17] causing search overtime: "PlateCarrierVest"
 4:31:52.564 [CE][LootRespawner] (PRIDummy) :: Item [18] causing search overtime: "PlateCarrierVest"
 4:31:52.564 [CE][LootRespawner] (PRIDummy) :: Item [19] causing search overtime: "PlateCarrierVest"
 4:31:52.611 [CE][LootRespawner] (PRIDummy) :: Item [0] is hard to place, performance drops: "stealthBlackPants"
 4:31:52.642 [CE][LootRespawner] (PRIDummy) :: Item [1] is hard to place, performance drops: "Snipe_Mask_black"
 4:31:52.658 [CE][LootRespawner] (PRIDummy) :: Item [2] is hard to place, performance drops: "Snipe_Mask_tan"
 4:31:52.845 [CE][LootRespawner] (PRIDummy) :: Item [3] is hard to place, performance drops: "Msp_PlainBat_Black"
 4:31:52.923 [CE][LootRespawner] (PRIDummy) :: Item [4] is hard to place, performance drops: "Snipe_Mask_blood"
 4:31:52.923 [CE][LootRespawner] (PRIDummy) :: Item [5] is hard to place, performance drops: "Snipe_Mask_blood"
 4:31:52.955 [CE][LootRespawner] (PRIDummy) :: Item [6] is hard to place, performance drops: "Defender110_kapot"
 4:31:52.970 [CE][LootRespawner] (PRIDummy) :: Item [7] is hard to place, performance drops: "Bear_White"
 4:31:53.02 [CE][LootRespawner] (PRIDummy) :: Item [8] is hard to place, performance drops: "FishingRod"
 4:31:53.48 [CE][LootRespawner] (PRIDummy) :: Item [9] is hard to place, performance drops: "Lockpick"
 4:31:53.64 [CE][LootRespawner] (PRIDummy) :: Item [10] is hard to place, performance drops: "ShortJeans_Black"
 4:31:53.220 [CE][LootRespawner] (PRIDummy) :: Item [11] is hard to place, performance drops: "TacticalShirt_Grey"
 4:31:53.220 [CE][LootRespawner] (PRIDummy) :: Item [12] is hard to place, performance drops: "Defender110_kapot_UN"
 4:31:53.267 [CE][LootRespawner] (PRIDummy) :: Item [13] is hard to place, performance drops: "maglite_mung"
 4:31:53.283 [CE][LootRespawner] (PRIDummy) :: Item [14] is hard to place, performance drops: "UKAssVest_Khaki"
 4:31:53.298 [CE][LootRespawner] (PRIDummy) :: Item [15] is hard to place, performance drops: "UKAssVest_Khaki"
 4:31:53.314 [CE][LootRespawner] (PRIDummy) :: Item [16] is hard to place, performance drops: "TacticalShirt_Tan"
 4:31:53.314 [CE][LootRespawner] (PRIDummy) :: Item [17] is hard to place, performance drops: "TacticalShirt_Tan"
 4:31:53.423 [CE][LootRespawner] (PRIDummy) :: Item [18] is hard to place, performance drops: "RadarCap_Red"
 4:31:53.423 [CE][LootRespawner] (PRIDummy) :: Item [19] is hard to place, performance drops: "RadarCap_Red"
 4:31:53.814 [CE][LootRespawner] (PRIDummy) :: Initially (re)spawned:1085, Nominal:32677, Total in Map: 16250 at 1 (sec)
 4:31:53.814   tests:1148, repeats:0 fails:63, overtime:12815
 4:31:53.814 [CE][DynEvent] :: 33 types
 4:31:53.814 [00] AmbientHen
 4:31:53.814   Primary Spawner: "Ambient", active: yes, repeat: 1
 4:31:53.814 [01] AnimalBear
 4:31:53.814   Primary Spawner: "Animal", active: yes, repeat: 1
 4:31:53.814 [02] AnimalCow
 4:31:53.814   Primary Spawner: "Animal", active: yes, repeat: 1
 4:31:53.814 [03] AnimalDeer
 4:31:53.814   Primary Spawner: "Animal", active: yes, repeat: 1
 4:31:53.814 [04] AnimalGoat
 4:31:53.814   Primary Spawner: "Animal", active: yes, repeat: 1
 4:31:53.814 [05] AnimalPig
 4:31:53.814   Primary Spawner: "Animal", active: yes, repeat: 1
 4:31:53.814 [06] AnimalRoeDeer
 4:31:53.814   Primary Spawner: "Animal", active: yes, repeat: 1
 4:31:53.814 [07] AnimalSheep
 4:31:53.814   Primary Spawner: "Animal", active: yes, repeat: 1
 4:31:53.814 [08] AnimalWildBoar
 4:31:53.814   Primary Spawner: "Animal", active: yes, repeat: 1
 4:31:53.814 [09] AnimalWolf
 4:31:53.814   Primary Spawner: "Animal", active: yes, repeat: 1
 4:31:53.814 [10] InfectedArmy
 4:31:53.814   Primary Spawner: "Infected", active: yes, repeat: 1
 4:31:53.814 [11] InfectedCity
 4:31:53.814   Primary Spawner: "Infected", active: yes, repeat: 1
 4:31:53.814 [12] InfectedFirefighter
 4:31:53.814   Primary Spawner: "Infected", active: yes, repeat: 1
 4:31:53.814 [13] InfectedIndustrial
 4:31:53.814   Primary Spawner: "Infected", active: yes, repeat: 1
 4:31:53.814 [14] InfectedMedic
 4:31:53.814   Primary Spawner: "Infected", active: yes, repeat: 1
 4:31:53.814 [15] InfectedPolice
 4:31:53.814   Primary Spawner: "Infected", active: yes, repeat: 1
 4:31:53.814 [16] InfectedPrisoner
 4:31:53.814   Primary Spawner: "Infected", active: yes, repeat: 1
 4:31:53.830 [17] InfectedReligious
 4:31:53.830   Primary Spawner: "Infected", active: yes, repeat: 1
 4:31:53.830 [18] InfectedSolitude
 4:31:53.830   Primary Spawner: "Infected", active: yes, repeat: 1
 4:31:53.830 [19] InfectedVillage
 4:31:53.830   Primary Spawner: "Infected", active: yes, repeat: 1
 4:31:53.830 [20] ItemPlanks
 4:31:53.830   Primary Spawner: "Item", active: yes, repeat: 1
 4:31:53.830 [21] Loot
 4:31:53.830   Primary Spawner: "Loot", active: yes, repeat: 2
 4:31:53.830 [22] StaticHeliCrash
 4:31:53.830   Primary Spawner: "Vehicle", active: yes, repeat: 1
 4:31:53.830   Secondary Spawner: "Infected", active: yes, repeat: 1
 4:31:53.830 [23] StaticPoliceCar
 4:31:53.830   Primary Spawner: "Vehicle", active: yes, repeat: 1
 4:31:53.830 [24] TrajectoryConiferous
 4:31:53.830   Primary Spawner: "Trajectory", active: yes, repeat: 1
 4:31:53.830 [25] TrajectoryDeciduous
 4:31:53.830   Primary Spawner: "Trajectory", active: yes, repeat: 1
 4:31:53.830 [26] TrajectoryHumus
 4:31:53.830   Primary Spawner: "Trajectory", active: yes, repeat: 1
 4:31:53.830 [27] TrajectoryStones
 4:31:53.830   Primary Spawner: "Trajectory", active: yes, repeat: 1
 4:31:53.830 [28] VehicleCivilianSedan
 4:31:53.830   Primary Spawner: "Vehicle", active: yes, repeat: 1
 4:31:53.830 [29] VehicleHatchback02
 4:31:53.830   Primary Spawner: "Vehicle", active: yes, repeat: 1
 4:31:53.830 [30] VehicleOffroadHatchback
 4:31:53.830   Primary Spawner: "Vehicle", active: yes, repeat: 1
 4:31:53.830 [31] VehicleSedan02
 4:31:53.830   Primary Spawner: "Vehicle", active: yes, repeat: 1
 4:31:53.830 [32] VehicleCrSk_Land_Rover_Defender_110
 4:31:53.830   Primary Spawner: "Vehicle", active: yes, repeat: 1
 4:31:53.830 [CE][Hive] :: Initializing of spawners done.
 4:31:53.830 [CE][Hive] :: Init sequence finished.
 4:31:53.830 Player connect enabled
 4:31:54.80 Average server FPS: 0.07 (measured interval: 30 s)
 4:31:54.80 Used memory: 1459643 KB
 4:31:54.80 Players: 0 in total
 4:32:24.81 Average server FPS: 1918.01 (measured interval: 30 s)
 4:32:24.81 Used memory: 1571823 KB
 4:32:24.81 Players: 0 in total
 4:32:54.270 Average server FPS: 2398.69 (measured interval: 30 s)
 4:32:54.270 Used memory: 1589278 KB
 4:32:54.270 Players: 0 in total
 4:33:24.334 Average server FPS: 2188.53 (measured interval: 30 s)
 4:33:24.334 Used memory: 1598098 KB
 4:33:24.334 Players: 0 in total
 4:33:54.476 Average server FPS: 2289.75 (measured interval: 30 s)