

=====================================================================
== D:\DayZServers\TheCommunity_enochTest\DayZTestServer_x64.exe
== "D:\DayZServers\TheCommunity_enochTest\DayZTestServer_x64.exe"  -port=2442 "-mod=@CF;@Community-Online-Tools;@BuildAnywhere;@BaseBuildingLogs;@Trader;@BaseBuildingPlus;@Durable_Suppressors;@VPPMap;@Ear-Plugs;@Catch_Rain;@DayZ-Expansion-Notifications;@DayZ-Expansion-Chat;@No_Shoe_Damage;@Airdrop-Upgraded;@Ammo_Making;@Banking;@BuilderItems;@Camosplus;@CannabisPlus;@CheckIdentity;@Code_Lock;@Dayz_Navigation;@FIDOv4;@FlipTransport;@GoreZ;@IRP;@KillFeed;@NoVehicleDamage;@PartyMe;@Modular_Vest_System;@MuchStuffPack;@SWP;@BreachingCharge;@BBPBreachCharge;@MunghardsItempack;@NDVPPM;@Next_Days;@Notes;@SQUAD_MSF-C;@Zeroy-FishingZ;@OP_BaseItems;@Base_Storage;@SIX-DayZ-Auto-Run;" -config=D:\DayZServers\TheCommunity_enochTest\TheCommunityDZTest.cfg -profiles=TheCommunityServer -BEPath=D:\DayZServers\TheCommunity_enochTest\battleye -filePatching -adminlog -netlog -freezecheck -scrAllowFileWrite
=====================================================================
Exe timestamp: 2020/04/26 15:56:05
Current time:  2020/05/09 19:18:16

Version 1.07.153006
19:18:16.404 [Inputs] Loading inputs default "bin/constants.xml"
19:18:16.404 [Inputs] Loading inputs default "bin/specific.xml"
19:18:16.404 !!! [Inputs] Invalid input name used "UAUIInspectItem" for context "ui" in "bin/specific.xml"
19:18:16.404 !!! [Inputs] Attempt to register duplicate Modded-Inputs file "VanillaPPMap/data/modded_Inputs.xml"
19:18:16.404 [Inputs] Loading inputs default "EarPlugs\data\inputs.xml"
19:18:16.404 [Inputs] Loading inputs default "JM/COT/scripts/Data/Inputs.xml"
19:18:16.404 [Inputs] Loading inputs default "KillFeed/inputs/Inputs.xml"
19:18:16.404 [Inputs] Loading inputs default "partyme/scripts/partyme_inputs.xml"
19:18:16.404 [Inputs] Loading inputs default "VanillaPPMap/data/modded_Inputs.xml"
19:18:16.404 [Inputs] Loading inputs default "NextDays/data/NextDays_Inputs.xml"
19:18:16.404 [Inputs] Loading inputs default "A3_UI_F/Scripts/Inputs.xml"
19:18:16.404 [Inputs] Loading inputs default "BaseBuildingPlus/Scripts/Data/Inputs.xml"
19:18:16.404 [Inputs] Loading inputs default "VanillaPPMap/data/modded_Inputs.xml"
19:18:16.404 !!! [Inputs] Attempt to register duplicate input "UAOpenVPPMap"
19:18:16.404 !!! [Inputs] Attempt to register duplicate input "UAToggleVPPMap3DMarkers"
19:18:16.404 [Inputs] Loading inputs cfg "TheCommunityServer\Users\Survivor\Server.core.xml"
19:18:16.404 [Inputs] Exporting inputs cfg "TheCommunityServer\Users\Survivor\Server.core.xml"
19:18:16.732 !!! [Inputs] Attempt to register "PMHideShowTrackers" input twice
19:19:13.344 [CE][Hive] :: Initializing OFFLINE
19:19:13.344 [CE][Hive] :: Loading core data ... 
19:19:13.344 [CE][CoreData] :: 7 root classes, 19 defaults, 0 updaters...
19:19:23.782 [CE][RegisterBind] :: 0 classes binded...
19:19:23.782 [CE][RegisterConfig] :: 10088 config classes registered, 0 sub-counters...
19:19:23.782 [CE][Hive] :: Loading map data ... 
19:19:23.829 !!! [CE] :: Unknown category: 'vehicleparts'.
19:19:23.829 [CE][LoadPrototype] :: loaded 330 prototypes
19:19:23.829   702 containers, 9116 points
19:19:23.829   24 dispatches, 90 proxies
19:19:23.829 !!! [CE][LoadPrototype] 12 groups have no points...
19:19:23.829 !!![CE][LoadPrototype]  3 groups have wrong points...
19:19:23.829 [CE][LoadPrototype] :: last group name: Land_Lunapark_Autodrome...
19:19:23.829 [CE][LoadPrototype] :: loaded 0 prototypes
19:19:23.829   0 containers, 0 points
19:19:23.829   0 dispatches, 0 proxies
19:19:23.829 [CE][LoadPrototype] :: last group name: PathD_7100...
19:19:24.704 [CE][LoadMap] "Group" :: loaded 5086 groups, largest group range: 26.9
19:19:24.704 [CE][LoadMap] "Dirt" :: loaded 0 groups, largest group range: 26.9
19:19:24.845 [CE][Links] found 354 total links between groups, of 5086
19:19:24.845 [CE][LoadClusters] "Cluster" :: Loading files...
19:19:25.64 [CE][LoadClusters] :: file: "mapgroupcluster.xml", 4 types, 50000 instances
19:19:25.283 [CE][LoadClusters] :: file: "mapgroupcluster01", 4 types, 50000 instances
19:19:25.517 [CE][LoadClusters] :: file: "mapgroupcluster02", 4 types, 50000 instances
19:19:25.736 [CE][LoadClusters] :: file: "mapgroupcluster03", 4 types, 50000 instances
19:19:25.845 [CE][LoadClusters] :: file: "mapgroupcluster04", 4 types, 21297 instances
19:19:25.845 [CE][Storage] ver:21 stamp:34410, valid:yes, name:"mpmissions\TheCommunity.enoch\storage_666\data\types.bin"
19:19:25.845 [CE][Storage] ver:21 stamp:34407, valid:yes, name:"mpmissions\TheCommunity.enoch\storage_666\data\types.001"
19:19:25.845 [CE][Storage] ver:21 stamp:34408, valid:yes, name:"mpmissions\TheCommunity.enoch\storage_666\data\types.002"
19:19:25.845 [CE][Storage] Restoring file "mpmissions\TheCommunity.enoch\storage_666\data\types.bin".
19:19:26.79 [CE][offlineDB] :: Loaded 33 dynamic events 215 total types 0 total positions.
19:19:26.142 [CE][Storage] ver:21 stamp:34410, valid:yes, name:"mpmissions\TheCommunity.enoch\storage_666\data\events.bin"
19:19:26.142 [CE][Storage] ver:21 stamp:34407, valid:yes, name:"mpmissions\TheCommunity.enoch\storage_666\data\events.001"
19:19:26.142 [CE][Storage] ver:21 stamp:34408, valid:yes, name:"mpmissions\TheCommunity.enoch\storage_666\data\events.002"
19:19:26.142 [CE][Storage] Restoring file "mpmissions\TheCommunity.enoch\storage_666\data\events.bin".
19:19:26.142 [CE][DynamicEvent] Load  Events:[33] Primary spawners: 33 Secondary spawners: 1
19:19:26.142 [CE][Storage] ver:24 stamp:34410, valid:yes, name:"mpmissions\TheCommunity.enoch\storage_666\data\vehicles.bin"
19:19:26.142 [CE][Storage] ver:24 stamp:34407, valid:yes, name:"mpmissions\TheCommunity.enoch\storage_666\data\vehicles.001"
19:19:26.142 [CE][Storage] ver:24 stamp:34408, valid:yes, name:"mpmissions\TheCommunity.enoch\storage_666\data\vehicles.002"
19:19:26.142 [CE][Storage] Restoring file "mpmissions\TheCommunity.enoch\storage_666\data\vehicles.bin" 111 items.
19:19:26.283   111 items loaded.
19:19:26.283 [CE][Storage] ver:24 stamp:34410, valid:yes, name:"mpmissions\TheCommunity.enoch\storage_666\data\dynamic_000.bin"
19:19:26.283 [CE][Storage] ver:24 stamp:34407, valid:yes, name:"mpmissions\TheCommunity.enoch\storage_666\data\dynamic_000.001"
19:19:26.298 [CE][Storage] ver:24 stamp:34408, valid:yes, name:"mpmissions\TheCommunity.enoch\storage_666\data\dynamic_000.002"
19:19:26.298 [CE][Storage] Restoring file "mpmissions\TheCommunity.enoch\storage_666\data\dynamic_000.bin" 350 items.
19:19:26.533   350 items loaded.
19:19:26.533 [CE][Storage] ver:24 stamp:34410, valid:yes, name:"mpmissions\TheCommunity.enoch\storage_666\data\dynamic_001.bin"
19:19:26.533 [CE][Storage] ver:24 stamp:34407, valid:yes, name:"mpmissions\TheCommunity.enoch\storage_666\data\dynamic_001.001"
19:19:26.533 [CE][Storage] ver:24 stamp:34408, valid:yes, name:"mpmissions\TheCommunity.enoch\storage_666\data\dynamic_001.002"
19:19:26.533 [CE][Storage] Restoring file "mpmissions\TheCommunity.enoch\storage_666\data\dynamic_001.bin" 2258 items.
19:19:27.439   2258 items loaded.
19:19:27.439 [CE][Storage] ver:24 stamp:34410, valid:yes, name:"mpmissions\TheCommunity.enoch\storage_666\data\dynamic_002.bin"
19:19:27.439 [CE][Storage] ver:24 stamp:34407, valid:yes, name:"mpmissions\TheCommunity.enoch\storage_666\data\dynamic_002.001"
19:19:27.439 [CE][Storage] ver:24 stamp:34408, valid:yes, name:"mpmissions\TheCommunity.enoch\storage_666\data\dynamic_002.002"
19:19:27.439 [CE][Storage] Restoring file "mpmissions\TheCommunity.enoch\storage_666\data\dynamic_002.bin" 591 items.
19:19:27.673   591 items loaded.
19:19:27.673 [CE][Storage] ver:24 stamp:34410, valid:yes, name:"mpmissions\TheCommunity.enoch\storage_666\data\dynamic_003.bin"
19:19:27.673 [CE][Storage] ver:24 stamp:34407, valid:yes, name:"mpmissions\TheCommunity.enoch\storage_666\data\dynamic_003.001"
19:19:27.673 [CE][Storage] ver:24 stamp:34408, valid:yes, name:"mpmissions\TheCommunity.enoch\storage_666\data\dynamic_003.002"
19:19:27.673 [CE][Storage] Restoring file "mpmissions\TheCommunity.enoch\storage_666\data\dynamic_003.bin" 1237 items.
19:19:28.111   1237 items loaded.
19:19:28.111 [CE][Storage] ver:24 stamp:34410, valid:yes, name:"mpmissions\TheCommunity.enoch\storage_666\data\dynamic_004.bin"
19:19:28.111 [CE][Storage] ver:24 stamp:34407, valid:yes, name:"mpmissions\TheCommunity.enoch\storage_666\data\dynamic_004.001"
19:19:28.111 [CE][Storage] ver:24 stamp:34408, valid:yes, name:"mpmissions\TheCommunity.enoch\storage_666\data\dynamic_004.002"
19:19:28.111 [CE][Storage] Restoring file "mpmissions\TheCommunity.enoch\storage_666\data\dynamic_004.bin" 1595 items.
19:19:28.705   1595 items loaded.
19:19:28.720 [CE][Storage] ver:24 stamp:34410, valid:yes, name:"mpmissions\TheCommunity.enoch\storage_666\data\dynamic_005.bin"
19:19:28.720 [CE][Storage] ver:24 stamp:34407, valid:yes, name:"mpmissions\TheCommunity.enoch\storage_666\data\dynamic_005.001"
19:19:28.720 [CE][Storage] ver:24 stamp:34408, valid:yes, name:"mpmissions\TheCommunity.enoch\storage_666\data\dynamic_005.002"
19:19:28.720 [CE][Storage] Restoring file "mpmissions\TheCommunity.enoch\storage_666\data\dynamic_005.bin" 1920 items.
19:19:29.376   1920 items loaded.
19:19:29.376 [CE][Storage] ver:24 stamp:34410, valid:yes, name:"mpmissions\TheCommunity.enoch\storage_666\data\dynamic_006.bin"
19:19:29.376 [CE][Storage] ver:24 stamp:34407, valid:yes, name:"mpmissions\TheCommunity.enoch\storage_666\data\dynamic_006.001"
19:19:29.376 [CE][Storage] ver:24 stamp:34408, valid:yes, name:"mpmissions\TheCommunity.enoch\storage_666\data\dynamic_006.002"
19:19:29.376 [CE][Storage] Restoring file "mpmissions\TheCommunity.enoch\storage_666\data\dynamic_006.bin" 1018 items.
19:19:29.767   1018 items loaded.
19:19:29.767 [CE][Storage] ver:24 stamp:34410, valid:yes, name:"mpmissions\TheCommunity.enoch\storage_666\data\dynamic_007.bin"
19:19:29.783 [CE][Storage] ver:24 stamp:34407, valid:yes, name:"mpmissions\TheCommunity.enoch\storage_666\data\dynamic_007.001"
19:19:29.783 [CE][Storage] ver:24 stamp:34408, valid:yes, name:"mpmissions\TheCommunity.enoch\storage_666\data\dynamic_007.002"
19:19:29.783 [CE][Storage] Restoring file "mpmissions\TheCommunity.enoch\storage_666\data\dynamic_007.bin" 1334 items.
19:19:30.252   1334 items loaded.
19:19:30.252 [CE][Storage] ver:24 stamp:34410, valid:yes, name:"mpmissions\TheCommunity.enoch\storage_666\data\dynamic_008.bin"
19:19:30.252 [CE][Storage] ver:24 stamp:34407, valid:yes, name:"mpmissions\TheCommunity.enoch\storage_666\data\dynamic_008.001"
19:19:30.252 [CE][Storage] ver:24 stamp:34408, valid:yes, name:"mpmissions\TheCommunity.enoch\storage_666\data\dynamic_008.002"
19:19:30.252 [CE][Storage] Restoring file "mpmissions\TheCommunity.enoch\storage_666\data\dynamic_008.bin" 1103 items.
19:19:30.595   1103 items loaded.
19:19:30.595 [CE][Storage] ver:24 stamp:34410, valid:yes, name:"mpmissions\TheCommunity.enoch\storage_666\data\dynamic_009.bin"
19:19:30.595 [CE][Storage] ver:24 stamp:34407, valid:yes, name:"mpmissions\TheCommunity.enoch\storage_666\data\dynamic_009.001"
19:19:30.595 [CE][Storage] ver:24 stamp:34408, valid:yes, name:"mpmissions\TheCommunity.enoch\storage_666\data\dynamic_009.002"
19:19:30.595 [CE][Storage] Restoring file "mpmissions\TheCommunity.enoch\storage_666\data\dynamic_009.bin" 1091 items.
19:19:30.939   1091 items loaded.
19:19:30.939 [CE][Storage] ver:24 stamp:34410, valid:yes, name:"mpmissions\TheCommunity.enoch\storage_666\data\dynamic_010.bin"
19:19:30.939 [CE][Storage] ver:24 stamp:34407, valid:yes, name:"mpmissions\TheCommunity.enoch\storage_666\data\dynamic_010.001"
19:19:30.939 [CE][Storage] ver:24 stamp:34408, valid:yes, name:"mpmissions\TheCommunity.enoch\storage_666\data\dynamic_010.002"
19:19:30.939 [CE][Storage] Restoring file "mpmissions\TheCommunity.enoch\storage_666\data\dynamic_010.bin" 2570 items.
19:19:31.673   2570 items loaded.
19:19:31.673 [CE][Storage] ver:24 stamp:34410, valid:yes, name:"mpmissions\TheCommunity.enoch\storage_666\data\dynamic_011.bin"
19:19:31.689 [CE][Storage] ver:24 stamp:34407, valid:yes, name:"mpmissions\TheCommunity.enoch\storage_666\data\dynamic_011.001"
19:19:31.689 [CE][Storage] ver:24 stamp:34408, valid:yes, name:"mpmissions\TheCommunity.enoch\storage_666\data\dynamic_011.002"
19:19:31.689 [CE][Storage] Restoring file "mpmissions\TheCommunity.enoch\storage_666\data\dynamic_011.bin" 363 items.
19:19:31.783   363 items loaded.
19:19:31.814 [CE][Hive] :: Storage load took:5.67 seconds, recovery stamp:34410
19:19:31.814   entity: 16155, building: 0
19:19:31.814   no lifetime: 48
19:19:31.814 [CE][Hive] :: Initializing ... 
19:19:31.830 [CE][InitializeMap] :: initialized: 0
19:19:31.830 [CE][Hive] :: Initializing spawners ... 
19:19:33.705 [CE][LootRespawner] (PRIDummy) :: Item [0] causing search overtime: "MSFCGorkaPATACSFG"
19:19:33.705 [CE][LootRespawner] (PRIDummy) :: Item [1] causing search overtime: "MSFCGorkaPATACSFG"
19:19:33.705 [CE][LootRespawner] (PRIDummy) :: Item [2] causing search overtime: "MSFCGorkaPATACSFG"
19:19:33.705 [CE][LootRespawner] (PRIDummy) :: Item [3] causing search overtime: "MSFCGorkaPATACSFG"
19:19:33.705 [CE][LootRespawner] (PRIDummy) :: Item [4] causing search overtime: "MSFCKryptekRaidPlatePouches"
19:19:33.705 [CE][LootRespawner] (PRIDummy) :: Item [5] causing search overtime: "MSFCKryptekRaidPlatePouches"
19:19:33.705 [CE][LootRespawner] (PRIDummy) :: Item [6] causing search overtime: "MSFCKryptekRaidPlatePouches"
19:19:33.705 [CE][LootRespawner] (PRIDummy) :: Item [7] causing search overtime: "MSFCKryptekRaidPlatePouches"
19:19:33.705 [CE][LootRespawner] (PRIDummy) :: Item [8] causing search overtime: "MSFCKryptekRaidPlatePouches"
19:19:33.705 [CE][LootRespawner] (PRIDummy) :: Item [9] causing search overtime: "PlateCarrierVest"
19:19:33.705 [CE][LootRespawner] (PRIDummy) :: Item [10] causing search overtime: "PlateCarrierVest"
19:19:33.705 [CE][LootRespawner] (PRIDummy) :: Item [11] causing search overtime: "PlateCarrierVest"
19:19:33.705 [CE][LootRespawner] (PRIDummy) :: Item [12] causing search overtime: "PlateCarrierVest"
19:19:33.705 [CE][LootRespawner] (PRIDummy) :: Item [13] causing search overtime: "PlateCarrierVest"
19:19:33.705 [CE][LootRespawner] (PRIDummy) :: Item [14] causing search overtime: "PlateCarrierVest"
19:19:33.705 [CE][LootRespawner] (PRIDummy) :: Item [15] causing search overtime: "PlateCarrierVest"
19:19:33.705 [CE][LootRespawner] (PRIDummy) :: Item [16] causing search overtime: "PlateCarrierVest"
19:19:33.705 [CE][LootRespawner] (PRIDummy) :: Item [17] causing search overtime: "PlateCarrierVest"
19:19:33.705 [CE][LootRespawner] (PRIDummy) :: Item [18] causing search overtime: "PlateCarrierVest"
19:19:33.705 [CE][LootRespawner] (PRIDummy) :: Item [19] causing search overtime: "PlateCarrierVest"
19:19:33.767 [CE][LootRespawner] (PRIDummy) :: Item [0] is hard to place, performance drops: "Snipe_Mask_black"
19:19:33.799 [CE][LootRespawner] (PRIDummy) :: Item [1] is hard to place, performance drops: "ManSuit_DarkGrey"
19:19:33.814 [CE][LootRespawner] (PRIDummy) :: Item [2] is hard to place, performance drops: "WoodAxe"
19:19:33.814 [CE][LootRespawner] (PRIDummy) :: Item [3] is hard to place, performance drops: "WoodAxe"
19:19:33.908 [CE][LootRespawner] (PRIDummy) :: Item [4] is hard to place, performance drops: "BaseballCap_Beige"
19:19:34.111 [CE][LootRespawner] (PRIDummy) :: Item [5] is hard to place, performance drops: "RadarCap_Green"
19:19:34.220 [CE][LootRespawner] (PRIDummy) :: Item [6] is hard to place, performance drops: "MSFCBeerZhigulevskoe"
19:19:34.252 [CE][LootRespawner] (PRIDummy) :: Item [7] is hard to place, performance drops: "BaseballCap_Pink"
19:19:34.283 [CE][LootRespawner] (PRIDummy) :: Item [8] is hard to place, performance drops: "BaseballCap_Red"
19:19:34.470 [CE][LootRespawner] (PRIDummy) :: Item [9] is hard to place, performance drops: "WorkingGloves_Black"
19:19:34.486 [CE][LootRespawner] (PRIDummy) :: Item [10] is hard to place, performance drops: "Breeches_Green"
19:19:34.486 [CE][LootRespawner] (PRIDummy) :: Item [11] is hard to place, performance drops: "Breeches_Green"
19:19:34.611 [CE][LootRespawner] (PRIDummy) :: Item [12] is hard to place, performance drops: "MSFCBeerZhigulevskoeSoviet"
19:19:34.611 [CE][LootRespawner] (PRIDummy) :: Item [13] is hard to place, performance drops: "MSFCBeerZhigulevskoeSoviet"
19:19:34.611 [CE][LootRespawner] (PRIDummy) :: Item [14] is hard to place, performance drops: "Bandana_Greenpattern"
19:19:34.658 [CE][LootRespawner] (PRIDummy) :: Item [15] is hard to place, performance drops: "Breeches_Black"
19:19:34.658 [CE][LootRespawner] (PRIDummy) :: Item [16] is hard to place, performance drops: "Breeches_Black"
19:19:34.674 [CE][LootRespawner] (PRIDummy) :: Item [17] is hard to place, performance drops: "Bandana_CamoPattern"
19:19:34.705 [CE][LootRespawner] (PRIDummy) :: Item [18] is hard to place, performance drops: "Snipe_Mask_Orange"
19:19:34.767 [CE][LootRespawner] (PRIDummy) :: Item [19] is hard to place, performance drops: "SlacksPants_Beige"
19:19:34.892 [CE][LootRespawner] (PRIDummy) :: Initially (re)spawned:762, Nominal:32677, Total in Map: 16351 at 1 (sec)
19:19:34.892   tests:804, repeats:0 fails:42, overtime:12715
19:19:34.892 [CE][DynEvent] :: 33 types
19:19:34.892 [00] AmbientHen
19:19:34.892   Primary Spawner: "Ambient", active: yes, repeat: 1
19:19:34.892 [01] AnimalBear
19:19:34.892   Primary Spawner: "Animal", active: yes, repeat: 1
19:19:34.892 [02] AnimalCow
19:19:34.892   Primary Spawner: "Animal", active: yes, repeat: 1
19:19:34.892 [03] AnimalDeer
19:19:34.892   Primary Spawner: "Animal", active: yes, repeat: 1
19:19:34.892 [04] AnimalGoat
19:19:34.892   Primary Spawner: "Animal", active: yes, repeat: 1
19:19:34.892 [05] AnimalPig
19:19:34.892   Primary Spawner: "Animal", active: yes, repeat: 1
19:19:34.892 [06] AnimalRoeDeer
19:19:34.892   Primary Spawner: "Animal", active: yes, repeat: 1
19:19:34.892 [07] AnimalSheep
19:19:34.892   Primary Spawner: "Animal", active: yes, repeat: 1
19:19:34.892 [08] AnimalWildBoar
19:19:34.892   Primary Spawner: "Animal", active: yes, repeat: 1
19:19:34.892 [09] AnimalWolf
19:19:34.892   Primary Spawner: "Animal", active: yes, repeat: 1
19:19:34.892 [10] InfectedArmy
19:19:34.892   Primary Spawner: "Infected", active: yes, repeat: 1
19:19:34.892 [11] InfectedCity
19:19:34.892   Primary Spawner: "Infected", active: yes, repeat: 1
19:19:34.892 [12] InfectedFirefighter
19:19:34.892   Primary Spawner: "Infected", active: yes, repeat: 1
19:19:34.892 [13] InfectedIndustrial
19:19:34.892   Primary Spawner: "Infected", active: yes, repeat: 1
19:19:34.892 [14] InfectedMedic
19:19:34.892   Primary Spawner: "Infected", active: yes, repeat: 1
19:19:34.892 [15] InfectedPolice
19:19:34.892   Primary Spawner: "Infected", active: yes, repeat: 1
19:19:34.892 [16] InfectedPrisoner
19:19:34.892   Primary Spawner: "Infected", active: yes, repeat: 1
