

=====================================================================
== D:\DayZServers\TheCommunity_enochTest\DayZTestServer_x64.exe
== "D:\DayZServers\TheCommunity_enochTest\DayZTestServer_x64.exe"  -port=2442 "-mod=@CF;@Community-Online-Tools;@BuildAnywhere;@BaseBuildingLogs;@Trader;@BaseBuildingPlus;@Durable_Suppressors;@VPPMap;@Ear-Plugs;@Catch_Rain;@DayZ-Expansion-Notifications;@DayZ-Expansion-Chat;@No_Shoe_Damage;@Ammo_Making;@Banking;@BuilderItems;@Camosplus;@CannabisPlus;@CheckIdentity;@Code_Lock;@Dayz_Navigation;@FIDOv4;@FlipTransport;@GoreZ;@IRP;@KillFeed;@NoVehicleDamage;@PartyMe;@Modular_Vest_System;@MuchStuffPack;@SWP;@BreachingCharge;@BBPBreachCharge;@MunghardsItempack;@NDVPPM;@Next_Days;@Notes;@SQUAD_MSF-C;@Zeroy-FishingZ;@OP_BaseItems;@Base_Storage;@SIX-DayZ-Auto-Run;" -config=D:\DayZServers\TheCommunity_enochTest\TheCommunityDZTest.cfg -profiles=TheCommunityServer -BEPath=D:\DayZServers\TheCommunity_enochTest\battleye -filePatching -adminlog -netlog -freezecheck -scrAllowFileWrite
=====================================================================
Exe timestamp: 2020/04/26 15:56:05
Current time:  2020/05/18 15:03:42

Version 1.07.153006
15:03:42.405 [Inputs] Loading inputs default "bin/constants.xml"
15:03:42.420 [Inputs] Loading inputs default "bin/specific.xml"
15:03:42.420 !!! [Inputs] Invalid input name used "UAUIInspectItem" for context "ui" in "bin/specific.xml"
15:03:42.420 !!! [Inputs] Attempt to register duplicate Modded-Inputs file "VanillaPPMap/data/modded_Inputs.xml"
15:03:42.420 [Inputs] Loading inputs default "EarPlugs\data\inputs.xml"
15:03:42.420 [Inputs] Loading inputs default "JM/COT/scripts/Data/Inputs.xml"
15:03:42.420 [Inputs] Loading inputs default "KillFeed/inputs/Inputs.xml"
15:03:42.420 [Inputs] Loading inputs default "partyme/scripts/partyme_inputs.xml"
15:03:42.420 [Inputs] Loading inputs default "VanillaPPMap/data/modded_Inputs.xml"
15:03:42.420 [Inputs] Loading inputs default "NextDays/data/NextDays_Inputs.xml"
15:03:42.420 [Inputs] Loading inputs default "A3_UI_F/Scripts/Inputs.xml"
15:03:42.420 [Inputs] Loading inputs default "BaseBuildingPlus/Scripts/Data/Inputs.xml"
15:03:42.420 [Inputs] Loading inputs default "VanillaPPMap/data/modded_Inputs.xml"
15:03:42.420 !!! [Inputs] Attempt to register duplicate input "UAOpenVPPMap"
15:03:42.420 !!! [Inputs] Attempt to register duplicate input "UAToggleVPPMap3DMarkers"
15:03:42.420 [Inputs] Loading inputs cfg "TheCommunityServer\Users\Survivor\Server.core.xml"
15:03:42.420 [Inputs] Exporting inputs cfg "TheCommunityServer\Users\Survivor\Server.core.xml"
15:03:42.827 !!! [Inputs] Attempt to register "PMHideShowTrackers" input twice
15:04:30.423 [CE][Hive] :: Initializing OFFLINE
15:04:30.423 [CE][Hive] :: Loading core data ... 
15:04:30.423 [CE][CoreData] :: 7 root classes, 19 defaults, 0 updaters...
15:04:35.876 [CE][RegisterBind] :: 0 classes binded...
15:04:35.876 [CE][RegisterConfig] :: 10093 config classes registered, 0 sub-counters...
15:04:35.876 [CE][Hive] :: Loading map data ... 
15:04:35.908 !!! [CE] :: Unknown category: 'vehicleparts'.
15:04:35.908 [CE][LoadPrototype] :: loaded 330 prototypes
15:04:35.908   702 containers, 9116 points
15:04:35.908   24 dispatches, 90 proxies
15:04:35.908 !!! [CE][LoadPrototype] 12 groups have no points...
15:04:35.908 !!![CE][LoadPrototype]  3 groups have wrong points...
15:04:35.908 [CE][LoadPrototype] :: last group name: Land_Lunapark_Autodrome...
15:04:35.923 [CE][LoadPrototype] :: loaded 0 prototypes
15:04:35.923   0 containers, 0 points
15:04:35.923   0 dispatches, 0 proxies
15:04:35.923 [CE][LoadPrototype] :: last group name: PathD_7100...
15:04:36.220 [CE][LoadMap] "Group" :: loaded 5086 groups, largest group range: 26.9
15:04:36.220 [CE][LoadMap] "Dirt" :: loaded 0 groups, largest group range: 26.9
15:04:36.329 [CE][Links] found 354 total links between groups, of 5086
15:04:36.329 [CE][LoadClusters] "Cluster" :: Loading files...
15:04:36.533 [CE][LoadClusters] :: file: "mapgroupcluster.xml", 4 types, 50000 instances
15:04:36.751 [CE][LoadClusters] :: file: "mapgroupcluster01", 4 types, 50000 instances
15:04:36.954 [CE][LoadClusters] :: file: "mapgroupcluster02", 4 types, 50000 instances
15:04:37.173 [CE][LoadClusters] :: file: "mapgroupcluster03", 4 types, 50000 instances
15:04:37.283 [CE][LoadClusters] :: file: "mapgroupcluster04", 4 types, 21297 instances
15:04:37.283 [CE][Storage] ver:21 stamp:38729, valid:yes, name:"mpmissions\TheCommunity.enoch\storage_666\data\types.bin"
15:04:37.283 [CE][Storage] ver:21 stamp:38729, valid:yes, name:"mpmissions\TheCommunity.enoch\storage_666\data\types.001"
15:04:37.283 [CE][Storage] ver:21 stamp:38727, valid:yes, name:"mpmissions\TheCommunity.enoch\storage_666\data\types.002"
15:04:37.283 [CE][Storage] Restoring file "mpmissions\TheCommunity.enoch\storage_666\data\types.bin".
15:04:37.486 [CE][offlineDB] :: Loaded 33 dynamic events 215 total types 0 total positions.
15:04:37.548 [CE][Storage] ver:21 stamp:38729, valid:yes, name:"mpmissions\TheCommunity.enoch\storage_666\data\events.bin"
15:04:37.548 [CE][Storage] ver:21 stamp:38729, valid:yes, name:"mpmissions\TheCommunity.enoch\storage_666\data\events.001"
15:04:37.548 [CE][Storage] ver:21 stamp:38727, valid:yes, name:"mpmissions\TheCommunity.enoch\storage_666\data\events.002"
15:04:37.548 [CE][Storage] Restoring file "mpmissions\TheCommunity.enoch\storage_666\data\events.bin".
15:04:37.548 [CE][DynamicEvent] Load  Events:[33] Primary spawners: 33 Secondary spawners: 1
15:04:37.548 [CE][Storage] ver:24 stamp:38729, valid:yes, name:"mpmissions\TheCommunity.enoch\storage_666\data\vehicles.bin"
15:04:37.548 [CE][Storage] ver:24 stamp:38729, valid:yes, name:"mpmissions\TheCommunity.enoch\storage_666\data\vehicles.001"
15:04:37.548 [CE][Storage] ver:24 stamp:38727, valid:yes, name:"mpmissions\TheCommunity.enoch\storage_666\data\vehicles.002"
15:04:37.548 [CE][Storage] Restoring file "mpmissions\TheCommunity.enoch\storage_666\data\vehicles.bin" 111 items.
15:04:37.689   111 items loaded.
15:04:37.689 [CE][Storage] ver:24 stamp:38729, valid:yes, name:"mpmissions\TheCommunity.enoch\storage_666\data\dynamic_000.bin"
15:04:37.689 [CE][Storage] ver:24 stamp:38729, valid:yes, name:"mpmissions\TheCommunity.enoch\storage_666\data\dynamic_000.001"
15:04:37.689 [CE][Storage] ver:24 stamp:38727, valid:yes, name:"mpmissions\TheCommunity.enoch\storage_666\data\dynamic_000.002"
15:04:37.689 [CE][Storage] Restoring file "mpmissions\TheCommunity.enoch\storage_666\data\dynamic_000.bin" 335 items.
15:04:37.923   335 items loaded.
15:04:37.923 [CE][Storage] ver:24 stamp:38729, valid:yes, name:"mpmissions\TheCommunity.enoch\storage_666\data\dynamic_001.bin"
15:04:37.923 [CE][Storage] ver:24 stamp:38729, valid:yes, name:"mpmissions\TheCommunity.enoch\storage_666\data\dynamic_001.001"
15:04:37.923 [CE][Storage] ver:24 stamp:38727, valid:yes, name:"mpmissions\TheCommunity.enoch\storage_666\data\dynamic_001.002"
15:04:37.923 [CE][Storage] Restoring file "mpmissions\TheCommunity.enoch\storage_666\data\dynamic_001.bin" 2202 items.
15:04:38.673   2202 items loaded.
15:04:38.673 [CE][Storage] ver:24 stamp:38729, valid:yes, name:"mpmissions\TheCommunity.enoch\storage_666\data\dynamic_002.bin"
15:04:38.673 [CE][Storage] ver:24 stamp:38729, valid:yes, name:"mpmissions\TheCommunity.enoch\storage_666\data\dynamic_002.001"
15:04:38.673 [CE][Storage] ver:24 stamp:38727, valid:yes, name:"mpmissions\TheCommunity.enoch\storage_666\data\dynamic_002.002"
15:04:38.673 [CE][Storage] Restoring file "mpmissions\TheCommunity.enoch\storage_666\data\dynamic_002.bin" 575 items.
15:04:38.861   575 items loaded.
15:04:38.861 [CE][Storage] ver:24 stamp:38729, valid:yes, name:"mpmissions\TheCommunity.enoch\storage_666\data\dynamic_003.bin"
15:04:38.861 [CE][Storage] ver:24 stamp:38729, valid:yes, name:"mpmissions\TheCommunity.enoch\storage_666\data\dynamic_003.001"
15:04:38.861 [CE][Storage] ver:24 stamp:38727, valid:yes, name:"mpmissions\TheCommunity.enoch\storage_666\data\dynamic_003.002"
15:04:38.861 [CE][Storage] Restoring file "mpmissions\TheCommunity.enoch\storage_666\data\dynamic_003.bin" 1148 items.
15:04:39.205   1148 items loaded.
15:04:39.205 [CE][Storage] ver:24 stamp:38729, valid:yes, name:"mpmissions\TheCommunity.enoch\storage_666\data\dynamic_004.bin"
15:04:39.205 [CE][Storage] ver:24 stamp:38729, valid:yes, name:"mpmissions\TheCommunity.enoch\storage_666\data\dynamic_004.001"
15:04:39.205 [CE][Storage] ver:24 stamp:38727, valid:yes, name:"mpmissions\TheCommunity.enoch\storage_666\data\dynamic_004.002"
15:04:39.205 [CE][Storage] Restoring file "mpmissions\TheCommunity.enoch\storage_666\data\dynamic_004.bin" 1585 items.
15:04:39.798   1585 items loaded.
15:04:39.798 [CE][Storage] ver:24 stamp:38729, valid:yes, name:"mpmissions\TheCommunity.enoch\storage_666\data\dynamic_005.bin"
15:04:39.798 [CE][Storage] ver:24 stamp:38729, valid:yes, name:"mpmissions\TheCommunity.enoch\storage_666\data\dynamic_005.001"
15:04:39.798 [CE][Storage] ver:24 stamp:38727, valid:yes, name:"mpmissions\TheCommunity.enoch\storage_666\data\dynamic_005.002"
15:04:39.798 [CE][Storage] Restoring file "mpmissions\TheCommunity.enoch\storage_666\data\dynamic_005.bin" 1920 items.
15:04:40.439   1920 items loaded.
15:04:40.439 [CE][Storage] ver:24 stamp:38729, valid:yes, name:"mpmissions\TheCommunity.enoch\storage_666\data\dynamic_006.bin"
15:04:40.439 [CE][Storage] ver:24 stamp:38729, valid:yes, name:"mpmissions\TheCommunity.enoch\storage_666\data\dynamic_006.001"
15:04:40.439 [CE][Storage] ver:24 stamp:38727, valid:yes, name:"mpmissions\TheCommunity.enoch\storage_666\data\dynamic_006.002"
15:04:40.439 [CE][Storage] Restoring file "mpmissions\TheCommunity.enoch\storage_666\data\dynamic_006.bin" 1033 items.
15:04:40.830   1033 items loaded.
15:04:40.830 [CE][Storage] ver:24 stamp:38729, valid:yes, name:"mpmissions\TheCommunity.enoch\storage_666\data\dynamic_007.bin"
15:04:40.830 [CE][Storage] ver:24 stamp:38729, valid:yes, name:"mpmissions\TheCommunity.enoch\storage_666\data\dynamic_007.001"
15:04:40.830 [CE][Storage] ver:24 stamp:38727, valid:yes, name:"mpmissions\TheCommunity.enoch\storage_666\data\dynamic_007.002"
15:04:40.830 [CE][Storage] Restoring file "mpmissions\TheCommunity.enoch\storage_666\data\dynamic_007.bin" 1332 items.
15:04:41.298   1332 items loaded.
15:04:41.298 [CE][Storage] ver:24 stamp:38729, valid:yes, name:"mpmissions\TheCommunity.enoch\storage_666\data\dynamic_008.bin"
15:04:41.298 [CE][Storage] ver:24 stamp:38729, valid:yes, name:"mpmissions\TheCommunity.enoch\storage_666\data\dynamic_008.001"
15:04:41.298 [CE][Storage] ver:24 stamp:38727, valid:yes, name:"mpmissions\TheCommunity.enoch\storage_666\data\dynamic_008.002"
15:04:41.298 [CE][Storage] Restoring file "mpmissions\TheCommunity.enoch\storage_666\data\dynamic_008.bin" 1131 items.
15:04:41.658   1131 items loaded.
15:04:41.658 [CE][Storage] ver:24 stamp:38729, valid:yes, name:"mpmissions\TheCommunity.enoch\storage_666\data\dynamic_009.bin"
15:04:41.658 [CE][Storage] ver:24 stamp:38729, valid:yes, name:"mpmissions\TheCommunity.enoch\storage_666\data\dynamic_009.001"
15:04:41.658 [CE][Storage] ver:24 stamp:38727, valid:yes, name:"mpmissions\TheCommunity.enoch\storage_666\data\dynamic_009.002"
15:04:41.658 [CE][Storage] Restoring file "mpmissions\TheCommunity.enoch\storage_666\data\dynamic_009.bin" 1094 items.
15:04:42.48   1094 items loaded.
15:04:42.48 [CE][Storage] ver:24 stamp:38729, valid:yes, name:"mpmissions\TheCommunity.enoch\storage_666\data\dynamic_010.bin"
15:04:42.48 [CE][Storage] ver:24 stamp:38729, valid:yes, name:"mpmissions\TheCommunity.enoch\storage_666\data\dynamic_010.001"
15:04:42.48 [CE][Storage] ver:24 stamp:38727, valid:yes, name:"mpmissions\TheCommunity.enoch\storage_666\data\dynamic_010.002"
15:04:42.48 [CE][Storage] Restoring file "mpmissions\TheCommunity.enoch\storage_666\data\dynamic_010.bin" 2581 items.
15:04:42.877   2581 items loaded.
15:04:42.877 [CE][Storage] ver:24 stamp:38729, valid:yes, name:"mpmissions\TheCommunity.enoch\storage_666\data\dynamic_011.bin"
15:04:42.877 [CE][Storage] ver:24 stamp:38729, valid:yes, name:"mpmissions\TheCommunity.enoch\storage_666\data\dynamic_011.001"
15:04:42.877 [CE][Storage] ver:24 stamp:38727, valid:yes, name:"mpmissions\TheCommunity.enoch\storage_666\data\dynamic_011.002"
15:04:42.877 [CE][Storage] Restoring file "mpmissions\TheCommunity.enoch\storage_666\data\dynamic_011.bin" 363 items.
15:04:42.970   363 items loaded.
15:04:43.02 [CE][Hive] :: Storage load took:5.45 seconds, recovery stamp:38729
15:04:43.02   entity: 16051, building: 0
15:04:43.02   no lifetime: 42
15:04:43.02 [CE][Hive] :: Initializing ... 
15:04:43.17 [CE][InitializeMap] :: initialized: 0
15:04:43.17 [CE][Hive] :: Initializing spawners ... 
15:04:44.877 [CE][LootRespawner] (PRIDummy) :: Item [0] causing search overtime: "MSFCGorkaPATACSFG"
15:04:44.877 [CE][LootRespawner] (PRIDummy) :: Item [1] causing search overtime: "MSFCGorkaPATACSFG"
15:04:44.877 [CE][LootRespawner] (PRIDummy) :: Item [2] causing search overtime: "MSFCGorkaPATACSFG"
15:04:44.877 [CE][LootRespawner] (PRIDummy) :: Item [3] causing search overtime: "PlateCarrierVest"
15:04:44.877 [CE][LootRespawner] (PRIDummy) :: Item [4] causing search overtime: "PlateCarrierVest"
15:04:44.877 [CE][LootRespawner] (PRIDummy) :: Item [5] causing search overtime: "PlateCarrierVest"
15:04:44.877 [CE][LootRespawner] (PRIDummy) :: Item [6] causing search overtime: "PlateCarrierVest"
15:04:44.877 [CE][LootRespawner] (PRIDummy) :: Item [7] causing search overtime: "PlateCarrierVest"
15:04:44.877 [CE][LootRespawner] (PRIDummy) :: Item [8] causing search overtime: "PlateCarrierVest"
15:04:44.877 [CE][LootRespawner] (PRIDummy) :: Item [9] causing search overtime: "PlateCarrierVest"
15:04:44.877 [CE][LootRespawner] (PRIDummy) :: Item [10] causing search overtime: "PlateCarrierVest"
15:04:44.877 [CE][LootRespawner] (PRIDummy) :: Item [11] causing search overtime: "PlateCarrierVest"
15:04:44.877 [CE][LootRespawner] (PRIDummy) :: Item [12] causing search overtime: "PlateCarrierVest"
15:04:44.877 [CE][LootRespawner] (PRIDummy) :: Item [13] causing search overtime: "PlateCarrierVest"
15:04:44.877 [CE][LootRespawner] (PRIDummy) :: Item [14] causing search overtime: "PlateCarrierVest"
15:04:44.877 [CE][LootRespawner] (PRIDummy) :: Item [15] causing search overtime: "PlateCarrierVest"
15:04:44.877 [CE][LootRespawner] (PRIDummy) :: Item [16] causing search overtime: "PlateCarrierVest"
15:04:44.877 [CE][LootRespawner] (PRIDummy) :: Item [17] causing search overtime: "PlateCarrierVest"
15:04:44.877 [CE][LootRespawner] (PRIDummy) :: Item [18] causing search overtime: "PlateCarrierVest"
15:04:44.877 [CE][LootRespawner] (PRIDummy) :: Item [19] causing search overtime: "PlateCarrierVest"
15:04:44.908 [CE][LootRespawner] (PRIDummy) :: Item [0] is hard to place, performance drops: "AssaultBag_RussianVsr"
15:04:44.908 [CE][LootRespawner] (PRIDummy) :: Item [1] is hard to place, performance drops: "AssaultBag_RussianVsr"
15:04:44.908 [CE][LootRespawner] (PRIDummy) :: Item [2] is hard to place, performance drops: "AssaultBag_RussianVsr"
15:04:44.908 [CE][LootRespawner] (PRIDummy) :: Item [3] is hard to place, performance drops: "AssaultBag_RussianVsr"
15:04:44.908 [CE][LootRespawner] (PRIDummy) :: Item [4] is hard to place, performance drops: "AssaultBag_RussianVsr"
15:04:44.908 [CE][LootRespawner] (PRIDummy) :: Item [5] is hard to place, performance drops: "AssaultBag_RussianVsr"
15:04:44.908 [CE][LootRespawner] (PRIDummy) :: Item [6] is hard to place, performance drops: "AssaultBag_RussianVsr"
15:04:44.939 [CE][LootRespawner] (PRIDummy) :: Item [7] is hard to place, performance drops: "Snipe_Mask_black"
15:04:44.939 [CE][LootRespawner] (PRIDummy) :: Item [8] is hard to place, performance drops: "Snipe_Mask_black"
15:04:44.939 [CE][LootRespawner] (PRIDummy) :: Item [9] is hard to place, performance drops: "Snipe_Mask_black"
15:04:44.939 [CE][LootRespawner] (PRIDummy) :: Item [10] is hard to place, performance drops: "Defender110_dver_2_1_Green"
15:04:44.939 [CE][LootRespawner] (PRIDummy) :: Item [11] is hard to place, performance drops: "Snipe_Mask_tan"
15:04:44.955 [CE][LootRespawner] (PRIDummy) :: Item [12] is hard to place, performance drops: "TelnyashkaShirt"
15:04:45.64 [CE][LootRespawner] (PRIDummy) :: Item [13] is hard to place, performance drops: "Sweater_Skeleton"
15:04:45.127 [CE][LootRespawner] (PRIDummy) :: Item [14] is hard to place, performance drops: "PressVest_Blue"
15:04:45.127 [CE][LootRespawner] (PRIDummy) :: Item [15] is hard to place, performance drops: "PressVest_Blue"
15:04:45.127 [CE][LootRespawner] (PRIDummy) :: Item [16] is hard to place, performance drops: "PressVest_Blue"
15:04:45.174 [CE][LootRespawner] (PRIDummy) :: Item [17] is hard to place, performance drops: "MSFCBeerZhigulevskoeBarnoe"
15:04:45.174 [CE][LootRespawner] (PRIDummy) :: Item [18] is hard to place, performance drops: "MSFCBeerZhigulevskoeBarnoe"
15:04:45.220 [CE][LootRespawner] (PRIDummy) :: Item [19] is hard to place, performance drops: "Bear_Dark"
15:04:46.64 [CE][LootRespawner] (PRIDummy) :: Initially (re)spawned:740, Nominal:32677, Total in Map: 16194 at 1 (sec)
15:04:46.64   tests:775, repeats:0 fails:35, overtime:12710
15:04:46.64 [CE][DynEvent] :: 33 types
15:04:46.64 [00] AmbientHen
15:04:46.64   Primary Spawner: "Ambient", active: yes, repeat: 1
15:04:46.64 [01] AnimalBear
15:04:46.64   Primary Spawner: "Animal", active: yes, repeat: 1
15:04:46.64 [02] AnimalCow
15:04:46.64   Primary Spawner: "Animal", active: yes, repeat: 1
15:04:46.64 [03] AnimalDeer
15:04:46.64   Primary Spawner: "Animal", active: yes, repeat: 1
15:04:46.64 [04] AnimalGoat
15:04:46.64   Primary Spawner: "Animal", active: yes, repeat: 1
15:04:46.64 [05] AnimalPig
15:04:46.64   Primary Spawner: "Animal", active: yes, repeat: 1
15:04:46.64 [06] AnimalRoeDeer
15:04:46.64   Primary Spawner: "Animal", active: yes, repeat: 1
15:04:46.64 [07] AnimalSheep
15:04:46.64   Primary Spawner: "Animal", active: yes, repeat: 1
15:04:46.64 [08] AnimalWildBoar
15:04:46.64   Primary Spawner: "Animal", active: yes, repeat: 1
15:04:46.64 [09] AnimalWolf
15:04:46.64   Primary Spawner: "Animal", active: yes, repeat: 1
15:04:46.64 [10] InfectedArmy
15:04:46.64   Primary Spawner: "Infected", active: yes, repeat: 1
15:04:46.64 [11] InfectedCity
15:04:46.64   Primary Spawner: "Infected", active: yes, repeat: 1
15:04:46.64 [12] InfectedFirefighter
15:04:46.64   Primary Spawner: "Infected", active: yes, repeat: 1
15:04:46.64 [13] InfectedIndustrial
15:04:46.64   Primary Spawner: "Infected", active: yes, repeat: 1
15:04:46.64 [14] InfectedMedic
15:04:46.64   Primary Spawner: "Infected", active: yes, repeat: 1
15:04:46.64 [15] InfectedPolice
15:04:46.64   Primary Spawner: "Infected", active: yes, repeat: 1
15:04:46.64 [16] InfectedPrisoner
15:04:46.64   Primary Spawner: "Infected", active: yes, repeat: 1
15:04:46.64 [17] InfectedReligious
15:04:46.64   Primary Spawner: "Infected", active: yes, repeat: 1
15:04:46.64 [18] InfectedSolitude
15:04:46.64   Primary Spawner: "Infected", active: yes, repeat: 1
15:04:46.64 [19] InfectedVillage
15:04:46.64   Primary Spawner: "Infected", active: yes, repeat: 1
15:04:46.64 [20] ItemPlanks
15:04:46.64   Primary Spawner: "Item", active: yes, repeat: 1
15:04:46.64 [21] Loot
15:04:46.64   Primary Spawner: "Loot", active: yes, repeat: 2
15:04:46.64 [22] StaticHeliCrash
15:04:46.64   Primary Spawner: "Vehicle", active: yes, repeat: 1
15:04:46.64   Secondary Spawner: "Infected", active: yes, repeat: 1
15:04:46.64 [23] StaticPoliceCar
15:04:46.64   Primary Spawner: "Vehicle", active: yes, repeat: 1
15:04:46.64 [24] TrajectoryConiferous
15:04:46.64   Primary Spawner: "Trajectory", active: yes, repeat: 1
15:04:46.64 [25] TrajectoryDeciduous
15:04:46.64   Primary Spawner: "Trajectory", active: yes, repeat: 1
15:04:46.64 [26] TrajectoryHumus
15:04:46.64   Primary Spawner: "Trajectory", active: yes, repeat: 1
15:04:46.64 [27] TrajectoryStones
15:04:46.64   Primary Spawner: "Trajectory", active: yes, repeat: 1
15:04:46.64 [28] VehicleCivilianSedan
15:04:46.64   Primary Spawner: "Vehicle", active: yes, repeat: 1
15:04:46.64 [29] VehicleHatchback02
15:04:46.64   Primary Spawner: "Vehicle", active: yes, repeat: 1
15:04:46.64 [30] VehicleOffroadHatchback
15:04:46.64   Primary Spawner: "Vehicle", active: yes, repeat: 1
15:04:46.64 [31] VehicleSedan02
15:04:46.64   Primary Spawner: "Vehicle", active: yes, repeat: 1
15:04:46.64 [32] VehicleCrSk_Land_Rover_Defender_110
15:04:46.64   Primary Spawner: "Vehicle", active: yes, repeat: 1
15:04:46.64 [CE][Hive] :: Initializing of spawners done.
15:04:46.64 [CE][Hive] :: Init sequence finished.
15:04:46.64 Player connect enabled
15:04:46.330 Average server FPS: 0.07 (measured interval: 30 s)
15:04:46.330 Used memory: 1464128 KB
15:04:46.330 Players: 0 in total
15:05:16.331 Average server FPS: 1640.07 (measured interval: 30 s)
15:05:16.331 Used memory: 1566127 KB
15:05:16.331 Players: 0 in total
15:05:46.520 Average server FPS: 2511.43 (measured interval: 30 s)
15:05:46.520 Used memory: 1576838 KB
15:05:46.520 Players: 0 in total
15:06:16.522 Average server FPS: 2740.84 (measured interval: 30 s)
15:06:16.522 Used memory: 1585953 KB
15:06:16.522 Players: 0 in total
15:06:46.508 Average server FPS: 2152.37 (measured interval: 30 s)
15:06:46.508 Used memory: 1593281 KB
15:06:46.508 Players: 0 in total