

=====================================================================
== D:\DayZServers\TheCommunity_enochTest\DayZTestServer_x64.exe
== "D:\DayZServers\TheCommunity_enochTest\DayZTestServer_x64.exe"  -port=2442 "-mod=@CF;@Community-Online-Tools;@BuildAnywhere;@BaseBuildingLogs;@Trader;@BaseBuildingPlus;@Durable_Suppressors;@VPPMap;@Ear-Plugs;@Catch_Rain;@DayZ-Expansion-Notifications;@DayZ-Expansion-Chat;@No_Shoe_Damage;@Airdrop-Upgraded;@Ammo_Making;@Banking;@BuilderItems;@Camosplus;@CannabisPlus;@CheckIdentity;@Code_Lock;@Dayz_Navigation;@FIDOv4;@FlipTransport;@GoreZ;@IRP;@KillFeed;@NoVehicleDamage;@PartyMe;@Modular_Vest_System;@MuchStuffPack;@SWP;@BreachingCharge;@BBPBreachCharge;@MunghardsItempack;@NDVPPM;@Next_Days;@Notes;@SQUAD_MSF-C;@Zeroy-FishingZ;@OP_BaseItems;@Base_Storage;@SIX-DayZ-Auto-Run;" -config=D:\DayZServers\TheCommunity_enochTest\TheCommunityDZTest.cfg -profiles=TheCommunityServer -BEPath=D:\DayZServers\TheCommunity_enochTest\battleye -filePatching -adminlog -netlog -freezecheck -scrAllowFileWrite
=====================================================================
Exe timestamp: 2020/04/26 15:56:05
Current time:  2020/05/02 14:46:44

Version 1.07.153006
14:46:44.183 [Inputs] Loading inputs default "bin/constants.xml"
14:46:44.198 [Inputs] Loading inputs default "bin/specific.xml"
14:46:44.198 !!! [Inputs] Invalid input name used "UAUIInspectItem" for context "ui" in "bin/specific.xml"
14:46:44.198 !!! [Inputs] Attempt to register duplicate Modded-Inputs file "VanillaPPMap/data/modded_Inputs.xml"
14:46:44.198 [Inputs] Loading inputs default "EarPlugs\data\inputs.xml"
14:46:44.198 [Inputs] Loading inputs default "JM/COT/scripts/Data/Inputs.xml"
14:46:44.198 [Inputs] Loading inputs default "KillFeed/inputs/Inputs.xml"
14:46:44.198 [Inputs] Loading inputs default "partyme/scripts/partyme_inputs.xml"
14:46:44.198 [Inputs] Loading inputs default "VanillaPPMap/data/modded_Inputs.xml"
14:46:44.198 [Inputs] Loading inputs default "NextDays/data/NextDays_Inputs.xml"
14:46:44.198 [Inputs] Loading inputs default "A3_UI_F/Scripts/Inputs.xml"
14:46:44.198 [Inputs] Loading inputs default "BaseBuildingPlus/Scripts/Data/Inputs.xml"
14:46:44.198 [Inputs] Loading inputs default "VanillaPPMap/data/modded_Inputs.xml"
14:46:44.198 !!! [Inputs] Attempt to register duplicate input "UAOpenVPPMap"
14:46:44.198 !!! [Inputs] Attempt to register duplicate input "UAToggleVPPMap3DMarkers"
14:46:44.198 [Inputs] Loading inputs cfg "TheCommunityServer\Users\Survivor\Server.core.xml"
14:46:44.198 [Inputs] Exporting inputs cfg "TheCommunityServer\Users\Survivor\Server.core.xml"
14:46:44.636 !!! [Inputs] Attempt to register "PMHideShowTrackers" input twice
14:47:31.560 [CE][Hive] :: Initializing OFFLINE
14:47:31.560 [CE][Hive] :: Loading core data ... 
14:47:31.560 [CE][CoreData] :: 7 root classes, 19 defaults, 0 updaters...
14:47:37.545 [CE][RegisterBind] :: 0 classes binded...
14:47:37.545 [CE][RegisterConfig] :: 10056 config classes registered, 0 sub-counters...
14:47:37.545 [CE][Hive] :: Loading map data ... 
14:47:37.576 !!! [CE] :: Unknown category: 'vehicleparts'.
14:47:37.576 [CE][LoadPrototype] :: loaded 330 prototypes
14:47:37.576   702 containers, 9116 points
14:47:37.576   24 dispatches, 90 proxies
14:47:37.576 !!! [CE][LoadPrototype] 12 groups have no points...
14:47:37.576 !!![CE][LoadPrototype]  3 groups have wrong points...
14:47:37.576 [CE][LoadPrototype] :: last group name: Land_Lunapark_Autodrome...
14:47:37.592 [CE][LoadPrototype] :: loaded 0 prototypes
14:47:37.592   0 containers, 0 points
14:47:37.592   0 dispatches, 0 proxies
14:47:37.592 [CE][LoadPrototype] :: last group name: PathD_7100...
14:47:37.888 [CE][LoadMap] "Group" :: loaded 5086 groups, largest group range: 26.9
14:47:37.888 [CE][LoadMap] "Dirt" :: loaded 0 groups, largest group range: 26.9
14:47:37.998 [CE][Links] found 354 total links between groups, of 5086
14:47:37.998 [CE][LoadClusters] "Cluster" :: Loading files...
14:47:38.201 [CE][LoadClusters] :: file: "mapgroupcluster.xml", 4 types, 50000 instances
14:47:38.404 [CE][LoadClusters] :: file: "mapgroupcluster01", 4 types, 50000 instances
14:47:38.623 [CE][LoadClusters] :: file: "mapgroupcluster02", 4 types, 50000 instances
14:47:38.842 [CE][LoadClusters] :: file: "mapgroupcluster03", 4 types, 50000 instances
14:47:38.935 [CE][LoadClusters] :: file: "mapgroupcluster04", 4 types, 21297 instances
14:47:38.935 [CE][Storage] ver:21 stamp:15611, valid:yes, name:"mpmissions\TheCommunity.enoch\storage_666\data\types.bin"
14:47:38.935 [CE][Storage] ver:21 stamp:15610, valid:yes, name:"mpmissions\TheCommunity.enoch\storage_666\data\types.001"
14:47:38.935 [CE][Storage] ver:21 stamp:15611, valid:yes, name:"mpmissions\TheCommunity.enoch\storage_666\data\types.002"
14:47:38.935 [CE][Storage] Restoring file "mpmissions\TheCommunity.enoch\storage_666\data\types.bin".
14:47:39.154 [CE][offlineDB] :: Loaded 33 dynamic events 215 total types 0 total positions.
14:47:39.201 [CE][Storage] ver:21 stamp:15611, valid:yes, name:"mpmissions\TheCommunity.enoch\storage_666\data\events.bin"
14:47:39.201 [CE][Storage] ver:21 stamp:15610, valid:yes, name:"mpmissions\TheCommunity.enoch\storage_666\data\events.001"
14:47:39.201 [CE][Storage] ver:21 stamp:15611, valid:yes, name:"mpmissions\TheCommunity.enoch\storage_666\data\events.002"
14:47:39.201 [CE][Storage] Restoring file "mpmissions\TheCommunity.enoch\storage_666\data\events.bin".
14:47:39.201 [CE][DynamicEvent] Load  Events:[33] Primary spawners: 33 Secondary spawners: 1
14:47:39.201 [CE][Storage] ver:24 stamp:15611, valid:yes, name:"mpmissions\TheCommunity.enoch\storage_666\data\vehicles.bin"
14:47:39.217 [CE][Storage] ver:24 stamp:15610, valid:yes, name:"mpmissions\TheCommunity.enoch\storage_666\data\vehicles.001"
14:47:39.217 [CE][Storage] ver:24 stamp:15611, valid:yes, name:"mpmissions\TheCommunity.enoch\storage_666\data\vehicles.002"
14:47:39.217 [CE][Storage] Restoring file "mpmissions\TheCommunity.enoch\storage_666\data\vehicles.bin" 110 items.
14:47:39.326   110 items loaded.
14:47:39.326 [CE][Storage] ver:24 stamp:15611, valid:yes, name:"mpmissions\TheCommunity.enoch\storage_666\data\dynamic_000.bin"
14:47:39.326 [CE][Storage] ver:24 stamp:15610, valid:yes, name:"mpmissions\TheCommunity.enoch\storage_666\data\dynamic_000.001"
14:47:39.326 [CE][Storage] ver:24 stamp:15611, valid:yes, name:"mpmissions\TheCommunity.enoch\storage_666\data\dynamic_000.002"
14:47:39.326 [CE][Storage] Restoring file "mpmissions\TheCommunity.enoch\storage_666\data\dynamic_000.bin" 322 items.
14:47:39.545   322 items loaded.
14:47:39.545 [CE][Storage] ver:24 stamp:15611, valid:yes, name:"mpmissions\TheCommunity.enoch\storage_666\data\dynamic_001.bin"
14:47:39.545 [CE][Storage] ver:24 stamp:15610, valid:yes, name:"mpmissions\TheCommunity.enoch\storage_666\data\dynamic_001.001"
14:47:39.545 [CE][Storage] ver:24 stamp:15611, valid:yes, name:"mpmissions\TheCommunity.enoch\storage_666\data\dynamic_001.002"
14:47:39.545 [CE][Storage] Restoring file "mpmissions\TheCommunity.enoch\storage_666\data\dynamic_001.bin" 2300 items.
14:47:40.342   2300 items loaded.
14:47:40.342 [CE][Storage] ver:24 stamp:15611, valid:yes, name:"mpmissions\TheCommunity.enoch\storage_666\data\dynamic_002.bin"
14:47:40.342 [CE][Storage] ver:24 stamp:15610, valid:yes, name:"mpmissions\TheCommunity.enoch\storage_666\data\dynamic_002.001"
14:47:40.342 [CE][Storage] ver:24 stamp:15611, valid:yes, name:"mpmissions\TheCommunity.enoch\storage_666\data\dynamic_002.002"
14:47:40.342 [CE][Storage] Restoring file "mpmissions\TheCommunity.enoch\storage_666\data\dynamic_002.bin" 613 items.
14:47:40.529   613 items loaded.
14:47:40.529 [CE][Storage] ver:24 stamp:15611, valid:yes, name:"mpmissions\TheCommunity.enoch\storage_666\data\dynamic_003.bin"
14:47:40.529 [CE][Storage] ver:24 stamp:15610, valid:yes, name:"mpmissions\TheCommunity.enoch\storage_666\data\dynamic_003.001"
14:47:40.529 [CE][Storage] ver:24 stamp:15611, valid:yes, name:"mpmissions\TheCommunity.enoch\storage_666\data\dynamic_003.002"
14:47:40.529 [CE][Storage] Restoring file "mpmissions\TheCommunity.enoch\storage_666\data\dynamic_003.bin" 1199 items.
14:47:40.904   1199 items loaded.
14:47:40.904 [CE][Storage] ver:24 stamp:15611, valid:yes, name:"mpmissions\TheCommunity.enoch\storage_666\data\dynamic_004.bin"
14:47:40.904 [CE][Storage] ver:24 stamp:15610, valid:yes, name:"mpmissions\TheCommunity.enoch\storage_666\data\dynamic_004.001"
14:47:40.904 [CE][Storage] ver:24 stamp:15611, valid:yes, name:"mpmissions\TheCommunity.enoch\storage_666\data\dynamic_004.002"
14:47:40.904 [CE][Storage] Restoring file "mpmissions\TheCommunity.enoch\storage_666\data\dynamic_004.bin" 1613 items.
14:47:41.482   1613 items loaded.
14:47:41.482 [CE][Storage] ver:24 stamp:15611, valid:yes, name:"mpmissions\TheCommunity.enoch\storage_666\data\dynamic_005.bin"
14:47:41.482 [CE][Storage] ver:24 stamp:15610, valid:yes, name:"mpmissions\TheCommunity.enoch\storage_666\data\dynamic_005.001"
14:47:41.482 [CE][Storage] ver:24 stamp:15611, valid:yes, name:"mpmissions\TheCommunity.enoch\storage_666\data\dynamic_005.002"
14:47:41.482 [CE][Storage] Restoring file "mpmissions\TheCommunity.enoch\storage_666\data\dynamic_005.bin" 1960 items.
14:47:42.107   1960 items loaded.
14:47:42.107 [CE][Storage] ver:24 stamp:15611, valid:yes, name:"mpmissions\TheCommunity.enoch\storage_666\data\dynamic_006.bin"
14:47:42.107 [CE][Storage] ver:24 stamp:15610, valid:yes, name:"mpmissions\TheCommunity.enoch\storage_666\data\dynamic_006.001"
14:47:42.107 [CE][Storage] ver:24 stamp:15611, valid:yes, name:"mpmissions\TheCommunity.enoch\storage_666\data\dynamic_006.002"
14:47:42.107 [CE][Storage] Restoring file "mpmissions\TheCommunity.enoch\storage_666\data\dynamic_006.bin" 1053 items.
14:47:42.498   1053 items loaded.
14:47:42.498 [CE][Storage] ver:24 stamp:15611, valid:yes, name:"mpmissions\TheCommunity.enoch\storage_666\data\dynamic_007.bin"
14:47:42.498 [CE][Storage] ver:24 stamp:15610, valid:yes, name:"mpmissions\TheCommunity.enoch\storage_666\data\dynamic_007.001"
14:47:42.498 [CE][Storage] ver:24 stamp:15611, valid:yes, name:"mpmissions\TheCommunity.enoch\storage_666\data\dynamic_007.002"
14:47:42.498 [CE][Storage] Restoring file "mpmissions\TheCommunity.enoch\storage_666\data\dynamic_007.bin" 1360 items.
14:47:42.967   1360 items loaded.
14:47:42.967 [CE][Storage] ver:24 stamp:15611, valid:yes, name:"mpmissions\TheCommunity.enoch\storage_666\data\dynamic_008.bin"
14:47:42.967 [CE][Storage] ver:24 stamp:15610, valid:yes, name:"mpmissions\TheCommunity.enoch\storage_666\data\dynamic_008.001"
14:47:42.967 [CE][Storage] ver:24 stamp:15611, valid:yes, name:"mpmissions\TheCommunity.enoch\storage_666\data\dynamic_008.002"
14:47:42.967 [CE][Storage] Restoring file "mpmissions\TheCommunity.enoch\storage_666\data\dynamic_008.bin" 1159 items.
14:47:43.326   1159 items loaded.
14:47:43.326 [CE][Storage] ver:24 stamp:15611, valid:yes, name:"mpmissions\TheCommunity.enoch\storage_666\data\dynamic_009.bin"
14:47:43.326 [CE][Storage] ver:24 stamp:15610, valid:yes, name:"mpmissions\TheCommunity.enoch\storage_666\data\dynamic_009.001"
14:47:43.326 [CE][Storage] ver:24 stamp:15611, valid:yes, name:"mpmissions\TheCommunity.enoch\storage_666\data\dynamic_009.002"
14:47:43.326 [CE][Storage] Restoring file "mpmissions\TheCommunity.enoch\storage_666\data\dynamic_009.bin" 1080 items.
14:47:43.670   1080 items loaded.
14:47:43.670 [CE][Storage] ver:24 stamp:15611, valid:yes, name:"mpmissions\TheCommunity.enoch\storage_666\data\dynamic_010.bin"
14:47:43.670 [CE][Storage] ver:24 stamp:15610, valid:yes, name:"mpmissions\TheCommunity.enoch\storage_666\data\dynamic_010.001"
14:47:43.670 [CE][Storage] ver:24 stamp:15611, valid:yes, name:"mpmissions\TheCommunity.enoch\storage_666\data\dynamic_010.002"
14:47:43.670 [CE][Storage] Restoring file "mpmissions\TheCommunity.enoch\storage_666\data\dynamic_010.bin" 2535 items.
14:47:44.373   2535 items loaded.
14:47:44.373 [CE][Storage] ver:24 stamp:15611, valid:yes, name:"mpmissions\TheCommunity.enoch\storage_666\data\dynamic_011.bin"
14:47:44.373 [CE][Storage] ver:24 stamp:15610, valid:yes, name:"mpmissions\TheCommunity.enoch\storage_666\data\dynamic_011.001"
14:47:44.373 [CE][Storage] ver:24 stamp:15611, valid:yes, name:"mpmissions\TheCommunity.enoch\storage_666\data\dynamic_011.002"
14:47:44.373 [CE][Storage] Restoring file "mpmissions\TheCommunity.enoch\storage_666\data\dynamic_011.bin" 393 items.
14:47:44.482   393 items loaded.
14:47:44.514 [CE][Hive] :: Storage load took:5.31 seconds, recovery stamp:15611
14:47:44.514   entity: 16140, building: 0
14:47:44.514   no lifetime: 50
14:47:44.514 [CE][Hive] :: Initializing ... 
14:47:44.529 [CE][InitializeMap] :: initialized: 0
14:47:44.529 [CE][Hive] :: Initializing spawners ... 
14:47:46.389 [CE][LootRespawner] (PRIDummy) :: Item [0] causing search overtime: "MSFCGorkaPATACSFG"
14:47:46.389 [CE][LootRespawner] (PRIDummy) :: Item [1] causing search overtime: "MSFCGorkaPATACSFG"
14:47:46.389 [CE][LootRespawner] (PRIDummy) :: Item [2] causing search overtime: "MSFCGorkaPATACSFG"
14:47:46.389 [CE][LootRespawner] (PRIDummy) :: Item [3] causing search overtime: "MSFCGorkaPATACSFG"
14:47:46.389 [CE][LootRespawner] (PRIDummy) :: Item [4] causing search overtime: "MSFCKryptekRaidPlatePouches"
14:47:46.389 [CE][LootRespawner] (PRIDummy) :: Item [5] causing search overtime: "MSFCKryptekRaidPlatePouches"
14:47:46.389 [CE][LootRespawner] (PRIDummy) :: Item [6] causing search overtime: "MSFCKryptekRaidPlatePouches"
14:47:46.389 [CE][LootRespawner] (PRIDummy) :: Item [7] causing search overtime: "MSFCKryptekRaidPlatePouches"
14:47:46.389 [CE][LootRespawner] (PRIDummy) :: Item [8] causing search overtime: "MSFCKryptekRaidPlatePouches"
14:47:46.389 [CE][LootRespawner] (PRIDummy) :: Item [9] causing search overtime: "PlateCarrierVest"
14:47:46.389 [CE][LootRespawner] (PRIDummy) :: Item [10] causing search overtime: "PlateCarrierVest"
14:47:46.389 [CE][LootRespawner] (PRIDummy) :: Item [11] causing search overtime: "PlateCarrierVest"
14:47:46.389 [CE][LootRespawner] (PRIDummy) :: Item [12] causing search overtime: "PlateCarrierVest"
14:47:46.389 [CE][LootRespawner] (PRIDummy) :: Item [13] causing search overtime: "PlateCarrierVest"
14:47:46.389 [CE][LootRespawner] (PRIDummy) :: Item [14] causing search overtime: "PlateCarrierVest"
14:47:46.389 [CE][LootRespawner] (PRIDummy) :: Item [15] causing search overtime: "PlateCarrierVest"
14:47:46.389 [CE][LootRespawner] (PRIDummy) :: Item [16] causing search overtime: "PlateCarrierVest"
14:47:46.389 [CE][LootRespawner] (PRIDummy) :: Item [17] causing search overtime: "PlateCarrierVest"
14:47:46.389 [CE][LootRespawner] (PRIDummy) :: Item [18] causing search overtime: "PlateCarrierVest"
14:47:46.389 [CE][LootRespawner] (PRIDummy) :: Item [19] causing search overtime: "PlateCarrierVest"
14:47:46.467 [CE][LootRespawner] (PRIDummy) :: Item [0] is hard to place, performance drops: "Snipe_Mask_tan"
14:47:46.467 [CE][LootRespawner] (PRIDummy) :: Item [1] is hard to place, performance drops: "Snipe_Mask_tan"
14:47:46.467 [CE][LootRespawner] (PRIDummy) :: Item [2] is hard to place, performance drops: "Snipe_Mask_tan"
14:47:46.467 [CE][LootRespawner] (PRIDummy) :: Item [3] is hard to place, performance drops: "Snipe_Mask_tan"
14:47:46.623 [CE][LootRespawner] (PRIDummy) :: Item [4] is hard to place, performance drops: "Msp_PlainBat_Black"
14:47:46.733 [CE][LootRespawner] (PRIDummy) :: Item [5] is hard to place, performance drops: "FP4_DrMask"
14:47:46.748 [CE][LootRespawner] (PRIDummy) :: Item [6] is hard to place, performance drops: "SmershVest"
14:47:46.779 [CE][LootRespawner] (PRIDummy) :: Item [7] is hard to place, performance drops: "DenimJacket"
14:47:46.779 [CE][LootRespawner] (PRIDummy) :: Item [8] is hard to place, performance drops: "DenimJacket"
14:47:46.826 [CE][LootRespawner] (PRIDummy) :: Item [9] is hard to place, performance drops: "ManSuit_Black"
14:47:46.858 [CE][LootRespawner] (PRIDummy) :: Item [10] is hard to place, performance drops: "MSFCBeerZhigulevskoe"
14:47:46.904 [CE][LootRespawner] (PRIDummy) :: Item [11] is hard to place, performance drops: "MotoHelmet_Black"
14:47:46.951 [CE][LootRespawner] (PRIDummy) :: Item [12] is hard to place, performance drops: "RadarCap_Black"
14:47:46.951 [CE][LootRespawner] (PRIDummy) :: Item [13] is hard to place, performance drops: "RadarCap_Black"
14:47:47.92 [CE][LootRespawner] (PRIDummy) :: Item [14] is hard to place, performance drops: "Defender110_dver_2_2_UN"
14:47:47.155 [CE][LootRespawner] (PRIDummy) :: Item [15] is hard to place, performance drops: "Bandana_RedPattern"
14:47:47.217 [CE][LootRespawner] (PRIDummy) :: Item [16] is hard to place, performance drops: "Hatchback_02_Door_2_2_Blue"
14:47:47.217 [CE][LootRespawner] (PRIDummy) :: Item [17] is hard to place, performance drops: "Hatchback_02_Door_2_2_Blue"
14:47:47.248 [CE][LootRespawner] (PRIDummy) :: Item [18] is hard to place, performance drops: "Flashlight"
14:47:47.264 [CE][LootRespawner] (PRIDummy) :: Item [19] is hard to place, performance drops: "MSFCBeerBaltika9"
14:47:47.592 [CE][LootRespawner] (PRIDummy) :: Initially (re)spawned:902, Nominal:32677, Total in Map: 16652 at 1 (sec)
14:47:47.592   tests:939, repeats:0 fails:37, overtime:12670
14:47:47.592 [CE][DynEvent] :: 33 types
14:47:47.592 [00] AmbientHen
14:47:47.592   Primary Spawner: "Ambient", active: yes, repeat: 1
14:47:47.592 [01] AnimalBear
14:47:47.592   Primary Spawner: "Animal", active: yes, repeat: 1
14:47:47.592 [02] AnimalCow
14:47:47.592   Primary Spawner: "Animal", active: yes, repeat: 1
14:47:47.592 [03] AnimalDeer
14:47:47.592   Primary Spawner: "Animal", active: yes, repeat: 1
14:47:47.592 [04] AnimalGoat
14:47:47.592   Primary Spawner: "Animal", active: yes, repeat: 1
14:47:47.592 [05] AnimalPig
14:47:47.592   Primary Spawner: "Animal", active: yes, repeat: 1
14:47:47.592 [06] AnimalRoeDeer
14:47:47.592   Primary Spawner: "Animal", active: yes, repeat: 1
14:47:47.592 [07] AnimalSheep
14:47:47.592   Primary Spawner: "Animal", active: yes, repeat: 1
14:47:47.592 [08] AnimalWildBoar
14:47:47.592   Primary Spawner: "Animal", active: yes, repeat: 1
14:47:47.592 [09] AnimalWolf
14:47:47.592   Primary Spawner: "Animal", active: yes, repeat: 1
14:47:47.592 [10] InfectedArmy
14:47:47.592   Primary Spawner: "Infected", active: yes, repeat: 1
14:47:47.592 [11] InfectedCity
14:47:47.592   Primary Spawner: "Infected", active: yes, repeat: 1
14:47:47.592 [12] InfectedFirefighter
14:47:47.592   Primary Spawner: "Infected", active: yes, repeat: 1
14:47:47.592 [13] InfectedIndustrial
14:47:47.592   Primary Spawner: "Infected", active: yes, repeat: 1
14:47:47.592 [14] InfectedMedic
14:47:47.592   Primary Spawner: "Infected", active: yes, repeat: 1
14:47:47.592 [15] InfectedPolice
14:47:47.592   Primary Spawner: "Infected", active: yes, repeat: 1
14:47:47.592 [16] InfectedPrisoner
14:47:47.592   Primary Spawner: "Infected", active: yes, repeat: 1
14:47:47.592 [17] InfectedReligious
14:47:47.592   Primary Spawner: "Infected", active: yes, repeat: 1
14:47:47.592 [18] InfectedSolitude
14:47:47.592   Primary Spawner: "Infected", active: yes, repeat: 1
14:47:47.592 [19] InfectedVillage
14:47:47.592   Primary Spawner: "Infected", active: yes, repeat: 1
14:47:47.592 [20] ItemPlanks
14:47:47.592   Primary Spawner: "Item", active: yes, repeat: 1
14:47:47.592 [21] Loot
14:47:47.592   Primary Spawner: "Loot", active: yes, repeat: 2
14:47:47.592 [22] StaticHeliCrash
14:47:47.592   Primary Spawner: "Vehicle", active: yes, repeat: 1
14:47:47.592   Secondary Spawner: "Infected", active: yes, repeat: 1
14:47:47.592 [23] StaticPoliceCar
14:47:47.592   Primary Spawner: "Vehicle", active: yes, repeat: 1
14:47:47.592 [24] TrajectoryConiferous
14:47:47.592   Primary Spawner: "Trajectory", active: yes, repeat: 1
14:47:47.592 [25] TrajectoryDeciduous
14:47:47.592   Primary Spawner: "Trajectory", active: yes, repeat: 1
14:47:47.592 [26] TrajectoryHumus
14:47:47.592   Primary Spawner: "Trajectory", active: yes, repeat: 1
14:47:47.592 [27] TrajectoryStones
14:47:47.592   Primary Spawner: "Trajectory", active: yes, repeat: 1
14:47:47.592 [28] VehicleCivilianSedan
14:47:47.592   Primary Spawner: "Vehicle", active: yes, repeat: 1
14:47:47.592 [29] VehicleHatchback02
14:47:47.592   Primary Spawner: "Vehicle", active: yes, repeat: 1
14:47:47.592 [30] VehicleOffroadHatchback
14:47:47.592   Primary Spawner: "Vehicle", active: yes, repeat: 1
14:47:47.592 [31] VehicleSedan02
14:47:47.592   Primary Spawner: "Vehicle", active: yes, repeat: 1
14:47:47.592 [32] VehicleCrSk_Land_Rover_Defender_110
14:47:47.592   Primary Spawner: "Vehicle", active: yes, repeat: 1
14:47:47.592 [CE][Hive] :: Initializing of spawners done.
14:47:47.608 [CE][Hive] :: Init sequence finished.
14:47:47.608 Player connect enabled
14:47:47.858 Average server FPS: 0.07 (measured interval: 30 s)
14:47:47.858 Used memory: 1457256 KB
14:47:47.858 Players: 0 in total
14:48:17.859 Average server FPS: 1802.40 (measured interval: 30 s)
14:48:17.859 Used memory: 1556661 KB
14:48:17.859 Players: 0 in total
14:48:47.861 Average server FPS: 2779.87 (measured interval: 30 s)
14:48:47.861 Used memory: 1563883 KB
14:48:47.861 Players: 0 in total
14:49:06.768 [CE][Links] found 0 total links between groups, of 1
14:49:06.768 [CE][SpawnRandomLoot] (StaticHeliCrash) :: ChildType: Wreck_UH1Y, lootmin: 10, lootmax: 20, wanted: 10
14:49:17.862 Average server FPS: 2802.87 (measured interval: 30 s)
14:49:17.862 Used memory: 1579256 KB
14:49:17.862 Players: 0 in total
14:49:47.864 Average server FPS: 2712.90 (measured interval: 30 s)
14:49:47.864 Used memory: 1585674 KB
14:49:47.864 Players: 0 in total
14:50:18.68 Average server FPS: 2747.72 (measured interval: 30 s)
14:50:18.68 Used memory: 1595692 KB
14:50:18.68 Players: 0 in total
14:50:48.101 Average server FPS: 3114.35 (measured interval: 30 s)
14:50:48.101 Used memory: 1597049 KB
14:50:48.101 Players: 0 in total
14:51:18.103 Average server FPS: 2998.13 (measured interval: 30 s)
14:51:18.103 Used memory: 1599547 KB
14:51:18.103 Players: 0 in total
14:51:48.198 Average server FPS: 3135.71 (measured interval: 30 s)
14:51:48.198 Used memory: 1602939 KB
14:51:48.198 Players: 0 in total
14:52:18.199 Average server FPS: 3239.87 (measured interval: 30 s)
14:52:18.199 Used memory: 1606890 KB
14:52:18.199 Players: 0 in total
14:52:48.201 Average server FPS: 3165.67 (measured interval: 30 s)
14:52:48.201 Used memory: 1614274 KB
14:52:48.201 Players: 0 in total
14:53:18.249 Average server FPS: 3056.73 (measured interval: 30 s)
14:53:18.249 Used memory: 1624651 KB
14:53:18.249 Players: 0 in total
14:53:48.235 Average server FPS: 3114.33 (measured interval: 30 s)
14:53:48.235 Used memory: 1632772 KB
14:53:48.235 Players: 0 in total
14:54:18.440 Average server FPS: 3155.61 (measured interval: 30 s)
14:54:18.440 Used memory: 1636700 KB
14:54:18.440 Players: 0 in total
14:54:48.426 Average server FPS: 3017.23 (measured interval: 30 s)
14:54:48.426 Used memory: 1648437 KB
14:54:48.426 Players: 0 in total
14:55:18.552 Average server FPS: 3131.57 (measured interval: 30 s)
14:55:18.552 Used memory: 1651116 KB
14:55:18.552 Players: 0 in total
14:55:48.538 Average server FPS: 3210.19 (measured interval: 30 s)
14:55:48.538 Used memory: 1655681 KB
14:55:48.538 Players: 0 in total
14:56:18.664 Average server FPS: 3029.13 (measured interval: 30 s)
14:56:18.664 Used memory: 1664771 KB
14:56:18.664 Players: 0 in total
14:56:48.650 Average server FPS: 3032.67 (measured interval: 30 s)
14:56:48.650 Used memory: 1670752 KB
14:56:48.650 Players: 0 in total
14:57:18.652 Average server FPS: 3075.33 (measured interval: 30 s)
14:57:18.652 Used memory: 1674222 KB
14:57:18.652 Players: 0 in total
14:57:21.261 [CE][Links] found 0 total links between groups, of 2
14:57:21.261 [CE][SpawnRandomLoot] (StaticHeliCrash) :: ChildType: Wreck_Mi8, lootmin: 10, lootmax: 20, wanted: 10
14:57:48.747 Average server FPS: 3048.96 (measured interval: 30 s)
14:57:48.747 Used memory: 1678258 KB
14:57:48.747 Players: 0 in total
14:58:18.749 Average server FPS: 3046.33 (measured interval: 30 s)
14:58:18.749 Used memory: 1685712 KB
14:58:18.749 Players: 0 in total
14:58:48.781 Average server FPS: 2966.04 (measured interval: 30 s)
14:58:48.781 Used memory: 1691099 KB
14:58:48.781 Players: 0 in total
14:59:18.799 Average server FPS: 3005.00 (measured interval: 30 s)
14:59:18.799 Used memory: 1696219 KB
14:59:18.799 Players: 0 in total
14:59:48.784 Average server FPS: 2972.40 (measured interval: 30 s)
14:59:48.784 Used memory: 1700368 KB
14:59:48.784 Players: 0 in total
15:00:18.786 Average server FPS: 2910.73 (measured interval: 30 s)
15:00:18.786 Used memory: 1707161 KB
15:00:18.786 Players: 0 in total
15:00:48.787 Average server FPS: 2885.97 (measured interval: 30 s)
15:00:48.787 Used memory: 1710216 KB
15:00:48.787 Players: 0 in total
15:01:18.805 Average server FPS: 2906.49 (measured interval: 30 s)
15:01:18.805 Used memory: 1713750 KB
15:01:18.805 Players: 0 in total
15:01:48.806 Average server FPS: 2927.39 (measured interval: 30 s)
15:01:48.806 Used memory: 1717624 KB
15:01:48.806 Players: 0 in total
15:02:18.839 Average server FPS: 3080.23 (measured interval: 30 s)
15:02:18.839 Used memory: 1720825 KB
15:02:18.839 Players: 0 in total
15:02:48.840 Average server FPS: 5060.70 (measured interval: 30 s)
15:02:48.840 Used memory: 1720876 KB
15:02:48.840 Players: 0 in total
15:03:18.842 Average server FPS: 7620.10 (measured interval: 30 s)
15:03:18.842 Used memory: 1721531 KB
15:03:18.842 Players: 0 in total
15:03:48.843 Average server FPS: 7597.27 (measured interval: 30 s)
15:03:48.843 Used memory: 1721477 KB
15:03:48.843 Players: 0 in total
15:04:18.845 Average server FPS: 7634.57 (measured interval: 30 s)
15:04:18.845 Used memory: 1721457 KB
15:04:18.845 Players: 0 in total
15:04:48.846 Average server FPS: 7628.60 (measured interval: 30 s)
15:04:48.846 Used memory: 1721730 KB
15:04:48.846 Players: 0 in total
15:05:18.848 Average server FPS: 7742.23 (measured interval: 30 s)
15:05:18.848 Used memory: 1721050 KB
15:05:18.848 Players: 0 in total
15:05:48.849 Average server FPS: 7496.43 (measured interval: 30 s)
15:05:48.849 Used memory: 1721611 KB
15:05:48.849 Players: 0 in total
15:06:18.851 Average server FPS: 7862.17 (measured interval: 30 s)
15:06:18.851 Used memory: 1720781 KB
15:06:18.851 Players: 0 in total
15:06:48.852 Average server FPS: 7879.57 (measured interval: 30 s)
15:06:48.852 Used memory: 1721352 KB
15:06:48.852 Players: 0 in total
15:07:06.291 [CE][Links] found 0 total links between groups, of 3
15:07:06.291 [CE][SpawnRandomLoot] (StaticHeliCrash) :: ChildType: Wreck_Mi8, lootmin: 10, lootmax: 20, wanted: 18
15:07:18.838 Average server FPS: 7765.13 (measured interval: 30 s)
15:07:18.838 Used memory: 1722190 KB
15:07:18.838 Players: 0 in total
15:07:48.840 Average server FPS: 7914.70 (measured interval: 30 s)
15:07:48.840 Used memory: 1722182 KB
15:07:48.840 Players: 0 in total
15:08:18.841 Average server FPS: 7769.47 (measured interval: 30 s)
15:08:18.841 Used memory: 1721875 KB
15:08:18.841 Players: 0 in total
15:08:48.843 Average server FPS: 7896.40 (measured interval: 30 s)
15:08:48.843 Used memory: 1721788 KB
15:08:48.843 Players: 0 in total
15:09:18.844 Average server FPS: 7809.77 (measured interval: 30 s)
15:09:18.844 Used memory: 1721980 KB
15:09:18.844 Players: 0 in total
15:09:48.846 Average server FPS: 7895.47 (measured interval: 30 s)
15:09:48.846 Used memory: 1722011 KB
15:09:48.846 Players: 0 in total
15:10:18.847 Average server FPS: 7843.50 (measured interval: 30 s)
15:10:18.847 Used memory: 1721766 KB
15:10:18.847 Players: 0 in total
15:10:48.849 Average server FPS: 7967.57 (measured interval: 30 s)
15:10:48.849 Used memory: 1721406 KB
15:10:48.849 Players: 0 in total
15:11:18.850 Average server FPS: 7977.13 (measured interval: 30 s)
15:11:18.850 Used memory: 1721223 KB
15:11:18.850 Players: 0 in total
15:11:48.852 Average server FPS: 7960.60 (measured interval: 30 s)
15:11:48.852 Used memory: 1721286 KB
15:11:48.852 Players: 0 in total
15:12:18.838 Average server FPS: 7956.10 (measured interval: 30 s)
15:12:18.838 Used memory: 1721140 KB
15:12:18.838 Players: 0 in total
15:12:48.839 Average server FPS: 7813.27 (measured interval: 30 s)
15:12:48.839 Used memory: 1720931 KB
15:12:48.839 Players: 0 in total
15:13:18.841 Average server FPS: 7609.77 (measured interval: 30 s)
15:13:18.841 Used memory: 1721015 KB
15:13:18.841 Players: 0 in total
15:13:48.842 Average server FPS: 7844.93 (measured interval: 30 s)
15:13:48.842 Used memory: 1720958 KB
15:13:48.842 Players: 0 in total
15:14:18.844 Average server FPS: 7821.43 (measured interval: 30 s)
15:14:18.844 Used memory: 1721590 KB
15:14:18.844 Players: 0 in total
15:14:48.845 Average server FPS: 7744.97 (measured interval: 30 s)
15:14:48.845 Used memory: 1721624 KB
15:14:48.845 Players: 0 in total
15:15:18.847 Average server FPS: 7818.83 (measured interval: 30 s)
15:15:18.847 Used memory: 1721070 KB
15:15:18.847 Players: 0 in total
15:15:48.848 Average server FPS: 7761.07 (measured interval: 30 s)
15:15:48.848 Used memory: 1720887 KB
15:15:48.848 Players: 0 in total
15:16:18.850 Average server FPS: 7652.00 (measured interval: 30 s)
15:16:18.850 Used memory: 1720977 KB
15:16:18.850 Players: 0 in total
15:16:48.851 Average server FPS: 7931.47 (measured interval: 30 s)
15:16:48.851 Used memory: 1721378 KB
15:16:48.851 Players: 0 in total
15:17:18.853 Average server FPS: 7823.23 (measured interval: 30 s)
15:17:18.853 Used memory: 1721961 KB
15:17:18.853 Players: 0 in total
15:17:48.838 Average server FPS: 7859.93 (measured interval: 30 s)
15:17:48.838 Used memory: 1721555 KB
15:17:48.838 Players: 0 in total
15:18:18.324 [CE][Links] found 0 total links between groups, of 4
15:18:18.324 [CE][SpawnRandomLoot] (StaticPoliceCar) :: ChildType: Land_Wreck_Volha_Police, lootmin: 3, lootmax: 5, wanted: 3
15:18:18.324 [CE][Links] found 0 total links between groups, of 5
15:18:18.324 [CE][SpawnRandomLoot] (StaticPoliceCar) :: ChildType: Land_Wreck_Volha_Police, lootmin: 3, lootmax: 5, wanted: 3
15:18:18.340 [CE][Links] found 0 total links between groups, of 6
15:18:18.340 [CE][SpawnRandomLoot] (StaticPoliceCar) :: ChildType: Land_Wreck_Volha_Police, lootmin: 3, lootmax: 5, wanted: 3
15:18:18.340 [CE][Links] found 0 total links between groups, of 7
15:18:18.340 [CE][SpawnRandomLoot] (StaticPoliceCar) :: ChildType: Land_Wreck_Volha_Police, lootmin: 3, lootmax: 5, wanted: 4
15:18:18.340 [CE][Links] found 0 total links between groups, of 8
15:18:18.340 [CE][SpawnRandomLoot] (StaticPoliceCar) :: ChildType: Land_Wreck_Volha_Police, lootmin: 3, lootmax: 5, wanted: 3
15:18:18.340 [CE][Links] found 0 total links between groups, of 9
15:18:18.340 [CE][SpawnRandomLoot] (StaticPoliceCar) :: ChildType: Land_Wreck_Volha_Police, lootmin: 3, lootmax: 5, wanted: 3
15:18:18.340 [CE][Links] found 0 total links between groups, of 10
15:18:18.340 [CE][SpawnRandomLoot] (StaticPoliceCar) :: ChildType: Land_Wreck_Volha_Police, lootmin: 3, lootmax: 5, wanted: 3
15:18:18.356 [CE][Links] found 0 total links between groups, of 11
15:18:18.356 [CE][SpawnRandomLoot] (StaticPoliceCar) :: ChildType: Land_Wreck_Volha_Police, lootmin: 3, lootmax: 5, wanted: 4
15:18:18.356 [CE][Links] found 0 total links between groups, of 12
15:18:18.356 [CE][SpawnRandomLoot] (StaticPoliceCar) :: ChildType: Land_Wreck_Volha_Police, lootmin: 3, lootmax: 5, wanted: 4
15:18:18.356 [CE][Links] found 0 total links between groups, of 13
15:18:18.356 [CE][SpawnRandomLoot] (StaticPoliceCar) :: ChildType: Land_Wreck_Volha_Police, lootmin: 3, lootmax: 5, wanted: 3
15:18:18.840 Average server FPS: 7860.33 (measured interval: 30 s)
15:18:18.840 Used memory: 1721721 KB
15:18:18.840 Players: 0 in total
15:18:48.841 Average server FPS: 7022.20 (measured interval: 30 s)
15:18:48.841 Used memory: 1721863 KB
15:18:48.841 Players: 0 in total
15:19:18.843 Average server FPS: 7695.47 (measured interval: 30 s)
15:19:18.843 Used memory: 1722319 KB
15:19:18.843 Players: 0 in total
15:19:48.844 Average server FPS: 7938.27 (measured interval: 30 s)
15:19:48.844 Used memory: 1722117 KB
15:19:48.844 Players: 0 in total
15:20:18.846 Average server FPS: 7920.20 (measured interval: 30 s)
15:20:18.846 Used memory: 1721918 KB
15:20:18.846 Players: 0 in total
15:20:48.847 Average server FPS: 7883.80 (measured interval: 30 s)
15:20:48.847 Used memory: 1722001 KB
15:20:48.847 Players: 0 in total
15:21:18.849 Average server FPS: 7953.83 (measured interval: 30 s)
15:21:18.849 Used memory: 1721992 KB
15:21:18.849 Players: 0 in total
15:21:48.850 Average server FPS: 7927.67 (measured interval: 30 s)
15:21:48.850 Used memory: 1721884 KB
15:21:48.850 Players: 0 in total
15:22:18.852 Average server FPS: 7921.40 (measured interval: 30 s)
15:22:18.852 Used memory: 1721589 KB
15:22:18.852 Players: 0 in total
15:22:48.838 Average server FPS: 7943.13 (measured interval: 30 s)
15:22:48.838 Used memory: 1721463 KB
15:22:48.838 Players: 0 in total
15:23:18.839 Average server FPS: 7873.17 (measured interval: 30 s)
15:23:18.839 Used memory: 1721460 KB
15:23:18.839 Players: 0 in total
15:23:48.841 Average server FPS: 7893.20 (measured interval: 30 s)
15:23:48.841 Used memory: 1721199 KB
15:23:48.841 Players: 0 in total
15:24:18.842 Average server FPS: 7870.17 (measured interval: 30 s)
15:24:18.842 Used memory: 1720910 KB
15:24:18.842 Players: 0 in total
15:24:48.844 Average server FPS: 6834.30 (measured interval: 30 s)
15:24:48.844 Used memory: 1720820 KB
15:24:48.844 Players: 0 in total
15:25:18.845 Average server FPS: 7895.93 (measured interval: 30 s)
15:25:18.845 Used memory: 1720636 KB
15:25:18.845 Players: 0 in total
15:25:48.847 Average server FPS: 7967.60 (measured interval: 30 s)
15:25:48.847 Used memory: 1720484 KB
15:25:48.847 Players: 0 in total
15:26:18.848 Average server FPS: 7967.27 (measured interval: 30 s)
15:26:18.848 Used memory: 1720288 KB
15:26:18.848 Players: 0 in total
15:26:48.850 Average server FPS: 7970.73 (measured interval: 30 s)
15:26:48.850 Used memory: 1720274 KB
15:26:48.850 Players: 0 in total
15:27:18.851 Average server FPS: 7967.17 (measured interval: 30 s)
15:27:18.851 Used memory: 1720176 KB
15:27:18.851 Players: 0 in total
15:27:48.853 Average server FPS: 7971.80 (measured interval: 30 s)
15:27:48.853 Used memory: 1720005 KB
15:27:48.853 Players: 0 in total
15:28:18.839 Average server FPS: 7815.90 (measured interval: 30 s)
15:28:18.839 Used memory: 1720218 KB
15:28:18.839 Players: 0 in total
15:28:48.840 Average server FPS: 7944.30 (measured interval: 30 s)
15:28:48.840 Used memory: 1720130 KB
15:28:48.840 Players: 0 in total
15:29:18.842 Average server FPS: 7794.73 (measured interval: 30 s)
15:29:18.842 Used memory: 1720108 KB
15:29:18.842 Players: 0 in total
15:29:48.843 Average server FPS: 7951.33 (measured interval: 30 s)
15:29:48.843 Used memory: 1719591 KB
15:29:48.843 Players: 0 in total
15:30:18.845 Average server FPS: 7959.37 (measured interval: 30 s)
15:30:18.845 Used memory: 1719531 KB
15:30:18.845 Players: 0 in total
15:30:48.846 Average server FPS: 7962.13 (measured interval: 30 s)
15:30:48.846 Used memory: 1719414 KB
15:30:48.846 Players: 0 in total
15:31:18.848 Average server FPS: 7937.67 (measured interval: 30 s)
15:31:18.848 Used memory: 1719443 KB
15:31:18.848 Players: 0 in total
15:31:48.849 Average server FPS: 7944.97 (measured interval: 30 s)
15:31:48.849 Used memory: 1719258 KB
15:31:48.849 Players: 0 in total
15:32:18.851 Average server FPS: 7943.93 (measured interval: 30 s)
15:32:18.851 Used memory: 1719470 KB
15:32:18.851 Players: 0 in total
15:32:48.852 Average server FPS: 7969.53 (measured interval: 30 s)
15:32:48.852 Used memory: 1719462 KB
15:32:48.852 Players: 0 in total
15:33:18.838 Average server FPS: 7800.93 (measured interval: 30 s)
15:33:18.838 Used memory: 1719617 KB
15:33:18.838 Players: 0 in total
15:33:48.840 Average server FPS: 7980.87 (measured interval: 30 s)
15:33:48.840 Used memory: 1719360 KB
15:33:48.840 Players: 0 in total
15:34:18.841 Average server FPS: 8080.17 (measured interval: 30 s)
15:34:18.841 Used memory: 1720078 KB
15:34:18.841 Players: 0 in total
15:34:48.843 Average server FPS: 8382.87 (measured interval: 30 s)
15:34:48.843 Used memory: 1720109 KB
15:34:48.843 Players: 0 in total
15:35:18.844 Average server FPS: 8319.17 (measured interval: 30 s)
15:35:18.844 Used memory: 1720232 KB
15:35:18.844 Players: 0 in total
15:35:48.846 Average server FPS: 8306.10 (measured interval: 30 s)
15:35:48.846 Used memory: 1720201 KB
15:35:48.846 Players: 0 in total
15:36:18.847 Average server FPS: 8403.50 (measured interval: 30 s)
15:36:18.847 Used memory: 1720226 KB
15:36:18.847 Players: 0 in total
15:36:48.849 Average server FPS: 8405.03 (measured interval: 30 s)
15:36:48.849 Used memory: 1720009 KB
15:36:48.849 Players: 0 in total
15:36:51.943 [CE][Links] found 0 total links between groups, of 14
15:36:51.943 [CE][SpawnRandomLoot] (StaticHeliCrash) :: ChildType: Wreck_UH1Y, lootmin: 10, lootmax: 20, wanted: 17
15:37:18.850 Average server FPS: 8259.50 (measured interval: 30 s)
15:37:18.850 Used memory: 1720226 KB
15:37:18.850 Players: 0 in total
15:37:48.852 Average server FPS: 8402.17 (measured interval: 30 s)
15:37:48.852 Used memory: 1721029 KB
15:37:48.852 Players: 0 in total
15:38:18.838 Average server FPS: 8383.03 (measured interval: 30 s)
15:38:18.838 Used memory: 1720899 KB
15:38:18.838 Players: 0 in total
15:38:48.839 Average server FPS: 8384.20 (measured interval: 30 s)
15:38:48.839 Used memory: 1720796 KB
15:38:48.839 Players: 0 in total
15:39:18.841 Average server FPS: 8365.27 (measured interval: 30 s)
15:39:18.841 Used memory: 1720888 KB
15:39:18.841 Players: 0 in total
15:39:48.842 Average server FPS: 8269.97 (measured interval: 30 s)
15:39:48.842 Used memory: 1721048 KB
15:39:48.842 Players: 0 in total
15:40:18.844 Average server FPS: 8366.70 (measured interval: 30 s)
15:40:18.844 Used memory: 1720882 KB
15:40:18.844 Players: 0 in total
15:40:48.845 Average server FPS: 8353.87 (measured interval: 30 s)
15:40:48.845 Used memory: 1720993 KB
15:40:48.845 Players: 0 in total
15:41:18.847 Average server FPS: 8264.13 (measured interval: 30 s)
15:41:18.847 Used memory: 1721295 KB
15:41:18.847 Players: 0 in total
15:41:48.661 [CE][Links] found 0 total links between groups, of 15
15:41:48.661 [CE][SpawnRandomLoot] (StaticHeliCrash) :: ChildType: Wreck_UH1Y, lootmin: 10, lootmax: 20, wanted: 17
15:41:48.957 Average server FPS: 8284.48 (measured interval: 30 s)
15:41:48.957 Used memory: 1721263 KB
15:41:48.957 Players: 0 in total
15:42:18.943 Average server FPS: 8357.97 (measured interval: 30 s)
15:42:18.943 Used memory: 1721333 KB
15:42:18.943 Players: 0 in total
15:42:48.945 Average server FPS: 8418.83 (measured interval: 30 s)
15:42:48.945 Used memory: 1721075 KB
15:42:48.945 Players: 0 in total
15:43:18.946 Average server FPS: 8397.97 (measured interval: 30 s)
15:43:18.946 Used memory: 1720648 KB
15:43:18.946 Players: 0 in total
15:43:48.948 Average server FPS: 8356.93 (measured interval: 30 s)
15:43:48.948 Used memory: 1720547 KB
15:43:48.948 Players: 0 in total
15:44:18.949 Average server FPS: 8268.73 (measured interval: 30 s)
15:44:18.949 Used memory: 1720149 KB
15:44:18.949 Players: 0 in total
15:44:48.951 Average server FPS: 8254.93 (measured interval: 30 s)
15:44:48.951 Used memory: 1720015 KB
15:44:48.951 Players: 0 in total
15:45:18.952 Average server FPS: 7991.60 (measured interval: 30 s)
15:45:18.952 Used memory: 1719849 KB
15:45:18.952 Players: 0 in total
15:45:48.954 Average server FPS: 8220.80 (measured interval: 30 s)
15:45:48.954 Used memory: 1720477 KB
15:45:48.954 Players: 0 in total
15:46:18.955 Average server FPS: 8207.47 (measured interval: 30 s)
15:46:18.955 Used memory: 1721696 KB
15:46:18.955 Players: 0 in total
15:46:48.957 Average server FPS: 8157.00 (measured interval: 30 s)
15:46:48.957 Used memory: 1721676 KB
15:46:48.957 Players: 0 in total
15:47:18.943 Average server FPS: 8130.47 (measured interval: 30 s)
15:47:18.943 Used memory: 1721987 KB
15:47:18.943 Players: 0 in total
15:47:49.38 Average server FPS: 8290.25 (measured interval: 30 s)
15:47:49.38 Used memory: 1722156 KB
15:47:49.38 Players: 0 in total
15:47:57.929  --- Termination successfully completed --- 
