

=====================================================================
== D:\DayZServers\TheCommunity_enochTest\DayZTestServer_x64.exe
== "D:\DayZServers\TheCommunity_enochTest\DayZTestServer_x64.exe"  -port=2442 "-mod=@CF;@Community-Online-Tools;@BuildAnywhere;@BaseBuildingLogs;@Trader;@BaseBuildingPlus;@Durable_Suppressors;@VPPMap;@Ear-Plugs;@Catch_Rain;@DayZ-Expansion-Notifications;@DayZ-Expansion-Chat;@No_Shoe_Damage;@Airdrop-Upgraded;@Ammo_Making;@Banking;@BuilderItems;@Camosplus;@CannabisPlus;@CheckIdentity;@Code_Lock;@Dayz_Navigation;@FIDOv4;@FlipTransport;@GoreZ;@IRP;@KillFeed;@NoVehicleDamage;@PartyMe;@Modular_Vest_System;@MuchStuffPack;@SWP;@BreachingCharge;@BBPBreachCharge;@MunghardsItempack;@NDVPPM;@Next_Days;@Notes;@SQUAD_MSF-C;@Zeroy-FishingZ;@OP_BaseItems;@Base_Storage;@SIX-DayZ-Auto-Run;" -config=D:\DayZServers\TheCommunity_enochTest\TheCommunityDZTest.cfg -profiles=TheCommunityServer -BEPath=D:\DayZServers\TheCommunity_enochTest\battleye -filePatching -adminlog -netlog -freezecheck -scrAllowFileWrite
=====================================================================
Exe timestamp: 2020/04/26 15:56:05
Current time:  2020/05/01 04:31:19

Version 1.07.153006
 4:31:19.77 [Inputs] Loading inputs default "bin/constants.xml"
 4:31:19.77 [Inputs] Loading inputs default "bin/specific.xml"
 4:31:19.77 !!! [Inputs] Invalid input name used "UAUIInspectItem" for context "ui" in "bin/specific.xml"
 4:31:19.77 !!! [Inputs] Attempt to register duplicate Modded-Inputs file "VanillaPPMap/data/modded_Inputs.xml"
 4:31:19.77 [Inputs] Loading inputs default "EarPlugs\data\inputs.xml"
 4:31:19.77 [Inputs] Loading inputs default "JM/COT/scripts/Data/Inputs.xml"
 4:31:19.77 [Inputs] Loading inputs default "KillFeed/inputs/Inputs.xml"
 4:31:19.77 [Inputs] Loading inputs default "partyme/scripts/partyme_inputs.xml"
 4:31:19.77 [Inputs] Loading inputs default "VanillaPPMap/data/modded_Inputs.xml"
 4:31:19.77 [Inputs] Loading inputs default "NextDays/data/NextDays_Inputs.xml"
 4:31:19.77 [Inputs] Loading inputs default "A3_UI_F/Scripts/Inputs.xml"
 4:31:19.77 [Inputs] Loading inputs default "BaseBuildingPlus/Scripts/Data/Inputs.xml"
 4:31:19.77 [Inputs] Loading inputs default "VanillaPPMap/data/modded_Inputs.xml"
 4:31:19.77 !!! [Inputs] Attempt to register duplicate input "UAOpenVPPMap"
 4:31:19.77 !!! [Inputs] Attempt to register duplicate input "UAToggleVPPMap3DMarkers"
 4:31:19.77 [Inputs] Loading inputs cfg "TheCommunityServer\Users\Survivor\Server.core.xml"
 4:31:19.77 [Inputs] Exporting inputs cfg "TheCommunityServer\Users\Survivor\Server.core.xml"
 4:31:19.405 !!! [Inputs] Attempt to register "PMHideShowTrackers" input twice
 4:32:06.595 [CE][Hive] :: Initializing OFFLINE
 4:32:06.595 [CE][Hive] :: Loading core data ... 
 4:32:06.595 [CE][CoreData] :: 7 root classes, 19 defaults, 0 updaters...
 4:32:12.486 [CE][RegisterBind] :: 0 classes binded...
 4:32:12.486 [CE][RegisterConfig] :: 10056 config classes registered, 0 sub-counters...
 4:32:12.486 [CE][Hive] :: Loading map data ... 
 4:32:12.533 !!! [CE] :: Unknown category: 'vehicleparts'.
 4:32:12.533 [CE][LoadPrototype] :: loaded 330 prototypes
 4:32:12.533   702 containers, 9116 points
 4:32:12.533   24 dispatches, 90 proxies
 4:32:12.533 !!! [CE][LoadPrototype] 12 groups have no points...
 4:32:12.533 !!![CE][LoadPrototype]  3 groups have wrong points...
 4:32:12.533 [CE][LoadPrototype] :: last group name: Land_Lunapark_Autodrome...
 4:32:12.533 [CE][LoadPrototype] :: loaded 0 prototypes
 4:32:12.533   0 containers, 0 points
 4:32:12.533   0 dispatches, 0 proxies
 4:32:12.533 [CE][LoadPrototype] :: last group name: PathD_7100...
 4:32:12.830 [CE][LoadMap] "Group" :: loaded 5086 groups, largest group range: 26.9
 4:32:12.846 [CE][LoadMap] "Dirt" :: loaded 0 groups, largest group range: 26.9
 4:32:12.939 [CE][Links] found 354 total links between groups, of 5086
 4:32:12.939 [CE][LoadClusters] "Cluster" :: Loading files...
 4:32:13.142 [CE][LoadClusters] :: file: "mapgroupcluster.xml", 4 types, 50000 instances
 4:32:13.346 [CE][LoadClusters] :: file: "mapgroupcluster01", 4 types, 50000 instances
 4:32:13.564 [CE][LoadClusters] :: file: "mapgroupcluster02", 4 types, 50000 instances
 4:32:13.783 [CE][LoadClusters] :: file: "mapgroupcluster03", 4 types, 50000 instances
 4:32:13.877 [CE][LoadClusters] :: file: "mapgroupcluster04", 4 types, 21297 instances
 4:32:13.892 [CE][Storage] ver:21 stamp:11801, valid:yes, name:"mpmissions\TheCommunity.enoch\storage_666\data\types.bin"
 4:32:13.892 [CE][Storage] ver:21 stamp:11800, valid:yes, name:"mpmissions\TheCommunity.enoch\storage_666\data\types.001"
 4:32:13.892 [CE][Storage] ver:21 stamp:11801, valid:yes, name:"mpmissions\TheCommunity.enoch\storage_666\data\types.002"
 4:32:13.892 [CE][Storage] Restoring file "mpmissions\TheCommunity.enoch\storage_666\data\types.bin".
 4:32:14.96 [CE][offlineDB] :: Loaded 33 dynamic events 215 total types 0 total positions.
 4:32:14.143 [CE][Storage] ver:21 stamp:11801, valid:yes, name:"mpmissions\TheCommunity.enoch\storage_666\data\events.bin"
 4:32:14.143 [CE][Storage] ver:21 stamp:11800, valid:yes, name:"mpmissions\TheCommunity.enoch\storage_666\data\events.001"
 4:32:14.143 [CE][Storage] ver:21 stamp:11801, valid:yes, name:"mpmissions\TheCommunity.enoch\storage_666\data\events.002"
 4:32:14.143 [CE][Storage] Restoring file "mpmissions\TheCommunity.enoch\storage_666\data\events.bin".
 4:32:14.143 [CE][DynamicEvent] Load  Events:[33] Primary spawners: 33 Secondary spawners: 1
 4:32:14.143 [CE][Storage] ver:24 stamp:11801, valid:yes, name:"mpmissions\TheCommunity.enoch\storage_666\data\vehicles.bin"
 4:32:14.143 [CE][Storage] ver:24 stamp:11800, valid:yes, name:"mpmissions\TheCommunity.enoch\storage_666\data\vehicles.001"
 4:32:14.143 [CE][Storage] ver:24 stamp:11801, valid:yes, name:"mpmissions\TheCommunity.enoch\storage_666\data\vehicles.002"
 4:32:14.143 [CE][Storage] Restoring file "mpmissions\TheCommunity.enoch\storage_666\data\vehicles.bin" 116 items.
 4:32:14.268   116 items loaded.
 4:32:14.268 [CE][Storage] ver:24 stamp:11801, valid:yes, name:"mpmissions\TheCommunity.enoch\storage_666\data\dynamic_000.bin"
 4:32:14.268 [CE][Storage] ver:24 stamp:11800, valid:yes, name:"mpmissions\TheCommunity.enoch\storage_666\data\dynamic_000.001"
 4:32:14.268 [CE][Storage] ver:24 stamp:11801, valid:yes, name:"mpmissions\TheCommunity.enoch\storage_666\data\dynamic_000.002"
 4:32:14.268 [CE][Storage] Restoring file "mpmissions\TheCommunity.enoch\storage_666\data\dynamic_000.bin" 344 items.
 4:32:14.518   344 items loaded.
 4:32:14.518 [CE][Storage] ver:24 stamp:11801, valid:yes, name:"mpmissions\TheCommunity.enoch\storage_666\data\dynamic_001.bin"
 4:32:14.533 [CE][Storage] ver:24 stamp:11800, valid:yes, name:"mpmissions\TheCommunity.enoch\storage_666\data\dynamic_001.001"
 4:32:14.533 [CE][Storage] ver:24 stamp:11801, valid:yes, name:"mpmissions\TheCommunity.enoch\storage_666\data\dynamic_001.002"
 4:32:14.533 [CE][Storage] Restoring file "mpmissions\TheCommunity.enoch\storage_666\data\dynamic_001.bin" 2253 items.
 4:32:15.314   2253 items loaded.
 4:32:15.314 [CE][Storage] ver:24 stamp:11801, valid:yes, name:"mpmissions\TheCommunity.enoch\storage_666\data\dynamic_002.bin"
 4:32:15.314 [CE][Storage] ver:24 stamp:11800, valid:yes, name:"mpmissions\TheCommunity.enoch\storage_666\data\dynamic_002.001"
 4:32:15.314 [CE][Storage] ver:24 stamp:11801, valid:yes, name:"mpmissions\TheCommunity.enoch\storage_666\data\dynamic_002.002"
 4:32:15.314 [CE][Storage] Restoring file "mpmissions\TheCommunity.enoch\storage_666\data\dynamic_002.bin" 637 items.
 4:32:15.502   637 items loaded.
 4:32:15.502 [CE][Storage] ver:24 stamp:11801, valid:yes, name:"mpmissions\TheCommunity.enoch\storage_666\data\dynamic_003.bin"
 4:32:15.502 [CE][Storage] ver:24 stamp:11800, valid:yes, name:"mpmissions\TheCommunity.enoch\storage_666\data\dynamic_003.001"
 4:32:15.502 [CE][Storage] ver:24 stamp:11801, valid:yes, name:"mpmissions\TheCommunity.enoch\storage_666\data\dynamic_003.002"
 4:32:15.502 [CE][Storage] Restoring file "mpmissions\TheCommunity.enoch\storage_666\data\dynamic_003.bin" 1175 items.
 4:32:15.861   1175 items loaded.
 4:32:15.861 [CE][Storage] ver:24 stamp:11801, valid:yes, name:"mpmissions\TheCommunity.enoch\storage_666\data\dynamic_004.bin"
 4:32:15.861 [CE][Storage] ver:24 stamp:11800, valid:yes, name:"mpmissions\TheCommunity.enoch\storage_666\data\dynamic_004.001"
 4:32:15.861 [CE][Storage] ver:24 stamp:11801, valid:yes, name:"mpmissions\TheCommunity.enoch\storage_666\data\dynamic_004.002"
 4:32:15.861 [CE][Storage] Restoring file "mpmissions\TheCommunity.enoch\storage_666\data\dynamic_004.bin" 1620 items.
 4:32:16.455   1620 items loaded.
 4:32:16.455 [CE][Storage] ver:24 stamp:11801, valid:yes, name:"mpmissions\TheCommunity.enoch\storage_666\data\dynamic_005.bin"
 4:32:16.455 [CE][Storage] ver:24 stamp:11800, valid:yes, name:"mpmissions\TheCommunity.enoch\storage_666\data\dynamic_005.001"
 4:32:16.455 [CE][Storage] ver:24 stamp:11801, valid:yes, name:"mpmissions\TheCommunity.enoch\storage_666\data\dynamic_005.002"
 4:32:16.471 [CE][Storage] Restoring file "mpmissions\TheCommunity.enoch\storage_666\data\dynamic_005.bin" 1945 items.
 4:32:17.111   1945 items loaded.
 4:32:17.111 [CE][Storage] ver:24 stamp:11801, valid:yes, name:"mpmissions\TheCommunity.enoch\storage_666\data\dynamic_006.bin"
 4:32:17.111 [CE][Storage] ver:24 stamp:11800, valid:yes, name:"mpmissions\TheCommunity.enoch\storage_666\data\dynamic_006.001"
 4:32:17.111 [CE][Storage] ver:24 stamp:11801, valid:yes, name:"mpmissions\TheCommunity.enoch\storage_666\data\dynamic_006.002"
 4:32:17.111 [CE][Storage] Restoring file "mpmissions\TheCommunity.enoch\storage_666\data\dynamic_006.bin" 1079 items.
 4:32:17.486   1079 items loaded.
 4:32:17.486 [CE][Storage] ver:24 stamp:11801, valid:yes, name:"mpmissions\TheCommunity.enoch\storage_666\data\dynamic_007.bin"
 4:32:17.486 [CE][Storage] ver:24 stamp:11800, valid:yes, name:"mpmissions\TheCommunity.enoch\storage_666\data\dynamic_007.001"
 4:32:17.486 [CE][Storage] ver:24 stamp:11801, valid:yes, name:"mpmissions\TheCommunity.enoch\storage_666\data\dynamic_007.002"
 4:32:17.486 [CE][Storage] Restoring file "mpmissions\TheCommunity.enoch\storage_666\data\dynamic_007.bin" 1328 items.
 4:32:17.955   1328 items loaded.
 4:32:17.955 [CE][Storage] ver:24 stamp:11801, valid:yes, name:"mpmissions\TheCommunity.enoch\storage_666\data\dynamic_008.bin"
 4:32:17.955 [CE][Storage] ver:24 stamp:11800, valid:yes, name:"mpmissions\TheCommunity.enoch\storage_666\data\dynamic_008.001"
 4:32:17.955 [CE][Storage] ver:24 stamp:11801, valid:yes, name:"mpmissions\TheCommunity.enoch\storage_666\data\dynamic_008.002"
 4:32:17.955 [CE][Storage] Restoring file "mpmissions\TheCommunity.enoch\storage_666\data\dynamic_008.bin" 1159 items.
 4:32:18.315   1159 items loaded.
 4:32:18.315 [CE][Storage] ver:24 stamp:11801, valid:yes, name:"mpmissions\TheCommunity.enoch\storage_666\data\dynamic_009.bin"
 4:32:18.315 [CE][Storage] ver:24 stamp:11800, valid:yes, name:"mpmissions\TheCommunity.enoch\storage_666\data\dynamic_009.001"
 4:32:18.315 [CE][Storage] ver:24 stamp:11801, valid:yes, name:"mpmissions\TheCommunity.enoch\storage_666\data\dynamic_009.002"
 4:32:18.315 [CE][Storage] Restoring file "mpmissions\TheCommunity.enoch\storage_666\data\dynamic_009.bin" 1075 items.
 4:32:18.674   1075 items loaded.
 4:32:18.674 [CE][Storage] ver:24 stamp:11801, valid:yes, name:"mpmissions\TheCommunity.enoch\storage_666\data\dynamic_010.bin"
 4:32:18.674 [CE][Storage] ver:24 stamp:11800, valid:yes, name:"mpmissions\TheCommunity.enoch\storage_666\data\dynamic_010.001"
 4:32:18.674 [CE][Storage] ver:24 stamp:11801, valid:yes, name:"mpmissions\TheCommunity.enoch\storage_666\data\dynamic_010.002"
 4:32:18.674 [CE][Storage] Restoring file "mpmissions\TheCommunity.enoch\storage_666\data\dynamic_010.bin" 2527 items.
 4:32:19.393   2527 items loaded.
 4:32:19.393 [CE][Storage] ver:24 stamp:11801, valid:yes, name:"mpmissions\TheCommunity.enoch\storage_666\data\dynamic_011.bin"
 4:32:19.393 [CE][Storage] ver:24 stamp:11800, valid:yes, name:"mpmissions\TheCommunity.enoch\storage_666\data\dynamic_011.001"
 4:32:19.393 [CE][Storage] ver:24 stamp:11801, valid:yes, name:"mpmissions\TheCommunity.enoch\storage_666\data\dynamic_011.002"
 4:32:19.393 [CE][Storage] Restoring file "mpmissions\TheCommunity.enoch\storage_666\data\dynamic_011.bin" 364 items.
 4:32:19.487   364 items loaded.
 4:32:19.518 [CE][Hive] :: Storage load took:5.38 seconds, recovery stamp:11801
 4:32:19.518   entity: 16107, building: 0
 4:32:19.518   no lifetime: 50
 4:32:19.518 [CE][Hive] :: Initializing ... 
 4:32:19.533 [CE][InitializeMap] :: initialized: 0
 4:32:19.533 [CE][Hive] :: Initializing spawners ... 
 4:32:21.252 [CE][LootRespawner] (PRIDummy) :: Item [0] causing search overtime: "MSFCGorkaPATACSFG"
 4:32:21.252 [CE][LootRespawner] (PRIDummy) :: Item [1] causing search overtime: "MSFCGorkaPATACSFG"
 4:32:21.252 [CE][LootRespawner] (PRIDummy) :: Item [2] causing search overtime: "MSFCGorkaPATACSFG"
 4:32:21.252 [CE][LootRespawner] (PRIDummy) :: Item [3] causing search overtime: "MSFCGorkaPATACSFG"
 4:32:21.252 [CE][LootRespawner] (PRIDummy) :: Item [4] causing search overtime: "MSFCKryptekRaidPlatePouches"
 4:32:21.252 [CE][LootRespawner] (PRIDummy) :: Item [5] causing search overtime: "MSFCKryptekRaidPlatePouches"
 4:32:21.252 [CE][LootRespawner] (PRIDummy) :: Item [6] causing search overtime: "MSFCKryptekRaidPlatePouches"
 4:32:21.252 [CE][LootRespawner] (PRIDummy) :: Item [7] causing search overtime: "MSFCKryptekRaidPlatePouches"
 4:32:21.252 [CE][LootRespawner] (PRIDummy) :: Item [8] causing search overtime: "PlateCarrierVest"
 4:32:21.252 [CE][LootRespawner] (PRIDummy) :: Item [9] causing search overtime: "PlateCarrierVest"
 4:32:21.252 [CE][LootRespawner] (PRIDummy) :: Item [10] causing search overtime: "PlateCarrierVest"
 4:32:21.252 [CE][LootRespawner] (PRIDummy) :: Item [11] causing search overtime: "PlateCarrierVest"
 4:32:21.252 [CE][LootRespawner] (PRIDummy) :: Item [12] causing search overtime: "PlateCarrierVest"
 4:32:21.252 [CE][LootRespawner] (PRIDummy) :: Item [13] causing search overtime: "PlateCarrierVest"
 4:32:21.252 [CE][LootRespawner] (PRIDummy) :: Item [14] causing search overtime: "PlateCarrierVest"
 4:32:21.252 [CE][LootRespawner] (PRIDummy) :: Item [15] causing search overtime: "PlateCarrierVest"
 4:32:21.252 [CE][LootRespawner] (PRIDummy) :: Item [16] causing search overtime: "PlateCarrierVest"
 4:32:21.252 [CE][LootRespawner] (PRIDummy) :: Item [17] causing search overtime: "PlateCarrierVest"
 4:32:21.252 [CE][LootRespawner] (PRIDummy) :: Item [18] causing search overtime: "PlateCarrierVest"
 4:32:21.252 [CE][LootRespawner] (PRIDummy) :: Item [19] causing search overtime: "PlateCarrierVest"
 4:32:21.408 [CE][LootRespawner] (PRIDummy) :: Item [0] is hard to place, performance drops: "ConstructionHelmet_White"
 4:32:21.408 [CE][LootRespawner] (PRIDummy) :: Item [1] is hard to place, performance drops: "ConstructionHelmet_White"
 4:32:21.596 [CE][LootRespawner] (PRIDummy) :: Item [2] is hard to place, performance drops: "Bear_White"
 4:32:21.596 [CE][LootRespawner] (PRIDummy) :: Item [3] is hard to place, performance drops: "Bear_White"
 4:32:21.784 [CE][LootRespawner] (PRIDummy) :: Item [4] is hard to place, performance drops: "RadarCap_Black"
 4:32:21.784 [CE][LootRespawner] (PRIDummy) :: Item [5] is hard to place, performance drops: "RadarCap_Black"
 4:32:21.784 [CE][LootRespawner] (PRIDummy) :: Item [6] is hard to place, performance drops: "RadarCap_Black"
 4:32:21.799 [CE][LootRespawner] (PRIDummy) :: Item [7] is hard to place, performance drops: "CowboyHat_Brown"
 4:32:21.862 [CE][LootRespawner] (PRIDummy) :: Item [8] is hard to place, performance drops: "ZmijovkaCap_Brown"
 4:32:21.955 [CE][LootRespawner] (PRIDummy) :: Item [9] is hard to place, performance drops: "Bear_Beige"
 4:32:21.955 [CE][LootRespawner] (PRIDummy) :: Item [10] is hard to place, performance drops: "Bear_Beige"
 4:32:22.02 [CE][LootRespawner] (PRIDummy) :: Item [11] is hard to place, performance drops: "RadarCap_Red"
 4:32:22.65 [CE][LootRespawner] (PRIDummy) :: Item [12] is hard to place, performance drops: "Flashlight"
 4:32:22.65 [CE][LootRespawner] (PRIDummy) :: Item [13] is hard to place, performance drops: "Flashlight"
 4:32:22.174 [CE][LootRespawner] (PRIDummy) :: Item [14] is hard to place, performance drops: "ZmijovkaCap_Black"
 4:32:22.205 [CE][LootRespawner] (PRIDummy) :: Item [15] is hard to place, performance drops: "Sedan_02_Hood"
 4:32:22.393 [CE][LootRespawner] (PRIDummy) :: Initially (re)spawned:891, Nominal:32677, Total in Map: 16560 at 1 (sec)
 4:32:22.393   tests:907, repeats:0 fails:16, overtime:12673
 4:32:22.393 [CE][DynEvent] :: 33 types
 4:32:22.393 [00] AmbientHen
 4:32:22.393   Primary Spawner: "Ambient", active: yes, repeat: 1
 4:32:22.393 [01] AnimalBear
 4:32:22.393   Primary Spawner: "Animal", active: yes, repeat: 1
 4:32:22.393 [02] AnimalCow
 4:32:22.393   Primary Spawner: "Animal", active: yes, repeat: 1
 4:32:22.393 [03] AnimalDeer
 4:32:22.393   Primary Spawner: "Animal", active: yes, repeat: 1
 4:32:22.393 [04] AnimalGoat
 4:32:22.393   Primary Spawner: "Animal", active: yes, repeat: 1
 4:32:22.393 [05] AnimalPig
 4:32:22.393   Primary Spawner: "Animal", active: yes, repeat: 1
 4:32:22.393 [06] AnimalRoeDeer
 4:32:22.393   Primary Spawner: "Animal", active: yes, repeat: 1
 4:32:22.393 [07] AnimalSheep
 4:32:22.393   Primary Spawner: "Animal", active: yes, repeat: 1
 4:32:22.393 [08] AnimalWildBoar
 4:32:22.393   Primary Spawner: "Animal", active: yes, repeat: 1
 4:32:22.393 [09] AnimalWolf
 4:32:22.393   Primary Spawner: "Animal", active: yes, repeat: 1
 4:32:22.393 [10] InfectedArmy
 4:32:22.393   Primary Spawner: "Infected", active: yes, repeat: 1
 4:32:22.393 [11] InfectedCity
 4:32:22.393   Primary Spawner: "Infected", active: yes, repeat: 1
 4:32:22.393 [12] InfectedFirefighter
 4:32:22.393   Primary Spawner: "Infected", active: yes, repeat: 1
 4:32:22.393 [13] InfectedIndustrial
 4:32:22.393   Primary Spawner: "Infected", active: yes, repeat: 1
 4:32:22.393 [14] InfectedMedic
 4:32:22.393   Primary Spawner: "Infected", active: yes, repeat: 1
 4:32:22.393 [15] InfectedPolice
 4:32:22.393   Primary Spawner: "Infected", active: yes, repeat: 1
 4:32:22.393 [16] InfectedPrisoner
 4:32:22.393   Primary Spawner: "Infected", active: yes, repeat: 1
 4:32:22.393 [17] InfectedReligious
 4:32:22.393   Primary Spawner: "Infected", active: yes, repeat: 1
 4:32:22.393 [18] InfectedSolitude
 4:32:22.393   Primary Spawner: "Infected", active: yes, repeat: 1
 4:32:22.393 [19] InfectedVillage
 4:32:22.393   Primary Spawner: "Infected", active: yes, repeat: 1
 4:32:22.393 [20] ItemPlanks
 4:32:22.393   Primary Spawner: "Item", active: yes, repeat: 1
 4:32:22.393 [21] Loot
 4:32:22.393   Primary Spawner: "Loot", active: yes, repeat: 2
 4:32:22.393 [22] StaticHeliCrash
 4:32:22.393   Primary Spawner: "Vehicle", active: yes, repeat: 1
 4:32:22.393   Secondary Spawner: "Infected", active: yes, repeat: 1
 4:32:22.393 [23] StaticPoliceCar
 4:32:22.393   Primary Spawner: "Vehicle", active: yes, repeat: 1
 4:32:22.393 [24] TrajectoryConiferous
 4:32:22.393   Primary Spawner: "Trajectory", active: yes, repeat: 1
 4:32:22.393 [25] TrajectoryDeciduous
 4:32:22.393   Primary Spawner: "Trajectory", active: yes, repeat: 1
 4:32:22.393 [26] TrajectoryHumus
 4:32:22.393   Primary Spawner: "Trajectory", active: yes, repeat: 1
 4:32:22.393 [27] TrajectoryStones
 4:32:22.393   Primary Spawner: "Trajectory", active: yes, repeat: 1
 4:32:22.393 [28] VehicleCivilianSedan
 4:32:22.393   Primary Spawner: "Vehicle", active: yes, repeat: 1
 4:32:22.393 [29] VehicleHatchback02
 4:32:22.393   Primary Spawner: "Vehicle", active: yes, repeat: 1
 4:32:22.393 [30] VehicleOffroadHatchback
 4:32:22.393   Primary Spawner: "Vehicle", active: yes, repeat: 1
 4:32:22.393 [31] VehicleSedan02
 4:32:22.393   Primary Spawner: "Vehicle", active: yes, repeat: 1
 4:32:22.393 [32] VehicleCrSk_Land_Rover_Defender_110
 4:32:22.393   Primary Spawner: "Vehicle", active: yes, repeat: 1
 4:32:22.393 [CE][Hive] :: Initializing of spawners done.
 4:32:22.393 [CE][Hive] :: Init sequence finished.
 4:32:22.393 Player connect enabled
 4:32:22.705 Average server FPS: 0.07 (measured interval: 30 s)
 4:32:22.705 Used memory: 1455691 KB
 4:32:22.705 Players: 0 in total
 4:32:52.691 Average server FPS: 1654.60 (measured interval: 30 s)
 4:32:52.691 Used memory: 1563943 KB
 4:32:52.691 Players: 0 in total
 4:32:57.20 [CE][LootRespawner] (PRIDummy) :: Item [16] is hard to place, performance drops: "Defender110_kapot_Green"
 4:33:22.693 Average server FPS: 2380.17 (measured interval: 30 s)
 4:33:22.693 Used memory: 1574320 KB
 4:33:22.693 Players: 0 in total
 4:33:52.819 Average server FPS: 2421.90 (measured interval: 30 s)
 4:33:52.819 Used memory: 1586403 KB
 4:33:52.819 Players: 0 in total
 4:34:22.915 Average server FPS: 2149.69 (measured interval: 30 s)
 4:34:22.915 Used memory: 1591947 KB
 4:34:22.915 Players: 0 in total
 4:34:53.25 Average server FPS: 2334.79 (measured interval: 30 s)
 4:34:53.25 Used memory: 1597362 KB
 4:34:53.25 Players: 0 in total
 4:35:23.27 Average server FPS: 2374.93 (measured interval: 30 s)
 4:35:23.27 Used memory: 1600851 KB
 4:35:23.27 Players: 0 in total
 4:35:53.28 Average server FPS: 2337.10 (measured interval: 30 s)
 4:35:53.28 Used memory: 1602719 KB
 4:35:53.28 Players: 0 in total
 4:36:23.46 Average server FPS: 2297.13 (measured interval: 30 s)
 4:36:23.46 Used memory: 1604147 KB
 4:36:23.46 Players: 0 in total
 4:36:53.63 Average server FPS: 2363.28 (measured interval: 30 s)
 4:36:53.63 Used memory: 1610685 KB
 4:36:53.63 Players: 0 in total
 4:37:23.142 Average server FPS: 2352.41 (measured interval: 30 s)
 4:37:23.142 Used memory: 1618125 KB
 4:37:23.142 Players: 0 in total
 4:37:53.316 Average server FPS: 2257.75 (measured interval: 30 s)
 4:37:53.316 Used memory: 1625451 KB
 4:37:53.316 Players: 0 in total
 4:38:23.505 Average server FPS: 2389.14 (measured interval: 30 s)
 4:38:23.505 Used memory: 1632437 KB
 4:38:23.505 Players: 0 in total
 4:38:53.491 Average server FPS: 2490.97 (measured interval: 30 s)
 4:38:53.491 Used memory: 1635048 KB
 4:38:53.491 Players: 0 in total
 4:39:23.633 Average server FPS: 2436.80 (measured interval: 30 s)
 4:39:23.633 Used memory: 1639638 KB
 4:39:23.633 Players: 0 in total
 4:39:39.149 [CE][LootRespawner] (PRIDummy) :: Item [17] is hard to place, performance drops: "SKS"
 4:39:53.619 Average server FPS: 2538.90 (measured interval: 30 s)
 4:39:53.619 Used memory: 1644153 KB
 4:39:53.619 Players: 0 in total
 4:40:23.620 Average server FPS: 2533.27 (measured interval: 30 s)
 4:40:23.620 Used memory: 1649451 KB
 4:40:23.620 Players: 0 in total
 4:40:23.776 [CE][LootRespawner] (PRIDummy) :: Item [18] is hard to place, performance drops: "BalaclavaMask_Blackskull"
 4:40:53.622 Average server FPS: 2267.33 (measured interval: 30 s)
 4:40:53.622 Used memory: 1667346 KB
 4:40:53.622 Players: 0 in total
 4:41:09.91 [CE][LootRespawner] (PRIDummy) :: Item [19] is hard to place, performance drops: "TireRepairKit"
 4:41:23.779 Average server FPS: 2326.11 (measured interval: 30 s)
 4:41:23.779 Used memory: 1672707 KB
 4:41:23.779 Players: 0 in total
 4:41:53.781 Average server FPS: 2406.93 (measured interval: 30 s)
 4:41:53.781 Used memory: 1677971 KB
 4:41:53.781 Players: 0 in total
 4:42:23.798 Average server FPS: 2391.01 (measured interval: 30 s)
 4:42:23.798 Used memory: 1682920 KB
 4:42:23.798 Players: 0 in total
 4:42:53.956 Average server FPS: 2452.08 (measured interval: 30 s)
 4:42:53.956 Used memory: 1686733 KB
 4:42:53.956 Players: 0 in total
 4:43:23.942 Average server FPS: 2463.90 (measured interval: 30 s)
 4:43:23.942 Used memory: 1693084 KB
 4:43:23.942 Players: 0 in total
 4:43:54.06 Average server FPS: 2411.85 (measured interval: 30 s)
 4:43:54.06 Used memory: 1697349 KB
 4:43:54.06 Players: 0 in total
 4:44:23.992 Average server FPS: 2431.03 (measured interval: 30 s)
 4:44:24.117 Used memory: 1701641 KB
 4:44:24.117 Players: 0 in total
 4:44:54.09 Average server FPS: 2323.08 (measured interval: 30 s)
 4:44:54.09 Used memory: 1706212 KB
 4:44:54.09 Players: 0 in total
 4:45:24.57 Average server FPS: 2246.48 (measured interval: 30 s)
 4:45:24.57 Used memory: 1708810 KB
 4:45:24.57 Players: 0 in total
 4:45:54.59 Average server FPS: 2423.30 (measured interval: 30 s)
 4:45:54.59 Used memory: 1713453 KB
 4:45:54.59 Players: 0 in total
 4:46:24.263 Average server FPS: 2224.81 (measured interval: 30 s)
 4:46:24.263 Used memory: 1717467 KB
 4:46:24.263 Players: 0 in total
 4:46:54.249 Average server FPS: 2492.77 (measured interval: 30 s)
 4:46:54.249 Used memory: 1720480 KB
 4:46:54.249 Players: 0 in total
 4:47:24.251 Average server FPS: 5207.97 (measured interval: 30 s)
 4:47:24.251 Used memory: 1719732 KB
 4:47:24.251 Players: 0 in total
 4:47:54.252 Average server FPS: 7163.37 (measured interval: 30 s)
 4:47:54.252 Used memory: 1720034 KB
 4:47:54.252 Players: 0 in total
 4:48:24.254 Average server FPS: 6930.50 (measured interval: 30 s)
 4:48:24.254 Used memory: 1722263 KB
 4:48:24.254 Players: 0 in total
 4:48:54.255 Average server FPS: 6526.60 (measured interval: 30 s)
 4:48:54.255 Used memory: 1722228 KB
 4:48:54.255 Players: 0 in total
 4:48:59.130 [CE][Links] found 0 total links between groups, of 1
 4:48:59.130 [CE][SpawnRandomLoot] (StaticHeliCrash) :: ChildType: Wreck_Mi8, lootmin: 10, lootmax: 20, wanted: 10
 4:49:24.257 Average server FPS: 6666.40 (measured interval: 30 s)
 4:49:24.257 Used memory: 1722584 KB
 4:49:24.257 Players: 0 in total
 4:49:54.258 Average server FPS: 7086.23 (measured interval: 30 s)
 4:49:54.258 Used memory: 1722635 KB
 4:49:54.258 Players: 0 in total
 4:50:24.260 Average server FPS: 7203.07 (measured interval: 30 s)
 4:50:24.260 Used memory: 1722333 KB
 4:50:24.260 Players: 0 in total
 4:50:54.261 Average server FPS: 7146.17 (measured interval: 30 s)
 4:50:54.261 Used memory: 1722171 KB
 4:50:54.261 Players: 0 in total
 4:51:24.263 Average server FPS: 7124.67 (measured interval: 30 s)
 4:51:24.263 Used memory: 1722925 KB
 4:51:24.263 Players: 0 in total
 4:51:54.248 Average server FPS: 7172.03 (measured interval: 30 s)
 4:51:54.248 Used memory: 1722923 KB
 4:51:54.248 Players: 0 in total
 4:52:24.250 Average server FPS: 7125.93 (measured interval: 30 s)
 4:52:24.250 Used memory: 1723921 KB
 4:52:24.250 Players: 0 in total
 4:52:54.251 Average server FPS: 7112.10 (measured interval: 30 s)
 4:52:54.251 Used memory: 1724262 KB
 4:52:54.251 Players: 0 in total
 4:53:24.253 Average server FPS: 6088.87 (measured interval: 30 s)
 4:53:24.253 Used memory: 1723782 KB
 4:53:24.253 Players: 0 in total
 4:53:54.254 Average server FPS: 7113.77 (measured interval: 30 s)
 4:53:54.254 Used memory: 1723686 KB
 4:53:54.254 Players: 0 in total
 4:54:24.256 Average server FPS: 7193.23 (measured interval: 30 s)
 4:54:24.256 Used memory: 1724011 KB
 4:54:24.256 Players: 0 in total
 4:54:54.257 Average server FPS: 7039.97 (measured interval: 30 s)
 4:54:54.257 Used memory: 1723761 KB
 4:54:54.257 Players: 0 in total
 4:55:24.259 Average server FPS: 7195.30 (measured interval: 30 s)
 4:55:24.259 Used memory: 1723424 KB
 4:55:24.259 Players: 0 in total
 4:55:54.260 Average server FPS: 7179.37 (measured interval: 30 s)
 4:55:54.260 Used memory: 1723355 KB
 4:55:54.260 Players: 0 in total
 4:56:24.262 Average server FPS: 7190.40 (measured interval: 30 s)
 4:56:24.262 Used memory: 1723179 KB
 4:56:24.262 Players: 0 in total
 4:56:54.248 Average server FPS: 7186.67 (measured interval: 30 s)
 4:56:54.248 Used memory: 1723198 KB
 4:56:54.248 Players: 0 in total
 4:57:24.249 Average server FPS: 7182.20 (measured interval: 30 s)
 4:57:24.249 Used memory: 1723178 KB
 4:57:24.249 Players: 0 in total
 4:57:29.468 !!! [CE][Point] Removing 6021.780762, 3976.353027 from Land_Boat_Small2
 4:57:54.251 Average server FPS: 7173.13 (measured interval: 30 s)
 4:57:54.251 Used memory: 1723029 KB
 4:57:54.251 Players: 0 in total
 4:58:24.252 Average server FPS: 7180.23 (measured interval: 30 s)
 4:58:24.252 Used memory: 1723094 KB
 4:58:24.252 Players: 0 in total
 4:58:54.254 Average server FPS: 7189.87 (measured interval: 30 s)
 4:58:54.254 Used memory: 1722847 KB
 4:58:54.254 Players: 0 in total
 4:59:24.255 Average server FPS: 7102.70 (measured interval: 30 s)
 4:59:24.255 Used memory: 1722872 KB
 4:59:24.255 Players: 0 in total
 4:59:54.257 Average server FPS: 7189.77 (measured interval: 30 s)
 4:59:54.257 Used memory: 1722538 KB
 4:59:54.257 Players: 0 in total
 5:00:24.258 Average server FPS: 7082.80 (measured interval: 30 s)
 5:00:24.258 Used memory: 1722378 KB
 5:00:24.258 Players: 0 in total
 5:00:54.260 Average server FPS: 7174.97 (measured interval: 30 s)
 5:00:54.260 Used memory: 1723286 KB
 5:00:54.260 Players: 0 in total
 5:01:24.261 Average server FPS: 7179.57 (measured interval: 30 s)
 5:01:24.261 Used memory: 1723001 KB
 5:01:24.261 Players: 0 in total
 5:01:54.263 Average server FPS: 7091.07 (measured interval: 30 s)
 5:01:54.263 Used memory: 1722771 KB
 5:01:54.263 Players: 0 in total
 5:02:24.249 Average server FPS: 7174.07 (measured interval: 30 s)
 5:02:24.249 Used memory: 1722802 KB
 5:02:24.249 Players: 0 in total
 5:02:54.250 Average server FPS: 7152.00 (measured interval: 30 s)
 5:02:54.250 Used memory: 1722878 KB
 5:02:54.250 Players: 0 in total
 5:03:24.252 Average server FPS: 7123.03 (measured interval: 30 s)
 5:03:24.252 Used memory: 1723063 KB
 5:03:24.252 Players: 0 in total
 5:03:54.253 Average server FPS: 7029.83 (measured interval: 30 s)
 5:03:54.253 Used memory: 1722931 KB
 5:03:54.253 Players: 0 in total
 5:04:24.255 Average server FPS: 7174.60 (measured interval: 30 s)
 5:04:24.255 Used memory: 1722762 KB
 5:04:24.255 Players: 0 in total
 5:04:54.256 Average server FPS: 6896.30 (measured interval: 30 s)
 5:04:54.256 Used memory: 1722113 KB
 5:04:54.256 Players: 0 in total
 5:05:24.258 Average server FPS: 7141.23 (measured interval: 30 s)
 5:05:24.258 Used memory: 1722015 KB
 5:05:24.258 Players: 0 in total
 5:05:39.384 [CE][Links] found 0 total links between groups, of 2
 5:05:39.384 [CE][SpawnRandomLoot] (StaticPoliceCar) :: ChildType: Land_Wreck_Volha_Police, lootmin: 3, lootmax: 5, wanted: 3
 5:05:39.384 [CE][Links] found 0 total links between groups, of 3
 5:05:39.384 [CE][SpawnRandomLoot] (StaticPoliceCar) :: ChildType: Land_Wreck_Volha_Police, lootmin: 3, lootmax: 5, wanted: 3
 5:05:39.399 [CE][Links] found 0 total links between groups, of 4
 5:05:39.399 [CE][SpawnRandomLoot] (StaticPoliceCar) :: ChildType: Land_Wreck_Volha_Police, lootmin: 3, lootmax: 5, wanted: 3
 5:05:39.399 [CE][Links] found 0 total links between groups, of 5
 5:05:39.399 [CE][SpawnRandomLoot] (StaticPoliceCar) :: ChildType: Land_Wreck_Volha_Police, lootmin: 3, lootmax: 5, wanted: 4
 5:05:39.399 [CE][Links] found 0 total links between groups, of 6
 5:05:39.399 [CE][SpawnRandomLoot] (StaticPoliceCar) :: ChildType: Land_Wreck_Volha_Police, lootmin: 3, lootmax: 5, wanted: 3
 5:05:39.399 [CE][Links] found 0 total links between groups, of 7
 5:05:39.399 [CE][SpawnRandomLoot] (StaticPoliceCar) :: ChildType: Land_Wreck_Volha_Police, lootmin: 3, lootmax: 5, wanted: 4
 5:05:39.399 [CE][Links] found 0 total links between groups, of 8
 5:05:39.399 [CE][SpawnRandomLoot] (StaticPoliceCar) :: ChildType: Land_Wreck_Volha_Police, lootmin: 3, lootmax: 5, wanted: 3
 5:05:39.399 [CE][Links] found 0 total links between groups, of 9
 5:05:39.399 [CE][SpawnRandomLoot] (StaticPoliceCar) :: ChildType: Land_Wreck_Volha_Police, lootmin: 3, lootmax: 5, wanted: 4
 5:05:39.415 [CE][Links] found 0 total links between groups, of 10
 5:05:39.415 [CE][SpawnRandomLoot] (StaticPoliceCar) :: ChildType: Land_Wreck_Volha_Police, lootmin: 3, lootmax: 5, wanted: 3
 5:05:39.415 [CE][Links] found 0 total links between groups, of 11
 5:05:39.415 [CE][SpawnRandomLoot] (StaticPoliceCar) :: ChildType: Land_Wreck_Volha_Police, lootmin: 3, lootmax: 5, wanted: 4
 5:05:54.259 Average server FPS: 6191.17 (measured interval: 30 s)
 5:05:54.259 Used memory: 1722354 KB
 5:05:54.259 Players: 0 in total
 5:06:24.261 Average server FPS: 7171.57 (measured interval: 30 s)
 5:06:24.261 Used memory: 1722167 KB
 5:06:24.261 Players: 0 in total
 5:06:36.605 [CE][Links] found 0 total links between groups, of 12
 5:06:36.605 [CE][SpawnRandomLoot] (StaticHeliCrash) :: ChildType: Wreck_Mi8, lootmin: 10, lootmax: 20, wanted: 18
 5:06:36.636 [CE][Links] found 0 total links between groups, of 13
 5:06:36.636 [CE][SpawnRandomLoot] (StaticHeliCrash) :: ChildType: Wreck_UH1Y, lootmin: 10, lootmax: 20, wanted: 18
 5:06:54.262 Average server FPS: 6971.43 (measured interval: 30 s)
 5:06:54.262 Used memory: 1722493 KB
 5:06:54.262 Players: 0 in total
 5:07:24.248 Average server FPS: 7172.50 (measured interval: 30 s)
 5:07:24.248 Used memory: 1722476 KB
 5:07:24.248 Players: 0 in total
 5:07:54.250 Average server FPS: 7160.40 (measured interval: 30 s)
 5:07:54.250 Used memory: 1722628 KB
 5:07:54.250 Players: 0 in total
 5:08:24.251 Average server FPS: 7164.80 (measured interval: 30 s)
 5:08:24.251 Used memory: 1722354 KB
 5:08:24.251 Players: 0 in total
 5:08:54.253 Average server FPS: 7145.57 (measured interval: 30 s)
 5:08:54.253 Used memory: 1721929 KB
 5:08:54.253 Players: 0 in total
 5:09:24.254 Average server FPS: 7035.93 (measured interval: 30 s)
 5:09:24.254 Used memory: 1721835 KB
 5:09:24.254 Players: 0 in total
 5:09:54.256 Average server FPS: 7105.43 (measured interval: 30 s)
 5:09:54.256 Used memory: 1721788 KB
 5:09:54.256 Players: 0 in total
 5:10:24.257 Average server FPS: 7101.73 (measured interval: 30 s)
 5:10:24.257 Used memory: 1721721 KB
 5:10:24.257 Players: 0 in total
 5:10:54.259 Average server FPS: 7033.77 (measured interval: 30 s)
 5:10:54.259 Used memory: 1721597 KB
 5:10:54.259 Players: 0 in total
 5:11:24.260 Average server FPS: 7091.93 (measured interval: 30 s)
 5:11:24.260 Used memory: 1721749 KB
 5:11:24.260 Players: 0 in total
 5:11:54.262 Average server FPS: 6137.80 (measured interval: 30 s)
 5:11:54.262 Used memory: 1721830 KB
 5:11:54.262 Players: 0 in total
 5:12:24.263 Average server FPS: 7103.10 (measured interval: 30 s)
 5:12:24.263 Used memory: 1721941 KB
 5:12:24.263 Players: 0 in total
 5:12:54.249 Average server FPS: 7080.77 (measured interval: 30 s)
 5:12:54.249 Used memory: 1722173 KB
 5:12:54.249 Players: 0 in total
 5:13:24.251 Average server FPS: 6980.10 (measured interval: 30 s)
 5:13:24.251 Used memory: 1722207 KB
 5:13:24.251 Players: 0 in total
 5:13:54.252 Average server FPS: 6767.53 (measured interval: 30 s)
 5:13:54.252 Used memory: 1722307 KB
 5:13:54.252 Players: 0 in total
 5:14:24.254 Average server FPS: 7018.67 (measured interval: 30 s)
 5:14:24.254 Used memory: 1721950 KB
 5:14:24.254 Players: 0 in total
 5:14:54.255 Average server FPS: 6930.27 (measured interval: 30 s)
 5:14:54.255 Used memory: 1722625 KB
 5:14:54.255 Players: 0 in total
 5:15:24.257 Average server FPS: 6997.23 (measured interval: 30 s)
 5:15:24.257 Used memory: 1722496 KB
 5:15:24.257 Players: 0 in total
 5:15:54.258 Average server FPS: 6959.57 (measured interval: 30 s)
 5:15:54.258 Used memory: 1722224 KB
 5:15:54.258 Players: 0 in total
 5:16:24.260 Average server FPS: 6847.90 (measured interval: 30 s)
 5:16:24.260 Used memory: 1722201 KB
 5:16:24.260 Players: 0 in total
 5:16:54.261 Average server FPS: 6967.10 (measured interval: 30 s)
 5:16:54.261 Used memory: 1722034 KB
 5:16:54.261 Players: 0 in total
 5:17:24.263 Average server FPS: 7160.27 (measured interval: 30 s)
 5:17:24.263 Used memory: 1721850 KB
 5:17:24.263 Players: 0 in total
 5:17:54.248 Average server FPS: 7159.47 (measured interval: 30 s)
 5:17:54.248 Used memory: 1721987 KB
 5:17:54.248 Players: 0 in total
 5:18:24.250 Average server FPS: 7154.60 (measured interval: 30 s)
 5:18:24.250 Used memory: 1721851 KB
 5:18:24.250 Players: 0 in total
 5:18:54.251 Average server FPS: 7148.97 (measured interval: 30 s)
 5:18:54.251 Used memory: 1722342 KB
 5:18:54.251 Players: 0 in total
 5:19:24.253 Average server FPS: 7149.83 (measured interval: 30 s)
 5:19:24.253 Used memory: 1722253 KB
 5:19:24.253 Players: 0 in total
 5:19:54.254 Average server FPS: 7090.77 (measured interval: 30 s)
 5:19:54.254 Used memory: 1722496 KB
 5:19:54.254 Players: 0 in total
 5:20:24.256 Average server FPS: 7057.87 (measured interval: 30 s)
 5:20:24.256 Used memory: 1722509 KB
 5:20:24.256 Players: 0 in total
 5:20:54.257 Average server FPS: 6877.27 (measured interval: 30 s)
 5:20:54.257 Used memory: 1722298 KB
 5:20:54.257 Players: 0 in total
 5:21:24.259 Average server FPS: 6905.27 (measured interval: 30 s)
 5:21:24.259 Used memory: 1722518 KB
 5:21:24.259 Players: 0 in total
 5:21:51.479 !!! [CE][Point] Removing 11480.088867, 10161.511719 from Land_Boat_Small1
 5:21:54.260 Average server FPS: 6768.20 (measured interval: 30 s)
 5:21:54.260 Used memory: 1722831 KB
 5:21:54.260 Players: 0 in total
 5:22:24.262 Average server FPS: 6902.43 (measured interval: 30 s)
 5:22:24.262 Used memory: 1722889 KB
 5:22:24.262 Players: 0 in total
 5:22:54.248 Average server FPS: 6909.43 (measured interval: 30 s)
 5:22:54.248 Used memory: 1722547 KB
 5:22:54.248 Players: 0 in total
 5:23:24.249 Average server FPS: 6820.97 (measured interval: 30 s)
 5:23:24.249 Used memory: 1723338 KB
 5:23:24.249 Players: 0 in total
 5:23:54.251 Average server FPS: 6936.63 (measured interval: 30 s)
 5:23:54.251 Used memory: 1723313 KB
 5:23:54.251 Players: 0 in total
 5:24:24.252 Average server FPS: 6940.77 (measured interval: 30 s)
 5:24:24.252 Used memory: 1723113 KB
 5:24:24.252 Players: 0 in total
 5:24:54.254 Average server FPS: 6932.63 (measured interval: 30 s)
 5:24:54.254 Used memory: 1723442 KB
 5:24:54.254 Players: 0 in total
 5:25:24.255 Average server FPS: 6840.90 (measured interval: 30 s)
 5:25:24.255 Used memory: 1723266 KB
 5:25:24.255 Players: 0 in total
 5:25:54.257 Average server FPS: 6747.53 (measured interval: 30 s)
 5:25:54.257 Used memory: 1723733 KB
 5:25:54.257 Players: 0 in total
 5:26:24.258 Average server FPS: 6777.37 (measured interval: 30 s)
 5:26:24.258 Used memory: 1723812 KB
 5:26:24.258 Players: 0 in total
 5:26:54.260 Average server FPS: 6866.53 (measured interval: 30 s)
 5:26:54.260 Used memory: 1724117 KB
 5:26:54.260 Players: 0 in total
 5:27:24.261 Average server FPS: 6927.90 (measured interval: 30 s)
 5:27:24.261 Used memory: 1724098 KB
 5:27:24.261 Players: 0 in total
 5:27:54.263 Average server FPS: 6919.17 (measured interval: 30 s)
 5:27:54.263 Used memory: 1724418 KB
 5:27:54.263 Players: 0 in total
 5:28:24.249 Average server FPS: 6944.17 (measured interval: 30 s)
 5:28:24.249 Used memory: 1724237 KB
 5:28:24.249 Players: 0 in total
 5:28:54.250 Average server FPS: 6925.93 (measured interval: 30 s)
 5:28:54.250 Used memory: 1723878 KB
 5:28:54.250 Players: 0 in total
 5:29:24.252 Average server FPS: 6933.60 (measured interval: 30 s)
 5:29:24.252 Used memory: 1723760 KB
 5:29:24.252 Players: 0 in total
 5:29:54.253 Average server FPS: 6924.40 (measured interval: 30 s)
 5:29:54.253 Used memory: 1723679 KB
 5:29:54.253 Players: 0 in total
 5:30:24.255 Average server FPS: 6925.97 (measured interval: 30 s)
 5:30:24.255 Used memory: 1723471 KB
 5:30:24.255 Players: 0 in total
 5:30:54.256 Average server FPS: 6896.43 (measured interval: 30 s)
 5:30:54.256 Used memory: 1725175 KB
 5:30:54.256 Players: 0 in total
 5:31:21.695 [CE][Links] found 0 total links between groups, of 14
 5:31:21.695 [CE][SpawnRandomLoot] (StaticHeliCrash) :: ChildType: Wreck_UH1Y, lootmin: 10, lootmax: 20, wanted: 18
 5:31:24.258 Average server FPS: 6659.67 (measured interval: 30 s)
 5:31:24.258 Used memory: 1725701 KB
 5:31:24.258 Players: 0 in total
 5:31:54.259 Average server FPS: 6890.27 (measured interval: 30 s)
 5:31:54.259 Used memory: 1725948 KB
 5:31:54.259 Players: 0 in total
 5:32:22.620  --- Termination successfully completed --- 
