

=====================================================================
== D:\DayZServers\TheCommunity_enochTest\DayZTestServer_x64.exe
== "D:\DayZServers\TheCommunity_enochTest\DayZTestServer_x64.exe"  -port=2442 "-mod=@CF;@Community-Online-Tools;@BuildAnywhere;@BaseBuildingLogs;@Trader;@BaseBuildingPlus;@Durable_Suppressors;@VPPMap;@Ear-Plugs;@Catch_Rain;@DayZ-Expansion-Notifications;@DayZ-Expansion-Chat;@No_Shoe_Damage;@Airdrop-Upgraded;@Ammo_Making;@Banking;@BuilderItems;@Camosplus;@CannabisPlus;@CheckIdentity;@Code_Lock;@Dayz_Navigation;@FIDOv4;@FlipTransport;@GoreZ;@IRP;@KillFeed;@NoVehicleDamage;@PartyMe;@Modular_Vest_System;@MuchStuffPack;@SWP;@BreachingCharge;@BBPBreachCharge;@MunghardsItempack;@NDVPPM;@Next_Days;@Notes;@SQUAD_MSF-C;@Zeroy-FishingZ;@OP_BaseItems;@Base_Storage;@SIX-DayZ-Auto-Run;" -config=D:\DayZServers\TheCommunity_enochTest\TheCommunityDZTest.cfg -profiles=TheCommunityServer -BEPath=D:\DayZServers\TheCommunity_enochTest\battleye -filePatching -adminlog -netlog -freezecheck -scrAllowFileWrite
=====================================================================
Exe timestamp: 2020/04/26 15:56:05
Current time:  2020/05/04 21:20:45

Version 1.07.153006
21:20:45.137 [Inputs] Loading inputs default "bin/constants.xml"
21:20:45.137 [Inputs] Loading inputs default "bin/specific.xml"
21:20:45.137 !!! [Inputs] Invalid input name used "UAUIInspectItem" for context "ui" in "bin/specific.xml"
21:20:45.137 !!! [Inputs] Attempt to register duplicate Modded-Inputs file "VanillaPPMap/data/modded_Inputs.xml"
21:20:45.137 [Inputs] Loading inputs default "EarPlugs\data\inputs.xml"
21:20:45.137 [Inputs] Loading inputs default "JM/COT/scripts/Data/Inputs.xml"
21:20:45.137 [Inputs] Loading inputs default "KillFeed/inputs/Inputs.xml"
21:20:45.137 [Inputs] Loading inputs default "partyme/scripts/partyme_inputs.xml"
21:20:45.137 [Inputs] Loading inputs default "VanillaPPMap/data/modded_Inputs.xml"
21:20:45.137 [Inputs] Loading inputs default "NextDays/data/NextDays_Inputs.xml"
21:20:45.137 [Inputs] Loading inputs default "A3_UI_F/Scripts/Inputs.xml"
21:20:45.137 [Inputs] Loading inputs default "BaseBuildingPlus/Scripts/Data/Inputs.xml"
21:20:45.137 [Inputs] Loading inputs default "VanillaPPMap/data/modded_Inputs.xml"
21:20:45.137 !!! [Inputs] Attempt to register duplicate input "UAOpenVPPMap"
21:20:45.137 !!! [Inputs] Attempt to register duplicate input "UAToggleVPPMap3DMarkers"
21:20:45.153 [Inputs] Loading inputs cfg "TheCommunityServer\Users\Survivor\Server.core.xml"
21:20:45.153 [Inputs] Exporting inputs cfg "TheCommunityServer\Users\Survivor\Server.core.xml"
21:20:45.606 !!! [Inputs] Attempt to register "PMHideShowTrackers" input twice
21:21:33.14 [CE][Hive] :: Initializing OFFLINE
21:21:33.14 [CE][Hive] :: Loading core data ... 
21:21:33.14 [CE][CoreData] :: 7 root classes, 19 defaults, 0 updaters...
21:21:39.952 [CE][RegisterBind] :: 0 classes binded...
21:21:39.952 [CE][RegisterConfig] :: 10088 config classes registered, 0 sub-counters...
21:21:39.952 [CE][Hive] :: Loading map data ... 
21:21:40.30 !!! [CE] :: Unknown category: 'vehicleparts'.
21:21:40.30 [CE][LoadPrototype] :: loaded 330 prototypes
21:21:40.30   702 containers, 9116 points
21:21:40.30   24 dispatches, 90 proxies
21:21:40.30 !!! [CE][LoadPrototype] 12 groups have no points...
21:21:40.30 !!![CE][LoadPrototype]  3 groups have wrong points...
21:21:40.30 [CE][LoadPrototype] :: last group name: Land_Lunapark_Autodrome...
21:21:40.46 [CE][LoadPrototype] :: loaded 0 prototypes
21:21:40.46   0 containers, 0 points
21:21:40.46   0 dispatches, 0 proxies
21:21:40.46 [CE][LoadPrototype] :: last group name: PathD_7100...
21:21:44.812 [CE][LoadMap] "Group" :: loaded 5086 groups, largest group range: 26.9
21:21:44.812 [CE][LoadMap] "Dirt" :: loaded 0 groups, largest group range: 26.9
21:21:45.15 [CE][Links] found 354 total links between groups, of 5086
21:21:45.15 [CE][LoadClusters] "Cluster" :: Loading files...
21:21:46.218 [CE][LoadClusters] :: file: "mapgroupcluster.xml", 4 types, 50000 instances
21:21:50.609 [CE][LoadClusters] :: file: "mapgroupcluster01", 4 types, 50000 instances
21:21:50.875 [CE][LoadClusters] :: file: "mapgroupcluster02", 4 types, 50000 instances
21:21:51.343 [CE][LoadClusters] :: file: "mapgroupcluster03", 4 types, 50000 instances
21:21:51.515 [CE][LoadClusters] :: file: "mapgroupcluster04", 4 types, 21297 instances
21:21:51.515 [CE][Storage] ver:21 stamp:21617, valid:yes, name:"mpmissions\TheCommunity.enoch\storage_666\data\types.bin"
21:21:51.515 [CE][Storage] ver:21 stamp:21616, valid:yes, name:"mpmissions\TheCommunity.enoch\storage_666\data\types.001"
21:21:51.515 [CE][Storage] ver:21 stamp:21617, valid:yes, name:"mpmissions\TheCommunity.enoch\storage_666\data\types.002"
21:21:51.515 [CE][Storage] Restoring file "mpmissions\TheCommunity.enoch\storage_666\data\types.bin".
21:21:52.47 [CE][offlineDB] :: Loaded 33 dynamic events 215 total types 0 total positions.
21:21:52.218 [CE][Storage] ver:21 stamp:21617, valid:yes, name:"mpmissions\TheCommunity.enoch\storage_666\data\events.bin"
21:21:52.218 [CE][Storage] ver:21 stamp:21616, valid:yes, name:"mpmissions\TheCommunity.enoch\storage_666\data\events.001"
21:21:52.218 [CE][Storage] ver:21 stamp:21617, valid:yes, name:"mpmissions\TheCommunity.enoch\storage_666\data\events.002"
21:21:52.218 [CE][Storage] Restoring file "mpmissions\TheCommunity.enoch\storage_666\data\events.bin".
21:21:52.218 [CE][DynamicEvent] Load  Events:[33] Primary spawners: 33 Secondary spawners: 1
21:21:52.218 [CE][Storage] ver:24 stamp:21617, valid:yes, name:"mpmissions\TheCommunity.enoch\storage_666\data\vehicles.bin"
21:21:52.218 [CE][Storage] ver:24 stamp:21616, valid:yes, name:"mpmissions\TheCommunity.enoch\storage_666\data\vehicles.001"
21:21:52.218 [CE][Storage] ver:24 stamp:21617, valid:yes, name:"mpmissions\TheCommunity.enoch\storage_666\data\vehicles.002"
21:21:52.218 [CE][Storage] Restoring file "mpmissions\TheCommunity.enoch\storage_666\data\vehicles.bin" 111 items.
21:21:52.468   111 items loaded.
21:21:52.468 [CE][Storage] ver:24 stamp:21617, valid:yes, name:"mpmissions\TheCommunity.enoch\storage_666\data\dynamic_000.bin"
21:21:52.468 [CE][Storage] ver:24 stamp:21616, valid:yes, name:"mpmissions\TheCommunity.enoch\storage_666\data\dynamic_000.001"
21:21:52.468 [CE][Storage] ver:24 stamp:21617, valid:yes, name:"mpmissions\TheCommunity.enoch\storage_666\data\dynamic_000.002"
21:21:52.468 [CE][Storage] Restoring file "mpmissions\TheCommunity.enoch\storage_666\data\dynamic_000.bin" 365 items.
21:21:53.609   365 items loaded.
21:21:53.609 [CE][Storage] ver:24 stamp:21617, valid:yes, name:"mpmissions\TheCommunity.enoch\storage_666\data\dynamic_001.bin"
21:21:53.609 [CE][Storage] ver:24 stamp:21616, valid:yes, name:"mpmissions\TheCommunity.enoch\storage_666\data\dynamic_001.001"
21:21:53.609 [CE][Storage] ver:24 stamp:21617, valid:yes, name:"mpmissions\TheCommunity.enoch\storage_666\data\dynamic_001.002"
21:21:53.609 [CE][Storage] Restoring file "mpmissions\TheCommunity.enoch\storage_666\data\dynamic_001.bin" 2150 items.
21:21:56.15   2150 items loaded.
21:21:56.15 [CE][Storage] ver:24 stamp:21617, valid:yes, name:"mpmissions\TheCommunity.enoch\storage_666\data\dynamic_002.bin"
21:21:56.31 [CE][Storage] ver:24 stamp:21616, valid:yes, name:"mpmissions\TheCommunity.enoch\storage_666\data\dynamic_002.001"
21:21:56.31 [CE][Storage] ver:24 stamp:21617, valid:yes, name:"mpmissions\TheCommunity.enoch\storage_666\data\dynamic_002.002"
21:21:56.31 [CE][Storage] Restoring file "mpmissions\TheCommunity.enoch\storage_666\data\dynamic_002.bin" 594 items.
21:21:56.515   594 items loaded.
21:21:56.515 [CE][Storage] ver:24 stamp:21617, valid:yes, name:"mpmissions\TheCommunity.enoch\storage_666\data\dynamic_003.bin"
21:21:56.515 [CE][Storage] ver:24 stamp:21616, valid:yes, name:"mpmissions\TheCommunity.enoch\storage_666\data\dynamic_003.001"
21:21:56.515 [CE][Storage] ver:24 stamp:21617, valid:yes, name:"mpmissions\TheCommunity.enoch\storage_666\data\dynamic_003.002"
21:21:56.515 [CE][Storage] Restoring file "mpmissions\TheCommunity.enoch\storage_666\data\dynamic_003.bin" 1211 items.
21:21:57.00   1211 items loaded.
21:21:57.00 [CE][Storage] ver:24 stamp:21617, valid:yes, name:"mpmissions\TheCommunity.enoch\storage_666\data\dynamic_004.bin"
21:21:57.00 [CE][Storage] ver:24 stamp:21616, valid:yes, name:"mpmissions\TheCommunity.enoch\storage_666\data\dynamic_004.001"
21:21:57.00 [CE][Storage] ver:24 stamp:21617, valid:yes, name:"mpmissions\TheCommunity.enoch\storage_666\data\dynamic_004.002"
21:21:57.00 [CE][Storage] Restoring file "mpmissions\TheCommunity.enoch\storage_666\data\dynamic_004.bin" 1631 items.
21:21:58.922   1631 items loaded.
21:21:58.922 [CE][Storage] ver:24 stamp:21617, valid:yes, name:"mpmissions\TheCommunity.enoch\storage_666\data\dynamic_005.bin"
21:21:58.922 [CE][Storage] ver:24 stamp:21616, valid:yes, name:"mpmissions\TheCommunity.enoch\storage_666\data\dynamic_005.001"
21:21:58.922 [CE][Storage] ver:24 stamp:21617, valid:yes, name:"mpmissions\TheCommunity.enoch\storage_666\data\dynamic_005.002"
21:21:58.922 [CE][Storage] Restoring file "mpmissions\TheCommunity.enoch\storage_666\data\dynamic_005.bin" 1935 items.
21:22:00.219   1935 items loaded.
21:22:00.219 [CE][Storage] ver:24 stamp:21617, valid:yes, name:"mpmissions\TheCommunity.enoch\storage_666\data\dynamic_006.bin"
21:22:00.219 [CE][Storage] ver:24 stamp:21616, valid:yes, name:"mpmissions\TheCommunity.enoch\storage_666\data\dynamic_006.001"
21:22:00.219 [CE][Storage] ver:24 stamp:21617, valid:yes, name:"mpmissions\TheCommunity.enoch\storage_666\data\dynamic_006.002"
21:22:00.219 [CE][Storage] Restoring file "mpmissions\TheCommunity.enoch\storage_666\data\dynamic_006.bin" 1055 items.
21:22:00.688   1055 items loaded.
21:22:00.688 [CE][Storage] ver:24 stamp:21617, valid:yes, name:"mpmissions\TheCommunity.enoch\storage_666\data\dynamic_007.bin"
21:22:00.688 [CE][Storage] ver:24 stamp:21616, valid:yes, name:"mpmissions\TheCommunity.enoch\storage_666\data\dynamic_007.001"
21:22:00.703 [CE][Storage] ver:24 stamp:21617, valid:yes, name:"mpmissions\TheCommunity.enoch\storage_666\data\dynamic_007.002"
21:22:00.703 [CE][Storage] Restoring file "mpmissions\TheCommunity.enoch\storage_666\data\dynamic_007.bin" 1324 items.
21:22:01.860   1324 items loaded.
21:22:01.860 [CE][Storage] ver:24 stamp:21617, valid:yes, name:"mpmissions\TheCommunity.enoch\storage_666\data\dynamic_008.bin"
21:22:01.860 [CE][Storage] ver:24 stamp:21616, valid:yes, name:"mpmissions\TheCommunity.enoch\storage_666\data\dynamic_008.001"
21:22:01.860 [CE][Storage] ver:24 stamp:21617, valid:yes, name:"mpmissions\TheCommunity.enoch\storage_666\data\dynamic_008.002"
21:22:01.860 [CE][Storage] Restoring file "mpmissions\TheCommunity.enoch\storage_666\data\dynamic_008.bin" 1101 items.
21:22:02.656   1101 items loaded.
21:22:02.656 [CE][Storage] ver:24 stamp:21617, valid:yes, name:"mpmissions\TheCommunity.enoch\storage_666\data\dynamic_009.bin"
21:22:02.656 [CE][Storage] ver:24 stamp:21616, valid:yes, name:"mpmissions\TheCommunity.enoch\storage_666\data\dynamic_009.001"
21:22:02.656 [CE][Storage] ver:24 stamp:21617, valid:yes, name:"mpmissions\TheCommunity.enoch\storage_666\data\dynamic_009.002"
21:22:02.656 [CE][Storage] Restoring file "mpmissions\TheCommunity.enoch\storage_666\data\dynamic_009.bin" 1036 items.
21:22:03.188   1036 items loaded.
21:22:03.188 [CE][Storage] ver:24 stamp:21617, valid:yes, name:"mpmissions\TheCommunity.enoch\storage_666\data\dynamic_010.bin"
21:22:03.188 [CE][Storage] ver:24 stamp:21616, valid:yes, name:"mpmissions\TheCommunity.enoch\storage_666\data\dynamic_010.001"
21:22:03.188 [CE][Storage] ver:24 stamp:21617, valid:yes, name:"mpmissions\TheCommunity.enoch\storage_666\data\dynamic_010.002"
21:22:03.188 [CE][Storage] Restoring file "mpmissions\TheCommunity.enoch\storage_666\data\dynamic_010.bin" 2490 items.
21:22:06.110   2490 items loaded.
21:22:06.110 [CE][Storage] ver:24 stamp:21617, valid:yes, name:"mpmissions\TheCommunity.enoch\storage_666\data\dynamic_011.bin"
21:22:06.125 [CE][Storage] ver:24 stamp:21616, valid:yes, name:"mpmissions\TheCommunity.enoch\storage_666\data\dynamic_011.001"
21:22:06.125 [CE][Storage] ver:24 stamp:21617, valid:yes, name:"mpmissions\TheCommunity.enoch\storage_666\data\dynamic_011.002"
21:22:06.125 [CE][Storage] Restoring file "mpmissions\TheCommunity.enoch\storage_666\data\dynamic_011.bin" 353 items.
21:22:06.703   353 items loaded.
21:22:06.750 [CE][Hive] :: Storage load took:14.53 seconds, recovery stamp:21617
21:22:06.750   entity: 15904, building: 0
21:22:06.750   no lifetime: 50
21:22:06.750 [CE][Hive] :: Initializing ... 
21:22:06.766 [CE][InitializeMap] :: initialized: 0
21:22:06.766 [CE][Hive] :: Initializing spawners ... 
21:22:09.422 [CE][LootRespawner] (PRIDummy) :: Item [0] causing search overtime: "MSFCGorkaPATACSFG"
21:22:09.422 [CE][LootRespawner] (PRIDummy) :: Item [1] causing search overtime: "MSFCGorkaPATACSFG"
21:22:09.422 [CE][LootRespawner] (PRIDummy) :: Item [2] causing search overtime: "MSFCGorkaPATACSFG"
21:22:09.422 [CE][LootRespawner] (PRIDummy) :: Item [3] causing search overtime: "MSFCGorkaPATACSFG"
21:22:09.422 [CE][LootRespawner] (PRIDummy) :: Item [4] causing search overtime: "PlateCarrierVest"
21:22:09.422 [CE][LootRespawner] (PRIDummy) :: Item [5] causing search overtime: "PlateCarrierVest"
21:22:09.422 [CE][LootRespawner] (PRIDummy) :: Item [6] causing search overtime: "PlateCarrierVest"
21:22:09.422 [CE][LootRespawner] (PRIDummy) :: Item [7] causing search overtime: "PlateCarrierVest"
21:22:09.438 [CE][LootRespawner] (PRIDummy) :: Item [8] causing search overtime: "PlateCarrierVest"
21:22:09.438 [CE][LootRespawner] (PRIDummy) :: Item [9] causing search overtime: "PlateCarrierVest"
21:22:09.438 [CE][LootRespawner] (PRIDummy) :: Item [10] causing search overtime: "PlateCarrierVest"
21:22:09.438 [CE][LootRespawner] (PRIDummy) :: Item [11] causing search overtime: "PlateCarrierVest"
21:22:09.438 [CE][LootRespawner] (PRIDummy) :: Item [12] causing search overtime: "PlateCarrierVest"
21:22:09.438 [CE][LootRespawner] (PRIDummy) :: Item [13] causing search overtime: "PlateCarrierVest"
21:22:09.438 [CE][LootRespawner] (PRIDummy) :: Item [14] causing search overtime: "PlateCarrierVest"
21:22:09.438 [CE][LootRespawner] (PRIDummy) :: Item [15] causing search overtime: "PlateCarrierVest"
21:22:09.438 [CE][LootRespawner] (PRIDummy) :: Item [16] causing search overtime: "PlateCarrierVest"
21:22:09.438 [CE][LootRespawner] (PRIDummy) :: Item [17] causing search overtime: "PlateCarrierVest"
21:22:09.438 [CE][LootRespawner] (PRIDummy) :: Item [18] causing search overtime: "PlateCarrierVest"
21:22:09.438 [CE][LootRespawner] (PRIDummy) :: Item [19] causing search overtime: "PlateCarrierVest"
21:22:09.579 [CE][LootRespawner] (PRIDummy) :: Item [0] is hard to place, performance drops: "BaseballCap_CMMG_Pink"
21:22:09.594 [CE][LootRespawner] (PRIDummy) :: Item [1] is hard to place, performance drops: "ZmijovkaCap_Blue"
21:22:09.813 [CE][LootRespawner] (PRIDummy) :: Item [2] is hard to place, performance drops: "MSFCBeerZhigulevskoeBarnoe"
21:22:09.813 [CE][LootRespawner] (PRIDummy) :: Item [3] is hard to place, performance drops: "MSFCBeerZhigulevskoeBarnoe"
21:22:09.813 [CE][LootRespawner] (PRIDummy) :: Item [4] is hard to place, performance drops: "MSFCBeerZhigulevskoeBarnoe"
21:22:09.813 [CE][LootRespawner] (PRIDummy) :: Item [5] is hard to place, performance drops: "Snipe_Mask_blood"
21:22:09.813 [CE][LootRespawner] (PRIDummy) :: Item [6] is hard to place, performance drops: "Snipe_Mask_blood"
21:22:09.891 [CE][LootRespawner] (PRIDummy) :: Item [7] is hard to place, performance drops: "DirtBikeHelmet_Khaki"
21:22:09.969 [CE][LootRespawner] (PRIDummy) :: Item [8] is hard to place, performance drops: "Raincoat_Orange"
21:22:09.969 [CE][LootRespawner] (PRIDummy) :: Item [9] is hard to place, performance drops: "Raincoat_Orange"
21:22:09.969 [CE][LootRespawner] (PRIDummy) :: Item [10] is hard to place, performance drops: "Raincoat_Orange"
21:22:09.969 [CE][LootRespawner] (PRIDummy) :: Item [11] is hard to place, performance drops: "Raincoat_Orange"
21:22:10.16 [CE][LootRespawner] (PRIDummy) :: Item [12] is hard to place, performance drops: "Sedan_02_Trunk_YellowRust"
21:22:10.16 [CE][LootRespawner] (PRIDummy) :: Item [13] is hard to place, performance drops: "Sedan_02_Trunk_YellowRust"
21:22:10.47 [CE][LootRespawner] (PRIDummy) :: Item [14] is hard to place, performance drops: "Breeches_Pink"
21:22:10.94 [CE][LootRespawner] (PRIDummy) :: Item [15] is hard to place, performance drops: "MSFCBeerZhigulevskoe"
21:22:10.94 [CE][LootRespawner] (PRIDummy) :: Item [16] is hard to place, performance drops: "MSFCBeerZhigulevskoe"
21:22:10.94 [CE][LootRespawner] (PRIDummy) :: Item [17] is hard to place, performance drops: "MSFCBeerZhigulevskoe"
21:22:11.360 [CE][LootRespawner] (PRIDummy) :: Item [18] is hard to place, performance drops: "Defender110_dver_2_2_Red"
21:22:11.876 [CE][LootRespawner] (PRIDummy) :: Item [19] is hard to place, performance drops: "PressVest_LightBlue"
21:22:12.985 [CE][LootRespawner] (PRIDummy) :: Initially (re)spawned:987, Nominal:32677, Total in Map: 16392 at 3 (sec)
21:22:12.985   tests:1046, repeats:0 fails:59, overtime:12882
21:22:12.985 [CE][DynEvent] :: 33 types
21:22:12.985 [00] AmbientHen
21:22:12.985   Primary Spawner: "Ambient", active: yes, repeat: 1
21:22:12.985 [01] AnimalBear
21:22:12.985   Primary Spawner: "Animal", active: yes, repeat: 1
21:22:12.985 [02] AnimalCow
21:22:12.985   Primary Spawner: "Animal", active: yes, repeat: 1
21:22:12.985 [03] AnimalDeer
21:22:12.985   Primary Spawner: "Animal", active: yes, repeat: 1
21:22:12.985 [04] AnimalGoat
21:22:12.985   Primary Spawner: "Animal", active: yes, repeat: 1
21:22:12.985 [05] AnimalPig
21:22:12.985   Primary Spawner: "Animal", active: yes, repeat: 1
21:22:12.985 [06] AnimalRoeDeer
21:22:12.985   Primary Spawner: "Animal", active: yes, repeat: 1
21:22:12.985 [07] AnimalSheep
21:22:12.985   Primary Spawner: "Animal", active: yes, repeat: 1
21:22:12.985 [08] AnimalWildBoar
21:22:12.985   Primary Spawner: "Animal", active: yes, repeat: 1
21:22:12.985 [09] AnimalWolf
21:22:12.985   Primary Spawner: "Animal", active: yes, repeat: 1
21:22:12.985 [10] InfectedArmy
21:22:12.985   Primary Spawner: "Infected", active: yes, repeat: 1
21:22:12.985 [11] InfectedCity
21:22:12.985   Primary Spawner: "Infected", active: yes, repeat: 1
21:22:12.985 [12] InfectedFirefighter
21:22:12.985   Primary Spawner: "Infected", active: yes, repeat: 1
21:22:12.985 [13] InfectedIndustrial
21:22:12.985   Primary Spawner: "Infected", active: yes, repeat: 1
21:22:12.985 [14] InfectedMedic
21:22:12.985   Primary Spawner: "Infected", active: yes, repeat: 1
21:22:12.985 [15] InfectedPolice
21:22:12.985   Primary Spawner: "Infected", active: yes, repeat: 1
21:22:12.985 [16] InfectedPrisoner
21:22:12.985   Primary Spawner: "Infected", active: yes, repeat: 1
21:22:12.985 [17] InfectedReligious
21:22:12.985   Primary Spawner: "Infected", active: yes, repeat: 1
21:22:12.985 [18] InfectedSolitude
21:22:12.985   Primary Spawner: "Infected", active: yes, repeat: 1
21:22:12.985 [19] InfectedVillage
21:22:12.985   Primary Spawner: "Infected", active: yes, repeat: 1
21:22:12.985 [20] ItemPlanks
21:22:12.985   Primary Spawner: "Item", active: yes, repeat: 1
21:22:12.985 [21] Loot
21:22:12.985   Primary Spawner: "Loot", active: yes, repeat: 2
21:22:12.985 [22] StaticHeliCrash
21:22:12.985   Primary Spawner: "Vehicle", active: yes, repeat: 1
21:22:12.985   Secondary Spawner: "Infected", active: yes, repeat: 1
21:22:12.985 [23] StaticPoliceCar
21:22:12.985   Primary Spawner: "Vehicle", active: yes, repeat: 1
21:22:12.985 [24] TrajectoryConiferous
21:22:12.985   Primary Spawner: "Trajectory", active: yes, repeat: 1
21:22:12.985 [25] TrajectoryDeciduous
21:22:12.985   Primary Spawner: "Trajectory", active: yes, repeat: 1
21:22:12.985 [26] TrajectoryHumus
21:22:12.985   Primary Spawner: "Trajectory", active: yes, repeat: 1
21:22:12.985 [27] TrajectoryStones
21:22:12.985   Primary Spawner: "Trajectory", active: yes, repeat: 1
21:22:12.985 [28] VehicleCivilianSedan
21:22:12.985   Primary Spawner: "Vehicle", active: yes, repeat: 1
21:22:12.985 [29] VehicleHatchback02
21:22:12.985   Primary Spawner: "Vehicle", active: yes, repeat: 1
21:22:12.985 [30] VehicleOffroadHatchback
21:22:12.985   Primary Spawner: "Vehicle", active: yes, repeat: 1
21:22:12.985 [31] VehicleSedan02
21:22:12.985   Primary Spawner: "Vehicle", active: yes, repeat: 1
21:22:12.985 [32] VehicleCrSk_Land_Rover_Defender_110
21:22:12.985   Primary Spawner: "Vehicle", active: yes, repeat: 1
21:22:12.985 [CE][Hive] :: Initializing of spawners done.
21:22:13.01 [CE][Hive] :: Init sequence finished.
21:22:13.01 Player connect enabled
21:22:13.954 Average server FPS: 0.05 (measured interval: 30 s)
21:22:13.954 Used memory: 1457731 KB
21:22:13.954 Players: 0 in total
21:22:44.02 Average server FPS: 329.00 (measured interval: 30 s)
21:22:44.02 Used memory: 1543614 KB
21:22:44.02 Players: 0 in total
21:23:14.129 Average server FPS: 828.28 (measured interval: 30 s)
21:23:14.129 Used memory: 1548876 KB
21:23:14.129 Players: 0 in total
21:23:44.146 Average server FPS: 1128.26 (measured interval: 30 s)
21:23:44.146 Used memory: 1553249 KB
21:23:44.146 Players: 0 in total
21:24:14.335 Average server FPS: 1389.43 (measured interval: 30 s)
21:24:14.335 Used memory: 1566424 KB
21:24:14.335 Players: 0 in total
21:24:44.524 Average server FPS: 1094.18 (measured interval: 30 s)
21:24:44.524 Used memory: 1589337 KB
21:24:44.524 Players: 0 in total
21:25:14.744 Average server FPS: 1415.35 (measured interval: 30 s)
21:25:14.744 Used memory: 1587314 KB
21:25:14.744 Players: 0 in total
21:25:44.933 Average server FPS: 1762.57 (measured interval: 30 s)
21:25:44.933 Used memory: 1588717 KB
21:25:44.933 Players: 0 in total
21:26:15.107 Average server FPS: 2107.34 (measured interval: 30 s)
21:26:15.107 Used memory: 1597624 KB
21:26:15.107 Players: 0 in total
21:26:45.296 Average server FPS: 2076.32 (measured interval: 30 s)
21:26:45.296 Used memory: 1599227 KB
21:26:45.296 Players: 0 in total
21:26:52.62 [CE][Links] found 0 total links between groups, of 1
21:26:52.62 [CE][SpawnRandomLoot] (StaticPoliceCar) :: ChildType: Land_Wreck_Volha_Police, lootmin: 3, lootmax: 5, wanted: 3
21:26:52.62 [CE][Links] found 0 total links between groups, of 2
21:26:52.62 [CE][SpawnRandomLoot] (StaticPoliceCar) :: ChildType: Land_Wreck_Volha_Police, lootmin: 3, lootmax: 5, wanted: 4
21:26:52.77 [CE][Links] found 0 total links between groups, of 3
21:26:52.77 [CE][SpawnRandomLoot] (StaticPoliceCar) :: ChildType: Land_Wreck_Volha_Police, lootmin: 3, lootmax: 5, wanted: 3
21:26:52.77 [CE][Links] found 0 total links between groups, of 4
21:26:52.77 [CE][SpawnRandomLoot] (StaticPoliceCar) :: ChildType: Land_Wreck_Volha_Police, lootmin: 3, lootmax: 5, wanted: 3
21:26:52.77 [CE][Links] found 0 total links between groups, of 5
21:26:52.77 [CE][SpawnRandomLoot] (StaticPoliceCar) :: ChildType: Land_Wreck_Volha_Police, lootmin: 3, lootmax: 5, wanted: 3
21:26:52.93 [CE][Links] found 0 total links between groups, of 6
21:26:52.93 [CE][SpawnRandomLoot] (StaticPoliceCar) :: ChildType: Land_Wreck_Volha_Police, lootmin: 3, lootmax: 5, wanted: 3
21:26:52.93 [CE][Links] found 0 total links between groups, of 7
21:26:52.93 [CE][SpawnRandomLoot] (StaticPoliceCar) :: ChildType: Land_Wreck_Volha_Police, lootmin: 3, lootmax: 5, wanted: 3
21:26:52.108 [CE][Links] found 0 total links between groups, of 8
21:26:52.108 [CE][SpawnRandomLoot] (StaticPoliceCar) :: ChildType: Land_Wreck_Volha_Police, lootmin: 3, lootmax: 5, wanted: 3
21:26:52.108 [CE][Links] found 0 total links between groups, of 9
21:26:52.108 [CE][SpawnRandomLoot] (StaticPoliceCar) :: ChildType: Land_Wreck_Volha_Police, lootmin: 3, lootmax: 5, wanted: 4
21:26:52.108 [CE][Links] found 0 total links between groups, of 10
21:26:52.108 [CE][SpawnRandomLoot] (StaticPoliceCar) :: ChildType: Land_Wreck_Volha_Police, lootmin: 3, lootmax: 5, wanted: 3
21:27:15.328 Average server FPS: 2181.41 (measured interval: 30 s)
21:27:15.328 Used memory: 1601700 KB
21:27:15.328 Players: 0 in total
21:27:45.455 Average server FPS: 2224.22 (measured interval: 30 s)
21:27:45.455 Used memory: 1605149 KB
21:27:45.455 Players: 0 in total
21:28:15.441 Average server FPS: 2360.27 (measured interval: 30 s)
21:28:15.441 Used memory: 1613406 KB
21:28:15.441 Players: 0 in total
21:28:45.552 Average server FPS: 2258.26 (measured interval: 30 s)
21:28:45.552 Used memory: 1617108 KB
21:28:45.552 Players: 0 in total
21:29:15.537 Average server FPS: 2149.57 (measured interval: 30 s)
21:29:15.537 Used memory: 1628200 KB
21:29:15.537 Players: 0 in total
21:29:45.539 Average server FPS: 2277.63 (measured interval: 30 s)
21:29:45.539 Used memory: 1630589 KB
21:29:45.539 Players: 0 in total
21:30:15.540 Average server FPS: 2227.13 (measured interval: 30 s)
21:30:15.540 Used memory: 1636983 KB
21:30:15.540 Players: 0 in total
21:30:45.604 Average server FPS: 2080.06 (measured interval: 30 s)
21:30:45.604 Used memory: 1645030 KB
21:30:45.604 Players: 0 in total
21:31:15.668 Average server FPS: 2178.85 (measured interval: 30 s)
21:31:15.668 Used memory: 1648431 KB
21:31:15.668 Players: 0 in total
21:31:45.654 Average server FPS: 2375.33 (measured interval: 30 s)
21:31:45.654 Used memory: 1652909 KB
21:31:45.654 Players: 0 in total
21:32:15.750 Average server FPS: 2656.17 (measured interval: 30 s)
21:32:15.750 Used memory: 1663134 KB
21:32:15.750 Players: 0 in total
21:32:45.735 Average server FPS: 2722.13 (measured interval: 30 s)
21:32:45.735 Used memory: 1668868 KB
21:32:45.735 Players: 0 in total
21:33:15.768 Average server FPS: 2762.52 (measured interval: 30 s)
21:33:15.768 Used memory: 1672979 KB
21:33:15.768 Players: 0 in total
21:33:45.770 Average server FPS: 2737.73 (measured interval: 30 s)
21:33:45.770 Used memory: 1676234 KB
21:33:45.770 Players: 0 in total
21:34:15.865 Average server FPS: 1897.40 (measured interval: 30 s)
21:34:15.865 Used memory: 1679713 KB
21:34:15.865 Players: 0 in total
21:34:45.867 Average server FPS: 2720.99 (measured interval: 30 s)
21:34:45.867 Used memory: 1687526 KB
21:34:45.867 Players: 0 in total
21:35:15.915 Average server FPS: 2695.89 (measured interval: 30 s)
21:35:15.915 Used memory: 1692670 KB
21:35:15.915 Players: 0 in total
21:35:45.916 Average server FPS: 2859.07 (measured interval: 30 s)
21:35:45.916 Used memory: 1695890 KB
21:35:45.916 Players: 0 in total
21:36:15.902 Average server FPS: 2649.27 (measured interval: 30 s)
21:36:15.902 Used memory: 1702027 KB
21:36:15.902 Players: 0 in total
21:36:46.794 Average server FPS: 1986.56 (measured interval: 30 s)
21:36:46.794 Used memory: 1706600 KB
21:36:46.794 Players: 0 in total
21:37:16.780 Average server FPS: 453.38 (measured interval: 30 s)
21:37:16.780 Used memory: 1708644 KB
21:37:16.780 Players: 0 in total
21:37:47.282 Average server FPS: 72.03 (measured interval: 30 s)
21:37:47.282 Used memory: 1708843 KB
21:37:47.282 Players: 0 in total