

=====================================================================
== D:\DayZServers\TheCommunity_enochTest\DayZTestServer_x64.exe
== "D:\DayZServers\TheCommunity_enochTest\DayZTestServer_x64.exe"  -port=2442 "-mod=@CF;@Community-Online-Tools;@BuildAnywhere;@BaseBuildingLogs;@Trader;@BaseBuildingPlus;@Durable_Suppressors;@VPPMap;@Ear-Plugs;@Catch_Rain;@DayZ-Expansion-Notifications;@DayZ-Expansion-Chat;@No_Shoe_Damage;@Airdrop-Upgraded;@Ammo_Making;@Banking;@BuilderItems;@Camosplus;@CannabisPlus;@CheckIdentity;@Code_Lock;@Dayz_Navigation;@FIDOv4;@FlipTransport;@GoreZ;@IRP;@KillFeed;@NoVehicleDamage;@PartyMe;@Modular_Vest_System;@MuchStuffPack;@SWP;@BreachingCharge;@BBPBreachCharge;@MunghardsItempack;@NDVPPM;@Next_Days;@Notes;@SQUAD_MSF-C;@Zeroy-FishingZ;@OP_BaseItems;@Base_Storage;@SIX-DayZ-Auto-Run;" -config=D:\DayZServers\TheCommunity_enochTest\TheCommunityDZTest.cfg -profiles=TheCommunityServer -BEPath=D:\DayZServers\TheCommunity_enochTest\battleye -filePatching -adminlog -netlog -freezecheck -scrAllowFileWrite
=====================================================================
Exe timestamp: 2020/04/26 15:56:05
Current time:  2020/04/30 03:31:46

Version 1.07.153006
 3:31:46.111 [Inputs] Loading inputs default "bin/constants.xml"
 3:31:46.111 [Inputs] Loading inputs default "bin/specific.xml"
 3:31:46.111 !!! [Inputs] Invalid input name used "UAUIInspectItem" for context "ui" in "bin/specific.xml"
 3:31:46.111 !!! [Inputs] Attempt to register duplicate Modded-Inputs file "VanillaPPMap/data/modded_Inputs.xml"
 3:31:46.111 [Inputs] Loading inputs default "EarPlugs\data\inputs.xml"
 3:31:46.111 [Inputs] Loading inputs default "JM/COT/scripts/Data/Inputs.xml"
 3:31:46.111 [Inputs] Loading inputs default "KillFeed/inputs/Inputs.xml"
 3:31:46.127 [Inputs] Loading inputs default "partyme/scripts/partyme_inputs.xml"
 3:31:46.127 [Inputs] Loading inputs default "VanillaPPMap/data/modded_Inputs.xml"
 3:31:46.127 [Inputs] Loading inputs default "NextDays/data/NextDays_Inputs.xml"
 3:31:46.127 [Inputs] Loading inputs default "A3_UI_F/Scripts/Inputs.xml"
 3:31:46.127 [Inputs] Loading inputs default "BaseBuildingPlus/Scripts/Data/Inputs.xml"
 3:31:46.127 [Inputs] Loading inputs default "VanillaPPMap/data/modded_Inputs.xml"
 3:31:46.127 !!! [Inputs] Attempt to register duplicate input "UAOpenVPPMap"
 3:31:46.127 !!! [Inputs] Attempt to register duplicate input "UAToggleVPPMap3DMarkers"
 3:31:46.127 [Inputs] Loading inputs cfg "TheCommunityServer\Users\Survivor\Server.core.xml"
 3:31:46.127 [Inputs] Exporting inputs cfg "TheCommunityServer\Users\Survivor\Server.core.xml"
 3:31:46.439 !!! [Inputs] Attempt to register "PMHideShowTrackers" input twice
 3:32:32.301 [CE][Hive] :: Initializing OFFLINE
 3:32:32.301 [CE][Hive] :: Loading core data ... 
 3:32:32.301 [CE][CoreData] :: 7 root classes, 19 defaults, 0 updaters...
 3:32:49.349 [CE][RegisterBind] :: 0 classes binded...
 3:32:49.349 [CE][RegisterConfig] :: 10055 config classes registered, 0 sub-counters...
 3:32:49.349 [CE][Hive] :: Loading map data ... 
 3:32:49.396 !!! [CE] :: Unknown category: 'vehicleparts'.
 3:32:49.396 [CE][LoadPrototype] :: loaded 330 prototypes
 3:32:49.396   702 containers, 9116 points
 3:32:49.396   24 dispatches, 90 proxies
 3:32:49.396 !!! [CE][LoadPrototype] 12 groups have no points...
 3:32:49.396 !!![CE][LoadPrototype]  3 groups have wrong points...
 3:32:49.396 [CE][LoadPrototype] :: last group name: Land_Lunapark_Autodrome...
 3:32:49.396 [CE][LoadPrototype] :: loaded 0 prototypes
 3:32:49.396   0 containers, 0 points
 3:32:49.396   0 dispatches, 0 proxies
 3:32:49.396 [CE][LoadPrototype] :: last group name: PathD_7100...
 3:32:49.708 [CE][LoadMap] "Group" :: loaded 5086 groups, largest group range: 26.9
 3:32:49.708 [CE][LoadMap] "Dirt" :: loaded 0 groups, largest group range: 26.9
 3:32:49.818 [CE][Links] found 354 total links between groups, of 5086
 3:32:49.818 [CE][LoadClusters] "Cluster" :: Loading files...
 3:32:50.21 [CE][LoadClusters] :: file: "mapgroupcluster.xml", 4 types, 50000 instances
 3:32:50.224 [CE][LoadClusters] :: file: "mapgroupcluster01", 4 types, 50000 instances
 3:32:50.443 [CE][LoadClusters] :: file: "mapgroupcluster02", 4 types, 50000 instances
 3:32:50.661 [CE][LoadClusters] :: file: "mapgroupcluster03", 4 types, 50000 instances
 3:32:50.755 [CE][LoadClusters] :: file: "mapgroupcluster04", 4 types, 21297 instances
 3:32:50.771 [CE][Storage] ver:21 stamp:9062, valid:yes, name:"mpmissions\TheCommunity.enoch\storage_666\data\types.bin"
 3:32:50.771 [CE][Storage] ver:21 stamp:9061, valid:yes, name:"mpmissions\TheCommunity.enoch\storage_666\data\types.001"
 3:32:50.771 [CE][Storage] ver:21 stamp:9059, valid:yes, name:"mpmissions\TheCommunity.enoch\storage_666\data\types.002"
 3:32:50.771 [CE][Storage] Restoring file "mpmissions\TheCommunity.enoch\storage_666\data\types.bin".
 3:32:50.974 [CE][offlineDB] :: Loaded 33 dynamic events 215 total types 0 total positions.
 3:32:51.36 [CE][Storage] ver:21 stamp:9062, valid:yes, name:"mpmissions\TheCommunity.enoch\storage_666\data\events.bin"
 3:32:51.36 [CE][Storage] ver:21 stamp:9061, valid:yes, name:"mpmissions\TheCommunity.enoch\storage_666\data\events.001"
 3:32:51.36 [CE][Storage] ver:21 stamp:9059, valid:yes, name:"mpmissions\TheCommunity.enoch\storage_666\data\events.002"
 3:32:51.36 [CE][Storage] Restoring file "mpmissions\TheCommunity.enoch\storage_666\data\events.bin".
 3:32:51.36 [CE][DynamicEvent] Load  Events:[33] Primary spawners: 33 Secondary spawners: 1
 3:32:51.36 [CE][Storage] ver:24 stamp:9062, valid:yes, name:"mpmissions\TheCommunity.enoch\storage_666\data\vehicles.bin"
 3:32:51.36 [CE][Storage] ver:24 stamp:9061, valid:yes, name:"mpmissions\TheCommunity.enoch\storage_666\data\vehicles.001"
 3:32:51.36 [CE][Storage] ver:24 stamp:9062, valid:yes, name:"mpmissions\TheCommunity.enoch\storage_666\data\vehicles.002"
 3:32:51.36 [CE][Storage] Restoring file "mpmissions\TheCommunity.enoch\storage_666\data\vehicles.bin" 104 items.
 3:32:51.146   104 items loaded.
 3:32:51.146 [CE][Storage] ver:24 stamp:9062, valid:yes, name:"mpmissions\TheCommunity.enoch\storage_666\data\dynamic_000.bin"
 3:32:51.146 [CE][Storage] ver:24 stamp:9061, valid:yes, name:"mpmissions\TheCommunity.enoch\storage_666\data\dynamic_000.001"
 3:32:51.146 [CE][Storage] ver:24 stamp:9062, valid:yes, name:"mpmissions\TheCommunity.enoch\storage_666\data\dynamic_000.002"
 3:32:51.146 [CE][Storage] Restoring file "mpmissions\TheCommunity.enoch\storage_666\data\dynamic_000.bin" 365 items.
 3:32:51.396   365 items loaded.
 3:32:51.396 [CE][Storage] ver:24 stamp:9062, valid:yes, name:"mpmissions\TheCommunity.enoch\storage_666\data\dynamic_001.bin"
 3:32:51.396 [CE][Storage] ver:24 stamp:9061, valid:yes, name:"mpmissions\TheCommunity.enoch\storage_666\data\dynamic_001.001"
 3:32:51.411 [CE][Storage] ver:24 stamp:9062, valid:yes, name:"mpmissions\TheCommunity.enoch\storage_666\data\dynamic_001.002"
 3:32:51.411 [CE][Storage] Restoring file "mpmissions\TheCommunity.enoch\storage_666\data\dynamic_001.bin" 2211 items.
 3:32:52.177   2211 items loaded.
 3:32:52.177 [CE][Storage] ver:24 stamp:9062, valid:yes, name:"mpmissions\TheCommunity.enoch\storage_666\data\dynamic_002.bin"
 3:32:52.177 [CE][Storage] ver:24 stamp:9061, valid:yes, name:"mpmissions\TheCommunity.enoch\storage_666\data\dynamic_002.001"
 3:32:52.177 [CE][Storage] ver:24 stamp:9062, valid:yes, name:"mpmissions\TheCommunity.enoch\storage_666\data\dynamic_002.002"
 3:32:52.177 [CE][Storage] Restoring file "mpmissions\TheCommunity.enoch\storage_666\data\dynamic_002.bin" 658 items.
 3:32:52.365   658 items loaded.
 3:32:52.365 [CE][Storage] ver:24 stamp:9062, valid:yes, name:"mpmissions\TheCommunity.enoch\storage_666\data\dynamic_003.bin"
 3:32:52.365 [CE][Storage] ver:24 stamp:9061, valid:yes, name:"mpmissions\TheCommunity.enoch\storage_666\data\dynamic_003.001"
 3:32:52.365 [CE][Storage] ver:24 stamp:9062, valid:yes, name:"mpmissions\TheCommunity.enoch\storage_666\data\dynamic_003.002"
 3:32:52.365 [CE][Storage] Restoring file "mpmissions\TheCommunity.enoch\storage_666\data\dynamic_003.bin" 1225 items.
 3:32:52.724   1225 items loaded.
 3:32:52.724 [CE][Storage] ver:24 stamp:9062, valid:yes, name:"mpmissions\TheCommunity.enoch\storage_666\data\dynamic_004.bin"
 3:32:52.724 [CE][Storage] ver:24 stamp:9061, valid:yes, name:"mpmissions\TheCommunity.enoch\storage_666\data\dynamic_004.001"
 3:32:52.724 [CE][Storage] ver:24 stamp:9062, valid:yes, name:"mpmissions\TheCommunity.enoch\storage_666\data\dynamic_004.002"
 3:32:52.740 [CE][Storage] Restoring file "mpmissions\TheCommunity.enoch\storage_666\data\dynamic_004.bin" 1547 items.
 3:32:53.318   1547 items loaded.
 3:32:53.318 [CE][Storage] ver:24 stamp:9062, valid:yes, name:"mpmissions\TheCommunity.enoch\storage_666\data\dynamic_005.bin"
 3:32:53.318 [CE][Storage] ver:24 stamp:9061, valid:yes, name:"mpmissions\TheCommunity.enoch\storage_666\data\dynamic_005.001"
 3:32:53.318 [CE][Storage] ver:24 stamp:9062, valid:yes, name:"mpmissions\TheCommunity.enoch\storage_666\data\dynamic_005.002"
 3:32:53.318 [CE][Storage] Restoring file "mpmissions\TheCommunity.enoch\storage_666\data\dynamic_005.bin" 2006 items.
 3:32:53.927   2006 items loaded.
 3:32:53.927 [CE][Storage] ver:24 stamp:9062, valid:yes, name:"mpmissions\TheCommunity.enoch\storage_666\data\dynamic_006.bin"
 3:32:53.927 [CE][Storage] ver:24 stamp:9061, valid:yes, name:"mpmissions\TheCommunity.enoch\storage_666\data\dynamic_006.001"
 3:32:53.927 [CE][Storage] ver:24 stamp:9062, valid:yes, name:"mpmissions\TheCommunity.enoch\storage_666\data\dynamic_006.002"
 3:32:53.927 [CE][Storage] Restoring file "mpmissions\TheCommunity.enoch\storage_666\data\dynamic_006.bin" 1064 items.
 3:32:54.318   1064 items loaded.
 3:32:54.318 [CE][Storage] ver:24 stamp:9062, valid:yes, name:"mpmissions\TheCommunity.enoch\storage_666\data\dynamic_007.bin"
 3:32:54.318 [CE][Storage] ver:24 stamp:9061, valid:yes, name:"mpmissions\TheCommunity.enoch\storage_666\data\dynamic_007.001"
 3:32:54.318 [CE][Storage] ver:24 stamp:9062, valid:yes, name:"mpmissions\TheCommunity.enoch\storage_666\data\dynamic_007.002"
 3:32:54.318 [CE][Storage] Restoring file "mpmissions\TheCommunity.enoch\storage_666\data\dynamic_007.bin" 1347 items.
 3:32:54.802   1347 items loaded.
 3:32:54.802 [CE][Storage] ver:24 stamp:9062, valid:yes, name:"mpmissions\TheCommunity.enoch\storage_666\data\dynamic_008.bin"
 3:32:54.802 [CE][Storage] ver:24 stamp:9061, valid:yes, name:"mpmissions\TheCommunity.enoch\storage_666\data\dynamic_008.001"
 3:32:54.802 [CE][Storage] ver:24 stamp:9062, valid:yes, name:"mpmissions\TheCommunity.enoch\storage_666\data\dynamic_008.002"
 3:32:54.802 [CE][Storage] Restoring file "mpmissions\TheCommunity.enoch\storage_666\data\dynamic_008.bin" 1150 items.
 3:32:55.162   1150 items loaded.
 3:32:55.162 [CE][Storage] ver:24 stamp:9062, valid:yes, name:"mpmissions\TheCommunity.enoch\storage_666\data\dynamic_009.bin"
 3:32:55.162 [CE][Storage] ver:24 stamp:9061, valid:yes, name:"mpmissions\TheCommunity.enoch\storage_666\data\dynamic_009.001"
 3:32:55.162 [CE][Storage] ver:24 stamp:9062, valid:yes, name:"mpmissions\TheCommunity.enoch\storage_666\data\dynamic_009.002"
 3:32:55.162 [CE][Storage] Restoring file "mpmissions\TheCommunity.enoch\storage_666\data\dynamic_009.bin" 1101 items.
 3:32:55.505   1101 items loaded.
 3:32:55.505 [CE][Storage] ver:24 stamp:9062, valid:yes, name:"mpmissions\TheCommunity.enoch\storage_666\data\dynamic_010.bin"
 3:32:55.505 [CE][Storage] ver:24 stamp:9061, valid:yes, name:"mpmissions\TheCommunity.enoch\storage_666\data\dynamic_010.001"
 3:32:55.505 [CE][Storage] ver:24 stamp:9062, valid:yes, name:"mpmissions\TheCommunity.enoch\storage_666\data\dynamic_010.002"
 3:32:55.505 [CE][Storage] Restoring file "mpmissions\TheCommunity.enoch\storage_666\data\dynamic_010.bin" 2560 items.
 3:32:56.240   2560 items loaded.
 3:32:56.240 [CE][Storage] ver:24 stamp:9062, valid:yes, name:"mpmissions\TheCommunity.enoch\storage_666\data\dynamic_011.bin"
 3:32:56.240 [CE][Storage] ver:24 stamp:9061, valid:yes, name:"mpmissions\TheCommunity.enoch\storage_666\data\dynamic_011.001"
 3:32:56.240 [CE][Storage] ver:24 stamp:9062, valid:yes, name:"mpmissions\TheCommunity.enoch\storage_666\data\dynamic_011.002"
 3:32:56.240 [CE][Storage] Restoring file "mpmissions\TheCommunity.enoch\storage_666\data\dynamic_011.bin" 388 items.
 3:32:56.349   388 items loaded.
 3:32:56.380 [CE][Hive] :: Storage load took:5.34 seconds, recovery stamp:9062
 3:32:56.380   entity: 16094, building: 0
 3:32:56.380   no lifetime: 49
 3:32:56.380 [CE][Hive] :: Initializing ... 
 3:32:56.380 [CE][InitializeMap] :: initialized: 0
 3:32:56.380 [CE][Hive] :: Initializing spawners ... 
 3:32:58.834 [CE][LootRespawner] (PRIDummy) :: Item [0] causing search overtime: "MSFCGorkaPATACSFG"
 3:32:58.834 [CE][LootRespawner] (PRIDummy) :: Item [1] causing search overtime: "MSFCGorkaPATACSFG"
 3:32:58.834 [CE][LootRespawner] (PRIDummy) :: Item [2] causing search overtime: "MSFCGorkaPATACSFG"
 3:32:58.834 [CE][LootRespawner] (PRIDummy) :: Item [3] causing search overtime: "MSFCKryptekRaidPlatePouches"
 3:32:58.834 [CE][LootRespawner] (PRIDummy) :: Item [4] causing search overtime: "MSFCKryptekRaidPlatePouches"
 3:32:58.834 [CE][LootRespawner] (PRIDummy) :: Item [5] causing search overtime: "MSFCKryptekRaidPlatePouches"
 3:32:58.834 [CE][LootRespawner] (PRIDummy) :: Item [6] causing search overtime: "MSFCKryptekRaidPlatePouches"
 3:32:58.834 [CE][LootRespawner] (PRIDummy) :: Item [7] causing search overtime: "SWP_AWM_Mag"
 3:32:58.834 [CE][LootRespawner] (PRIDummy) :: Item [8] causing search overtime: "SWP_AWM_Mag"
 3:32:58.834 [CE][LootRespawner] (PRIDummy) :: Item [9] causing search overtime: "SWP_AWM_Mag"
 3:32:58.834 [CE][LootRespawner] (PRIDummy) :: Item [10] causing search overtime: "SWP_AWM_Mag"
 3:32:58.834 [CE][LootRespawner] (PRIDummy) :: Item [11] causing search overtime: "SWP_AWM_Mag"
 3:32:58.834 [CE][LootRespawner] (PRIDummy) :: Item [12] causing search overtime: "SWP_AWM_Mag"
 3:32:58.834 [CE][LootRespawner] (PRIDummy) :: Item [13] causing search overtime: "SWP_AWM_Mag"
 3:32:58.834 [CE][LootRespawner] (PRIDummy) :: Item [14] causing search overtime: "SWP_AWM_Mag"
 3:32:58.834 [CE][LootRespawner] (PRIDummy) :: Item [15] causing search overtime: "SWP_AWM_Mag"
 3:32:58.834 [CE][LootRespawner] (PRIDummy) :: Item [16] causing search overtime: "SWP_AWM_Mag"
 3:32:58.834 [CE][LootRespawner] (PRIDummy) :: Item [17] causing search overtime: "SWP_AWM_Mag"
 3:32:58.834 [CE][LootRespawner] (PRIDummy) :: Item [18] causing search overtime: "SWP_AWM_Mag"
 3:32:58.834 [CE][LootRespawner] (PRIDummy) :: Item [19] causing search overtime: "SWP_AWM_Mag"
 3:32:59.68 [CE][LootRespawner] (PRIDummy) :: Item [0] is hard to place, performance drops: "UKAssVest_Olive"
 3:32:59.130 [CE][LootRespawner] (PRIDummy) :: Item [1] is hard to place, performance drops: "MSFCBeerZhigulevskoeBarnoe"
 3:32:59.130 [CE][LootRespawner] (PRIDummy) :: Item [2] is hard to place, performance drops: "MSFCBeerZhigulevskoeBarnoe"
 3:32:59.130 [CE][LootRespawner] (PRIDummy) :: Item [3] is hard to place, performance drops: "MSFCBeerZhigulevskoeBarnoe"
 3:32:59.130 [CE][LootRespawner] (PRIDummy) :: Item [4] is hard to place, performance drops: "MSFCBeerZhigulevskoeBarnoe"
 3:32:59.162 [CE][LootRespawner] (PRIDummy) :: Item [5] is hard to place, performance drops: "Msp_BeanBasher"
 3:32:59.177 [CE][LootRespawner] (PRIDummy) :: Item [6] is hard to place, performance drops: "BaseballCap_Black"
 3:32:59.177 [CE][LootRespawner] (PRIDummy) :: Item [7] is hard to place, performance drops: "Msp_GoodNightBat"
 3:32:59.287 [CE][LootRespawner] (PRIDummy) :: Item [8] is hard to place, performance drops: "Defender110_dver_2_1"
 3:32:59.318 !!! [CE][Point] Removing 4162.038574, 9023.292969 from Land_Boat_Small3
 3:32:59.318 [CE][LootRespawner] (PRIDummy) :: Item [9] is hard to place, performance drops: "MSFCBeerZhigulevskoe"
 3:32:59.474 [CE][LootRespawner] (PRIDummy) :: Item [10] is hard to place, performance drops: "ZmijovkaCap_Brown"
 3:32:59.552 [CE][LootRespawner] (PRIDummy) :: Item [11] is hard to place, performance drops: "Bear_Beige"
 3:32:59.646 [CE][LootRespawner] (PRIDummy) :: Item [12] is hard to place, performance drops: "BearTrap"
 3:32:59.802 [CE][LootRespawner] (PRIDummy) :: Item [13] is hard to place, performance drops: "Snipe_Mask_Orange"
 3:32:59.802 [CE][LootRespawner] (PRIDummy) :: Item [14] is hard to place, performance drops: "Snipe_Mask_Orange"
 3:32:59.881 [CE][LootRespawner] (PRIDummy) :: Item [15] is hard to place, performance drops: "Defender110_dver_1_1"
 3:32:59.959 [CE][LootRespawner] (PRIDummy) :: Item [16] is hard to place, performance drops: "DarkMotoHelmet_Lime"
 3:32:59.990 [CE][LootRespawner] (PRIDummy) :: Initially (re)spawned:781, Nominal:32677, Total in Map: 16555 at 1 (sec)
 3:32:59.990   tests:798, repeats:0 fails:17, overtime:12626
 3:32:59.990 [CE][DynEvent] :: 33 types
 3:32:59.990 [00] AmbientHen
 3:32:59.990   Primary Spawner: "Ambient", active: yes, repeat: 1
 3:32:59.990 [01] AnimalBear
 3:32:59.990   Primary Spawner: "Animal", active: yes, repeat: 1
 3:32:59.990 [02] AnimalCow
 3:32:59.990   Primary Spawner: "Animal", active: yes, repeat: 1
 3:32:59.990 [03] AnimalDeer
 3:32:59.990   Primary Spawner: "Animal", active: yes, repeat: 1
 3:32:59.990 [04] AnimalGoat
 3:32:59.990   Primary Spawner: "Animal", active: yes, repeat: 1
 3:32:59.990 [05] AnimalPig
 3:32:59.990   Primary Spawner: "Animal", active: yes, repeat: 1
 3:32:59.990 [06] AnimalRoeDeer
 3:32:59.990   Primary Spawner: "Animal", active: yes, repeat: 1
 3:32:59.990 [07] AnimalSheep
 3:32:59.990   Primary Spawner: "Animal", active: yes, repeat: 1
 3:32:59.990 [08] AnimalWildBoar
 3:32:59.990   Primary Spawner: "Animal", active: yes, repeat: 1
 3:32:59.990 [09] AnimalWolf
 3:32:59.990   Primary Spawner: "Animal", active: yes, repeat: 1
 3:32:59.990 [10] InfectedArmy
 3:32:59.990   Primary Spawner: "Infected", active: yes, repeat: 1
 3:32:59.990 [11] InfectedCity
 3:32:59.990   Primary Spawner: "Infected", active: yes, repeat: 1
 3:32:59.990 [12] InfectedFirefighter
 3:32:59.990   Primary Spawner: "Infected", active: yes, repeat: 1
 3:32:59.990 [13] InfectedIndustrial
 3:32:59.990   Primary Spawner: "Infected", active: yes, repeat: 1
 3:32:59.990 [14] InfectedMedic
 3:32:59.990   Primary Spawner: "Infected", active: yes, repeat: 1
 3:32:59.990 [15] InfectedPolice
 3:32:59.990   Primary Spawner: "Infected", active: yes, repeat: 1
 3:32:59.990 [16] InfectedPrisoner
 3:32:59.990   Primary Spawner: "Infected", active: yes, repeat: 1
 3:32:59.990 [17] InfectedReligious
 3:32:59.990   Primary Spawner: "Infected", active: yes, repeat: 1
 3:32:59.990 [18] InfectedSolitude
 3:32:59.990   Primary Spawner: "Infected", active: yes, repeat: 1
 3:32:59.990 [19] InfectedVillage
 3:32:59.990   Primary Spawner: "Infected", active: yes, repeat: 1
 3:32:59.990 [20] ItemPlanks
 3:32:59.990   Primary Spawner: "Item", active: yes, repeat: 1
 3:32:59.990 [21] Loot
 3:32:59.990   Primary Spawner: "Loot", active: yes, repeat: 2
 3:32:59.990 [22] StaticHeliCrash
 3:32:59.990   Primary Spawner: "Vehicle", active: yes, repeat: 1
 3:32:59.990   Secondary Spawner: "Infected", active: yes, repeat: 1
 3:32:59.990 [23] StaticPoliceCar
 3:32:59.990   Primary Spawner: "Vehicle", active: yes, repeat: 1
 3:32:59.990 [24] TrajectoryConiferous
 3:32:59.990   Primary Spawner: "Trajectory", active: yes, repeat: 1
 3:32:59.990 [25] TrajectoryDeciduous
 3:32:59.990   Primary Spawner: "Trajectory", active: yes, repeat: 1
 3:32:59.990 [26] TrajectoryHumus
 3:32:59.990   Primary Spawner: "Trajectory", active: yes, repeat: 1
 3:32:59.990 [27] TrajectoryStones
 3:32:59.990   Primary Spawner: "Trajectory", active: yes, repeat: 1
 3:32:59.990 [28] VehicleCivilianSedan
 3:32:59.990   Primary Spawner: "Vehicle", active: yes, repeat: 1
 3:32:59.990 [29] VehicleHatchback02
 3:32:59.990   Primary Spawner: "Vehicle", active: yes, repeat: 1
 3:32:59.990 [30] VehicleOffroadHatchback
 3:32:59.990   Primary Spawner: "Vehicle", active: yes, repeat: 1
 3:32:59.990 [31] VehicleSedan02
 3:32:59.990   Primary Spawner: "Vehicle", active: yes, repeat: 1
 3:32:59.990 [32] VehicleCrSk_Land_Rover_Defender_110
 3:32:59.990   Primary Spawner: "Vehicle", active: yes, repeat: 1
 3:32:59.990 [CE][Hive] :: Initializing of spawners done.
 3:33:00.06 [CE][Hive] :: Init sequence finished.
 3:33:00.06 Player connect enabled
 3:33:00.318 Average server FPS: 0.06 (measured interval: 30 s)
 3:33:00.318 Used memory: 1455474 KB
 3:33:00.318 Players: 0 in total
 3:33:30.366 Average server FPS: 1879.16 (measured interval: 30 s)
 3:33:30.366 Used memory: 1561623 KB
 3:33:30.366 Players: 0 in total
 3:33:32.367 [CE][LootRespawner] (PRIDummy) :: Item [17] is hard to place, performance drops: "csmcmillan_mung"
 3:33:33.460 [CE][LootRespawner] (PRIDummy) :: Item [18] is hard to place, performance drops: "Defender110_dver_1_2_Red"
 3:33:34.492 [CE][LootRespawner] (PRIDummy) :: Item [19] is hard to place, performance drops: "Defender110_dver_2_2_Red"
 3:34:00.352 Average server FPS: 2963.77 (measured interval: 30 s)
 3:34:00.352 Used memory: 1575414 KB
 3:34:00.352 Players: 0 in total
 3:34:19.885 [CE][Links] found 0 total links between groups, of 1
 3:34:19.885 [CE][SpawnRandomLoot] (StaticHeliCrash) :: ChildType: Wreck_UH1Y, lootmin: 10, lootmax: 20, wanted: 13
 3:34:30.479 Average server FPS: 3185.76 (measured interval: 30 s)
 3:34:30.479 Used memory: 1591287 KB
 3:34:30.479 Players: 0 in total
 3:35:00.605 Average server FPS: 2903.49 (measured interval: 30 s)
 3:35:00.605 Used memory: 1596176 KB
 3:35:00.605 Players: 0 in total
 3:35:30.591 Average server FPS: 2944.03 (measured interval: 30 s)
 3:35:30.591 Used memory: 1602093 KB
 3:35:30.591 Players: 0 in total
 3:36:00.593 Average server FPS: 1624.43 (measured interval: 30 s)
 3:36:00.593 Used memory: 1605083 KB
 3:36:00.593 Players: 0 in total
 3:36:30.719 Average server FPS: 2976.99 (measured interval: 30 s)
 3:36:30.719 Used memory: 1607914 KB
 3:36:30.719 Players: 0 in total
 3:37:00.861 Average server FPS: 2869.51 (measured interval: 30 s)
 3:37:00.861 Used memory: 1609331 KB
 3:37:00.861 Players: 0 in total
 3:37:30.894 Average server FPS: 2847.97 (measured interval: 30 s)
 3:37:30.894 Used memory: 1614861 KB
 3:37:30.894 Players: 0 in total
 3:38:00.927 Average server FPS: 2991.44 (measured interval: 30 s)
 3:38:00.927 Used memory: 1620569 KB
 3:38:00.927 Players: 0 in total
 3:38:30.991 Average server FPS: 3043.32 (measured interval: 30 s)
 3:38:30.991 Used memory: 1624298 KB
 3:38:30.991 Players: 0 in total
 3:39:01.102 Average server FPS: 3179.00 (measured interval: 30 s)
 3:39:01.102 Used memory: 1630652 KB
 3:39:01.102 Players: 0 in total
 3:39:31.166 Average server FPS: 3232.74 (measured interval: 30 s)
 3:39:31.166 Used memory: 1632074 KB
 3:39:31.166 Players: 0 in total
 3:40:01.152 Average server FPS: 3174.07 (measured interval: 30 s)
 3:40:01.152 Used memory: 1638928 KB
 3:40:01.152 Players: 0 in total
 3:40:31.169 Average server FPS: 3252.20 (measured interval: 30 s)
 3:40:31.169 Used memory: 1643394 KB
 3:40:31.169 Players: 0 in total
 3:41:01.170 Average server FPS: 3187.77 (measured interval: 30 s)
 3:41:01.170 Used memory: 1647832 KB
 3:41:01.170 Players: 0 in total
 3:41:31.266 Average server FPS: 2937.78 (measured interval: 30 s)
 3:41:31.266 Used memory: 1659454 KB
 3:41:31.266 Players: 0 in total
 3:42:01.267 Average server FPS: 3158.88 (measured interval: 30 s)
 3:42:01.267 Used memory: 1669125 KB
 3:42:01.267 Players: 0 in total
 3:42:31.315 Average server FPS: 3077.94 (measured interval: 30 s)
 3:42:31.315 Used memory: 1674430 KB
 3:42:31.315 Players: 0 in total
 3:43:01.333 Average server FPS: 3182.00 (measured interval: 30 s)
 3:43:01.333 Used memory: 1675579 KB
 3:43:01.333 Players: 0 in total
 3:43:31.318 Average server FPS: 3039.83 (measured interval: 30 s)
 3:43:31.318 Used memory: 1680849 KB
 3:43:31.318 Players: 0 in total
 3:44:01.336 Average server FPS: 3138.42 (measured interval: 30 s)
 3:44:01.336 Used memory: 1683971 KB
 3:44:01.336 Players: 0 in total
 3:44:31.321 Average server FPS: 3135.13 (measured interval: 30 s)
 3:44:31.321 Used memory: 1689375 KB
 3:44:31.321 Players: 0 in total
 3:45:01.323 Average server FPS: 3151.87 (measured interval: 30 s)
 3:45:01.323 Used memory: 1695354 KB
 3:45:01.323 Players: 0 in total
 3:45:31.324 Average server FPS: 2980.83 (measured interval: 30 s)
 3:45:31.324 Used memory: 1699683 KB
 3:45:31.324 Players: 0 in total
 3:46:01.326 Average server FPS: 2923.84 (measured interval: 30 s)
 3:46:01.326 Used memory: 1704418 KB
 3:46:01.326 Players: 0 in total
 3:46:31.327 Average server FPS: 3088.17 (measured interval: 30 s)
 3:46:31.327 Used memory: 1709717 KB
 3:46:31.327 Players: 0 in total
 3:47:01.532 Average server FPS: 3210.17 (measured interval: 30 s)
 3:47:01.532 Used memory: 1712413 KB
 3:47:01.532 Players: 0 in total
 3:47:31.674 Average server FPS: 3187.94 (measured interval: 30 s)
 3:47:31.674 Used memory: 1715345 KB
 3:47:31.674 Players: 0 in total
 3:48:01.691 Average server FPS: 4141.75 (measured interval: 30 s)
 3:48:01.691 Used memory: 1718355 KB
 3:48:01.691 Players: 0 in total
 3:48:31.677 Average server FPS: 7018.20 (measured interval: 30 s)
 3:48:31.677 Used memory: 1718473 KB
 3:48:31.677 Players: 0 in total
 3:49:01.679 Average server FPS: 8001.53 (measured interval: 30 s)
 3:49:01.679 Used memory: 1718275 KB
 3:49:01.679 Players: 0 in total
 3:49:31.680 Average server FPS: 7824.17 (measured interval: 30 s)
 3:49:31.680 Used memory: 1719156 KB
 3:49:31.680 Players: 0 in total
 3:50:01.682 Average server FPS: 7975.93 (measured interval: 30 s)
 3:50:01.682 Used memory: 1718773 KB
 3:50:01.682 Players: 0 in total
 3:50:31.683 Average server FPS: 7899.47 (measured interval: 30 s)
 3:50:31.683 Used memory: 1718603 KB
 3:50:31.683 Players: 0 in total
 3:51:01.685 Average server FPS: 4591.37 (measured interval: 30 s)
 3:51:01.685 Used memory: 1718866 KB
 3:51:01.685 Players: 0 in total
 3:51:31.686 Average server FPS: 7282.20 (measured interval: 30 s)
 3:51:31.686 Used memory: 1719697 KB
 3:51:31.686 Players: 0 in total
 3:52:01.688 Average server FPS: 7351.20 (measured interval: 30 s)
 3:52:01.688 Used memory: 1719411 KB
 3:52:01.688 Players: 0 in total
 3:52:31.689 Average server FPS: 6979.83 (measured interval: 30 s)
 3:52:31.689 Used memory: 1720330 KB
 3:52:31.689 Players: 0 in total
 3:53:01.691 Average server FPS: 7414.70 (measured interval: 30 s)
 3:53:01.691 Used memory: 1720256 KB
 3:53:01.691 Players: 0 in total
 3:53:31.677 Average server FPS: 7373.53 (measured interval: 30 s)
 3:53:31.677 Used memory: 1721442 KB
 3:53:31.677 Players: 0 in total
 3:54:01.678 Average server FPS: 7923.67 (measured interval: 30 s)
 3:54:01.678 Used memory: 1721279 KB
 3:54:01.678 Players: 0 in total
 3:54:31.680 Average server FPS: 7829.20 (measured interval: 30 s)
 3:54:31.680 Used memory: 1721909 KB
 3:54:31.680 Players: 0 in total
 3:55:01.681 Average server FPS: 7777.47 (measured interval: 30 s)
 3:55:01.681 Used memory: 1721521 KB
 3:55:01.681 Players: 0 in total
 3:55:31.683 Average server FPS: 7947.00 (measured interval: 30 s)
 3:55:31.683 Used memory: 1721198 KB
 3:55:31.683 Players: 0 in total
 3:56:01.684 Average server FPS: 7954.90 (measured interval: 30 s)
 3:56:01.684 Used memory: 1720883 KB
 3:56:01.684 Players: 0 in total
 3:56:31.686 Average server FPS: 7937.47 (measured interval: 30 s)
 3:56:31.686 Used memory: 1721809 KB
 3:56:31.686 Players: 0 in total
 3:57:01.687 Average server FPS: 7896.80 (measured interval: 30 s)
 3:57:01.687 Used memory: 1721699 KB
 3:57:01.687 Players: 0 in total
 3:57:31.689 Average server FPS: 7868.83 (measured interval: 30 s)
 3:57:31.689 Used memory: 1721708 KB
 3:57:31.689 Players: 0 in total
 3:58:01.690 Average server FPS: 7954.27 (measured interval: 30 s)
 3:58:01.690 Used memory: 1721480 KB
 3:58:01.690 Players: 0 in total
 3:58:31.676 Average server FPS: 7954.17 (measured interval: 30 s)
 3:58:31.676 Used memory: 1721292 KB
 3:58:31.676 Players: 0 in total
 3:59:01.677 Average server FPS: 7879.30 (measured interval: 30 s)
 3:59:01.677 Used memory: 1721163 KB
 3:59:01.677 Players: 0 in total
 3:59:31.679 Average server FPS: 7922.30 (measured interval: 30 s)
 3:59:31.679 Used memory: 1721206 KB
 3:59:31.679 Players: 0 in total
 4:00:01.680 Average server FPS: 7755.30 (measured interval: 30 s)
 4:00:01.680 Used memory: 1721185 KB
 4:00:01.680 Players: 0 in total
 4:00:31.682 Average server FPS: 7960.60 (measured interval: 30 s)
 4:00:31.682 Used memory: 1721140 KB
 4:00:31.682 Players: 0 in total
 4:01:01.683 Average server FPS: 7968.33 (measured interval: 30 s)
 4:01:01.683 Used memory: 1721193 KB
 4:01:01.683 Players: 0 in total
 4:01:31.685 Average server FPS: 6200.10 (measured interval: 30 s)
 4:01:31.685 Used memory: 1720992 KB
 4:01:31.685 Players: 0 in total
 4:02:01.686 Average server FPS: 7271.30 (measured interval: 30 s)
 4:02:01.686 Used memory: 1720028 KB
 4:02:01.686 Players: 0 in total
 4:02:29.782 [CE][Links] found 0 total links between groups, of 2
 4:02:29.782 [CE][SpawnRandomLoot] (StaticPoliceCar) :: ChildType: Land_Wreck_Volha_Police, lootmin: 3, lootmax: 5, wanted: 3
 4:02:29.969 [CE][Links] found 0 total links between groups, of 3
 4:02:29.969 [CE][SpawnRandomLoot] (StaticPoliceCar) :: ChildType: Land_Wreck_Volha_Police, lootmin: 3, lootmax: 5, wanted: 3
 4:02:29.969 [CE][Links] found 0 total links between groups, of 4
 4:02:29.969 [CE][SpawnRandomLoot] (StaticPoliceCar) :: ChildType: Land_Wreck_Volha_Police, lootmin: 3, lootmax: 5, wanted: 4
 4:02:29.969 [CE][Links] found 0 total links between groups, of 5
 4:02:29.969 [CE][SpawnRandomLoot] (StaticPoliceCar) :: ChildType: Land_Wreck_Volha_Police, lootmin: 3, lootmax: 5, wanted: 3
 4:02:29.969 [CE][Links] found 0 total links between groups, of 6
 4:02:29.969 [CE][SpawnRandomLoot] (StaticPoliceCar) :: ChildType: Land_Wreck_Volha_Police, lootmin: 3, lootmax: 5, wanted: 4
 4:02:29.985 [CE][Links] found 0 total links between groups, of 7
 4:02:29.985 [CE][SpawnRandomLoot] (StaticPoliceCar) :: ChildType: Land_Wreck_Volha_Police, lootmin: 3, lootmax: 5, wanted: 3
 4:02:29.985 [CE][Links] found 0 total links between groups, of 8
 4:02:29.985 [CE][SpawnRandomLoot] (StaticPoliceCar) :: ChildType: Land_Wreck_Volha_Police, lootmin: 3, lootmax: 5, wanted: 4
 4:02:29.985 [CE][Links] found 0 total links between groups, of 9
 4:02:29.985 [CE][SpawnRandomLoot] (StaticPoliceCar) :: ChildType: Land_Wreck_Volha_Police, lootmin: 3, lootmax: 5, wanted: 3
 4:02:29.985 [CE][Links] found 0 total links between groups, of 10
 4:02:29.985 [CE][SpawnRandomLoot] (StaticPoliceCar) :: ChildType: Land_Wreck_Volha_Police, lootmin: 3, lootmax: 5, wanted: 4
 4:02:29.985 [CE][Links] found 0 total links between groups, of 11
 4:02:29.985 [CE][SpawnRandomLoot] (StaticPoliceCar) :: ChildType: Land_Wreck_Volha_Police, lootmin: 3, lootmax: 5, wanted: 3
 4:02:31.688 Average server FPS: 7105.63 (measured interval: 30 s)
 4:02:31.688 Used memory: 1720156 KB
 4:02:31.688 Players: 0 in total
 4:03:01.689 Average server FPS: 5887.60 (measured interval: 30 s)
 4:03:01.689 Used memory: 1720290 KB
 4:03:01.689 Players: 0 in total
 4:03:29.66 [CE][Links] found 0 total links between groups, of 12
 4:03:29.66 [CE][SpawnRandomLoot] (StaticHeliCrash) :: ChildType: Wreck_UH1Y, lootmin: 10, lootmax: 20, wanted: 18
 4:03:29.81 [CE][Links] found 0 total links between groups, of 13
 4:03:29.81 [CE][SpawnRandomLoot] (StaticHeliCrash) :: ChildType: Wreck_UH1Y, lootmin: 10, lootmax: 20, wanted: 16
 4:03:31.675 Average server FPS: 7163.37 (measured interval: 30 s)
 4:03:31.675 Used memory: 1721421 KB
 4:03:31.675 Players: 0 in total
 4:04:01.677 Average server FPS: 7364.83 (measured interval: 30 s)
 4:04:01.677 Used memory: 1721235 KB
 4:04:01.677 Players: 0 in total
 4:04:31.678 Average server FPS: 7138.70 (measured interval: 30 s)