

=====================================================================
== D:\DayZServers\TheCommunity_enochTest\DayZTestServer_x64.exe
== "D:\DayZServers\TheCommunity_enochTest\DayZTestServer_x64.exe"  -port=2442 "-mod=@CF;@Community-Online-Tools;@BuildAnywhere;@BaseBuildingLogs;@Trader;@BaseBuildingPlus;@Durable_Suppressors;@VPPMap;@Ear-Plugs;@Catch_Rain;@DayZ-Expansion-Notifications;@DayZ-Expansion-Chat;@No_Shoe_Damage;@Airdrop-Upgraded;@Ammo_Making;@Banking;@BuilderItems;@Camosplus;@CannabisPlus;@CheckIdentity;@Code_Lock;@Dayz_Navigation;@FIDOv4;@FlipTransport;@GoreZ;@IRP;@KillFeed;@NoVehicleDamage;@PartyMe;@Modular_Vest_System;@MuchStuffPack;@SWP;@BreachingCharge;@BBPBreachCharge;@MunghardsItempack;@NDVPPM;@Next_Days;@Notes;@SQUAD_MSF-C;@Zeroy-FishingZ;@OP_BaseItems;@Base_Storage;@SIX-DayZ-Auto-Run;" -config=D:\DayZServers\TheCommunity_enochTest\TheCommunityDZTest.cfg -profiles=TheCommunityServer -BEPath=D:\DayZServers\TheCommunity_enochTest\battleye -filePatching -adminlog -netlog -freezecheck -scrAllowFileWrite
=====================================================================
Exe timestamp: 2020/04/26 15:56:05
Current time:  2020/04/30 05:40:16

Version 1.07.153006
 5:40:16.60 [Inputs] Loading inputs default "bin/constants.xml"
 5:40:16.75 [Inputs] Loading inputs default "bin/specific.xml"
 5:40:16.75 !!! [Inputs] Invalid input name used "UAUIInspectItem" for context "ui" in "bin/specific.xml"
 5:40:16.75 !!! [Inputs] Attempt to register duplicate Modded-Inputs file "VanillaPPMap/data/modded_Inputs.xml"
 5:40:16.75 [Inputs] Loading inputs default "EarPlugs\data\inputs.xml"
 5:40:16.75 [Inputs] Loading inputs default "JM/COT/scripts/Data/Inputs.xml"
 5:40:16.75 [Inputs] Loading inputs default "KillFeed/inputs/Inputs.xml"
 5:40:16.75 [Inputs] Loading inputs default "partyme/scripts/partyme_inputs.xml"
 5:40:16.75 [Inputs] Loading inputs default "VanillaPPMap/data/modded_Inputs.xml"
 5:40:16.75 [Inputs] Loading inputs default "NextDays/data/NextDays_Inputs.xml"
 5:40:16.75 [Inputs] Loading inputs default "A3_UI_F/Scripts/Inputs.xml"
 5:40:16.75 [Inputs] Loading inputs default "BaseBuildingPlus/Scripts/Data/Inputs.xml"
 5:40:16.75 [Inputs] Loading inputs default "VanillaPPMap/data/modded_Inputs.xml"
 5:40:16.75 !!! [Inputs] Attempt to register duplicate input "UAOpenVPPMap"
 5:40:16.75 !!! [Inputs] Attempt to register duplicate input "UAToggleVPPMap3DMarkers"
 5:40:16.75 [Inputs] Loading inputs cfg "TheCommunityServer\Users\Survivor\Server.core.xml"
 5:40:16.75 [Inputs] Exporting inputs cfg "TheCommunityServer\Users\Survivor\Server.core.xml"
 5:40:16.544 !!! [Inputs] Attempt to register "PMHideShowTrackers" input twice
 5:41:15.250 [CE][Hive] :: Initializing OFFLINE
 5:41:15.250 [CE][Hive] :: Loading core data ... 
 5:41:15.250 [CE][CoreData] :: 7 root classes, 19 defaults, 0 updaters...
 5:41:21.157 [CE][RegisterBind] :: 0 classes binded...
 5:41:21.157 [CE][RegisterConfig] :: 10055 config classes registered, 0 sub-counters...
 5:41:21.157 [CE][Hive] :: Loading map data ... 
 5:41:21.204 !!! [CE] :: Unknown category: 'vehicleparts'.
 5:41:21.204 [CE][LoadPrototype] :: loaded 330 prototypes
 5:41:21.204   702 containers, 9116 points
 5:41:21.204   24 dispatches, 90 proxies
 5:41:21.204 !!! [CE][LoadPrototype] 12 groups have no points...
 5:41:21.204 !!![CE][LoadPrototype]  3 groups have wrong points...
 5:41:21.204 [CE][LoadPrototype] :: last group name: Land_Lunapark_Autodrome...
 5:41:21.219 [CE][LoadPrototype] :: loaded 0 prototypes
 5:41:21.219   0 containers, 0 points
 5:41:21.219   0 dispatches, 0 proxies
 5:41:21.219 [CE][LoadPrototype] :: last group name: PathD_7100...
 5:41:21.547 [CE][LoadMap] "Group" :: loaded 5086 groups, largest group range: 26.9
 5:41:21.547 [CE][LoadMap] "Dirt" :: loaded 0 groups, largest group range: 26.9
 5:41:21.657 [CE][Links] found 354 total links between groups, of 5086
 5:41:21.657 [CE][LoadClusters] "Cluster" :: Loading files...
 5:41:21.860 [CE][LoadClusters] :: file: "mapgroupcluster.xml", 4 types, 50000 instances
 5:41:22.63 [CE][LoadClusters] :: file: "mapgroupcluster01", 4 types, 50000 instances
 5:41:22.282 [CE][LoadClusters] :: file: "mapgroupcluster02", 4 types, 50000 instances
 5:41:22.501 [CE][LoadClusters] :: file: "mapgroupcluster03", 4 types, 50000 instances
 5:41:22.594 [CE][LoadClusters] :: file: "mapgroupcluster04", 4 types, 21297 instances
 5:41:22.610 [CE][Storage] ver:21 stamp:9301, valid:yes, name:"mpmissions\TheCommunity.enoch\storage_666\data\types.bin"
 5:41:22.610 [CE][Storage] ver:21 stamp:9299, valid:yes, name:"mpmissions\TheCommunity.enoch\storage_666\data\types.001"
 5:41:22.610 [CE][Storage] ver:21 stamp:9300, valid:yes, name:"mpmissions\TheCommunity.enoch\storage_666\data\types.002"
 5:41:22.610 [CE][Storage] Restoring file "mpmissions\TheCommunity.enoch\storage_666\data\types.bin".
 5:41:22.829 [CE][offlineDB] :: Loaded 33 dynamic events 215 total types 0 total positions.
 5:41:22.876 [CE][Storage] ver:21 stamp:9301, valid:yes, name:"mpmissions\TheCommunity.enoch\storage_666\data\events.bin"
 5:41:22.876 [CE][Storage] ver:21 stamp:9299, valid:yes, name:"mpmissions\TheCommunity.enoch\storage_666\data\events.001"
 5:41:22.876 [CE][Storage] ver:21 stamp:9300, valid:yes, name:"mpmissions\TheCommunity.enoch\storage_666\data\events.002"
 5:41:22.876 [CE][Storage] Restoring file "mpmissions\TheCommunity.enoch\storage_666\data\events.bin".
 5:41:22.876 [CE][DynamicEvent] Load  Events:[33] Primary spawners: 33 Secondary spawners: 1
 5:41:22.876 [CE][Storage] ver:24 stamp:9301, valid:yes, name:"mpmissions\TheCommunity.enoch\storage_666\data\vehicles.bin"
 5:41:22.876 [CE][Storage] ver:24 stamp:9299, valid:yes, name:"mpmissions\TheCommunity.enoch\storage_666\data\vehicles.001"
 5:41:22.876 [CE][Storage] ver:24 stamp:9300, valid:yes, name:"mpmissions\TheCommunity.enoch\storage_666\data\vehicles.002"
 5:41:22.876 [CE][Storage] Restoring file "mpmissions\TheCommunity.enoch\storage_666\data\vehicles.bin" 109 items.
 5:41:23.01   109 items loaded.
 5:41:23.01 [CE][Storage] ver:24 stamp:9301, valid:yes, name:"mpmissions\TheCommunity.enoch\storage_666\data\dynamic_000.bin"
 5:41:23.01 [CE][Storage] ver:24 stamp:9299, valid:yes, name:"mpmissions\TheCommunity.enoch\storage_666\data\dynamic_000.001"
 5:41:23.01 [CE][Storage] ver:24 stamp:9300, valid:yes, name:"mpmissions\TheCommunity.enoch\storage_666\data\dynamic_000.002"
 5:41:23.01 [CE][Storage] Restoring file "mpmissions\TheCommunity.enoch\storage_666\data\dynamic_000.bin" 343 items.
 5:41:23.219   343 items loaded.
 5:41:23.219 [CE][Storage] ver:24 stamp:9301, valid:yes, name:"mpmissions\TheCommunity.enoch\storage_666\data\dynamic_001.bin"
 5:41:23.219 [CE][Storage] ver:24 stamp:9299, valid:yes, name:"mpmissions\TheCommunity.enoch\storage_666\data\dynamic_001.001"
 5:41:23.219 [CE][Storage] ver:24 stamp:9300, valid:yes, name:"mpmissions\TheCommunity.enoch\storage_666\data\dynamic_001.002"
 5:41:23.219 [CE][Storage] Restoring file "mpmissions\TheCommunity.enoch\storage_666\data\dynamic_001.bin" 2273 items.
 5:41:24.32   2273 items loaded.
 5:41:24.32 [CE][Storage] ver:24 stamp:9301, valid:yes, name:"mpmissions\TheCommunity.enoch\storage_666\data\dynamic_002.bin"
 5:41:24.32 [CE][Storage] ver:24 stamp:9299, valid:yes, name:"mpmissions\TheCommunity.enoch\storage_666\data\dynamic_002.001"
 5:41:24.32 [CE][Storage] ver:24 stamp:9300, valid:yes, name:"mpmissions\TheCommunity.enoch\storage_666\data\dynamic_002.002"
 5:41:24.32 [CE][Storage] Restoring file "mpmissions\TheCommunity.enoch\storage_666\data\dynamic_002.bin" 629 items.
 5:41:24.251   629 items loaded.
 5:41:24.251 [CE][Storage] ver:24 stamp:9301, valid:yes, name:"mpmissions\TheCommunity.enoch\storage_666\data\dynamic_003.bin"
 5:41:24.251 [CE][Storage] ver:24 stamp:9299, valid:yes, name:"mpmissions\TheCommunity.enoch\storage_666\data\dynamic_003.001"
 5:41:24.251 [CE][Storage] ver:24 stamp:9300, valid:yes, name:"mpmissions\TheCommunity.enoch\storage_666\data\dynamic_003.002"
 5:41:24.251 [CE][Storage] Restoring file "mpmissions\TheCommunity.enoch\storage_666\data\dynamic_003.bin" 1204 items.
 5:41:24.594   1204 items loaded.
 5:41:24.594 [CE][Storage] ver:24 stamp:9301, valid:yes, name:"mpmissions\TheCommunity.enoch\storage_666\data\dynamic_004.bin"
 5:41:24.594 [CE][Storage] ver:24 stamp:9299, valid:yes, name:"mpmissions\TheCommunity.enoch\storage_666\data\dynamic_004.001"
 5:41:24.594 [CE][Storage] ver:24 stamp:9300, valid:yes, name:"mpmissions\TheCommunity.enoch\storage_666\data\dynamic_004.002"
 5:41:24.594 [CE][Storage] Restoring file "mpmissions\TheCommunity.enoch\storage_666\data\dynamic_004.bin" 1630 items.
 5:41:25.219   1630 items loaded.
 5:41:25.219 [CE][Storage] ver:24 stamp:9301, valid:yes, name:"mpmissions\TheCommunity.enoch\storage_666\data\dynamic_005.bin"
 5:41:25.219 [CE][Storage] ver:24 stamp:9299, valid:yes, name:"mpmissions\TheCommunity.enoch\storage_666\data\dynamic_005.001"
 5:41:25.219 [CE][Storage] ver:24 stamp:9300, valid:yes, name:"mpmissions\TheCommunity.enoch\storage_666\data\dynamic_005.002"
 5:41:25.219 [CE][Storage] Restoring file "mpmissions\TheCommunity.enoch\storage_666\data\dynamic_005.bin" 2021 items.
 5:41:25.844   2021 items loaded.
 5:41:25.844 [CE][Storage] ver:24 stamp:9301, valid:yes, name:"mpmissions\TheCommunity.enoch\storage_666\data\dynamic_006.bin"
 5:41:25.844 [CE][Storage] ver:24 stamp:9299, valid:yes, name:"mpmissions\TheCommunity.enoch\storage_666\data\dynamic_006.001"
 5:41:25.844 [CE][Storage] ver:24 stamp:9300, valid:yes, name:"mpmissions\TheCommunity.enoch\storage_666\data\dynamic_006.002"
 5:41:25.844 [CE][Storage] Restoring file "mpmissions\TheCommunity.enoch\storage_666\data\dynamic_006.bin" 1006 items.
 5:41:26.235   1006 items loaded.
 5:41:26.235 [CE][Storage] ver:24 stamp:9301, valid:yes, name:"mpmissions\TheCommunity.enoch\storage_666\data\dynamic_007.bin"
 5:41:26.235 [CE][Storage] ver:24 stamp:9299, valid:yes, name:"mpmissions\TheCommunity.enoch\storage_666\data\dynamic_007.001"
 5:41:26.235 [CE][Storage] ver:24 stamp:9300, valid:yes, name:"mpmissions\TheCommunity.enoch\storage_666\data\dynamic_007.002"
 5:41:26.235 [CE][Storage] Restoring file "mpmissions\TheCommunity.enoch\storage_666\data\dynamic_007.bin" 1374 items.
 5:41:26.735   1374 items loaded.
 5:41:26.735 [CE][Storage] ver:24 stamp:9301, valid:yes, name:"mpmissions\TheCommunity.enoch\storage_666\data\dynamic_008.bin"
 5:41:26.735 [CE][Storage] ver:24 stamp:9299, valid:yes, name:"mpmissions\TheCommunity.enoch\storage_666\data\dynamic_008.001"
 5:41:26.735 [CE][Storage] ver:24 stamp:9300, valid:yes, name:"mpmissions\TheCommunity.enoch\storage_666\data\dynamic_008.002"
 5:41:26.735 [CE][Storage] Restoring file "mpmissions\TheCommunity.enoch\storage_666\data\dynamic_008.bin" 1152 items.
 5:41:27.79   1152 items loaded.
 5:41:27.79 [CE][Storage] ver:24 stamp:9301, valid:yes, name:"mpmissions\TheCommunity.enoch\storage_666\data\dynamic_009.bin"
 5:41:27.79 [CE][Storage] ver:24 stamp:9299, valid:yes, name:"mpmissions\TheCommunity.enoch\storage_666\data\dynamic_009.001"
 5:41:27.79 [CE][Storage] ver:24 stamp:9300, valid:yes, name:"mpmissions\TheCommunity.enoch\storage_666\data\dynamic_009.002"
 5:41:27.79 [CE][Storage] Restoring file "mpmissions\TheCommunity.enoch\storage_666\data\dynamic_009.bin" 1076 items.
 5:41:27.423   1076 items loaded.
 5:41:27.423 [CE][Storage] ver:24 stamp:9301, valid:yes, name:"mpmissions\TheCommunity.enoch\storage_666\data\dynamic_010.bin"
 5:41:27.423 [CE][Storage] ver:24 stamp:9299, valid:yes, name:"mpmissions\TheCommunity.enoch\storage_666\data\dynamic_010.001"
 5:41:27.423 [CE][Storage] ver:24 stamp:9300, valid:yes, name:"mpmissions\TheCommunity.enoch\storage_666\data\dynamic_010.002"
 5:41:27.423 [CE][Storage] Restoring file "mpmissions\TheCommunity.enoch\storage_666\data\dynamic_010.bin" 2568 items.
 5:41:28.141   2568 items loaded.
 5:41:28.141 [CE][Storage] ver:24 stamp:9301, valid:yes, name:"mpmissions\TheCommunity.enoch\storage_666\data\dynamic_011.bin"
 5:41:28.141 [CE][Storage] ver:24 stamp:9299, valid:yes, name:"mpmissions\TheCommunity.enoch\storage_666\data\dynamic_011.001"
 5:41:28.141 [CE][Storage] ver:24 stamp:9300, valid:yes, name:"mpmissions\TheCommunity.enoch\storage_666\data\dynamic_011.002"
 5:41:28.141 [CE][Storage] Restoring file "mpmissions\TheCommunity.enoch\storage_666\data\dynamic_011.bin" 397 items.
 5:41:28.266   397 items loaded.
 5:41:28.298 [CE][Hive] :: Storage load took:5.42 seconds, recovery stamp:9301
 5:41:28.298   entity: 16130, building: 0
 5:41:28.298   no lifetime: 48
 5:41:28.298 [CE][Hive] :: Initializing ... 
 5:41:28.298 [CE][InitializeMap] :: initialized: 0
 5:41:28.298 [CE][Hive] :: Initializing spawners ... 
 5:41:30.110 [CE][LootRespawner] (PRIDummy) :: Item [0] causing search overtime: "MSFCGorkaPATACSFG"
 5:41:30.110 [CE][LootRespawner] (PRIDummy) :: Item [1] causing search overtime: "MSFCGorkaPATACSFG"
 5:41:30.110 [CE][LootRespawner] (PRIDummy) :: Item [2] causing search overtime: "MSFCGorkaPATACSFG"
 5:41:30.110 [CE][LootRespawner] (PRIDummy) :: Item [3] causing search overtime: "MSFCKryptekRaidPlatePouches"
 5:41:30.110 [CE][LootRespawner] (PRIDummy) :: Item [4] causing search overtime: "MSFCKryptekRaidPlatePouches"
 5:41:30.110 [CE][LootRespawner] (PRIDummy) :: Item [5] causing search overtime: "MSFCKryptekRaidPlatePouches"
 5:41:30.110 [CE][LootRespawner] (PRIDummy) :: Item [6] causing search overtime: "MSFCKryptekRaidPlatePouches"
 5:41:30.110 [CE][LootRespawner] (PRIDummy) :: Item [7] causing search overtime: "SWP_AWM_Mag"
 5:41:30.110 [CE][LootRespawner] (PRIDummy) :: Item [8] causing search overtime: "SWP_AWM_Mag"
 5:41:30.110 [CE][LootRespawner] (PRIDummy) :: Item [9] causing search overtime: "SWP_AWM_Mag"
 5:41:30.110 [CE][LootRespawner] (PRIDummy) :: Item [10] causing search overtime: "SWP_AWM_Mag"
 5:41:30.110 [CE][LootRespawner] (PRIDummy) :: Item [11] causing search overtime: "SWP_AWM_Mag"
 5:41:30.110 [CE][LootRespawner] (PRIDummy) :: Item [12] causing search overtime: "SWP_AWM_Mag"
 5:41:30.110 [CE][LootRespawner] (PRIDummy) :: Item [13] causing search overtime: "SWP_AWM_Mag"
 5:41:30.110 [CE][LootRespawner] (PRIDummy) :: Item [14] causing search overtime: "SWP_AWM_Mag"
 5:41:30.110 [CE][LootRespawner] (PRIDummy) :: Item [15] causing search overtime: "SWP_AWM_Mag"
 5:41:30.110 [CE][LootRespawner] (PRIDummy) :: Item [16] causing search overtime: "SWP_AWM_Mag"
 5:41:30.110 [CE][LootRespawner] (PRIDummy) :: Item [17] causing search overtime: "SWP_AWM_Mag"
 5:41:30.110 [CE][LootRespawner] (PRIDummy) :: Item [18] causing search overtime: "SWP_AWM_Mag"
 5:41:30.110 [CE][LootRespawner] (PRIDummy) :: Item [19] causing search overtime: "PlateCarrierVest"
 5:41:30.454 [CE][LootRespawner] (PRIDummy) :: Item [0] is hard to place, performance drops: "BaseballCap_Black"
 5:41:30.454 [CE][LootRespawner] (PRIDummy) :: Item [1] is hard to place, performance drops: "Bear_Dark"
 5:41:30.485 [CE][LootRespawner] (PRIDummy) :: Item [2] is hard to place, performance drops: "HikingJacket_Black"
 5:41:30.563 [CE][LootRespawner] (PRIDummy) :: Item [3] is hard to place, performance drops: "Defender110_dver_1_2_Green"
 5:41:30.610 [CE][LootRespawner] (PRIDummy) :: Item [4] is hard to place, performance drops: "BaseballCap_Blue"
 5:41:30.642 [CE][LootRespawner] (PRIDummy) :: Item [5] is hard to place, performance drops: "BaseballCap_Red"
 5:41:30.782 [CE][LootRespawner] (PRIDummy) :: Item [6] is hard to place, performance drops: "Defender110_dver_2_2_UN"
 5:41:30.829 [CE][LootRespawner] (PRIDummy) :: Item [7] is hard to place, performance drops: "ZmijovkaCap_Green"
 5:41:30.845 [CE][LootRespawner] (PRIDummy) :: Item [8] is hard to place, performance drops: "Bandana_RedPattern"
 5:41:30.845 [CE][LootRespawner] (PRIDummy) :: Item [9] is hard to place, performance drops: "Bandana_RedPattern"
 5:41:30.923 [CE][LootRespawner] (PRIDummy) :: Item [10] is hard to place, performance drops: "WomanSuit_Brown"
 5:41:30.923 [CE][LootRespawner] (PRIDummy) :: Item [11] is hard to place, performance drops: "Flashlight"
 5:41:30.923 [CE][LootRespawner] (PRIDummy) :: Item [12] is hard to place, performance drops: "Flashlight"
 5:41:30.985 [CE][LootRespawner] (PRIDummy) :: Item [13] is hard to place, performance drops: "Winchester70"
 5:41:30.985 [CE][LootRespawner] (PRIDummy) :: Item [14] is hard to place, performance drops: "Winchester70"
 5:41:30.985 [CE][LootRespawner] (PRIDummy) :: Item [15] is hard to place, performance drops: "Winchester70"
 5:41:30.985 [CE][LootRespawner] (PRIDummy) :: Item [16] is hard to place, performance drops: "Winchester70"
 5:41:30.985 [CE][LootRespawner] (PRIDummy) :: Item [17] is hard to place, performance drops: "Winchester70"
 5:41:30.985 [CE][LootRespawner] (PRIDummy) :: Item [18] is hard to place, performance drops: "Winchester70"
 5:41:30.985 [CE][LootRespawner] (PRIDummy) :: Item [19] is hard to place, performance drops: "Winchester70"
 5:41:31.235 [CE][LootRespawner] (PRIDummy) :: Initially (re)spawned:761, Nominal:32677, Total in Map: 16592 at 1 (sec)
 5:41:31.235   tests:808, repeats:1 fails:46, overtime:12690
 5:41:31.235 [CE][DynEvent] :: 33 types
 5:41:31.235 [00] AmbientHen
 5:41:31.235   Primary Spawner: "Ambient", active: yes, repeat: 1
 5:41:31.235 [01] AnimalBear
 5:41:31.235   Primary Spawner: "Animal", active: yes, repeat: 1
 5:41:31.235 [02] AnimalCow
 5:41:31.235   Primary Spawner: "Animal", active: yes, repeat: 1
 5:41:31.235 [03] AnimalDeer
 5:41:31.235   Primary Spawner: "Animal", active: yes, repeat: 1
 5:41:31.235 [04] AnimalGoat
 5:41:31.235   Primary Spawner: "Animal", active: yes, repeat: 1
 5:41:31.235 [05] AnimalPig
 5:41:31.235   Primary Spawner: "Animal", active: yes, repeat: 1
 5:41:31.235 [06] AnimalRoeDeer
 5:41:31.235   Primary Spawner: "Animal", active: yes, repeat: 1
 5:41:31.235 [07] AnimalSheep
 5:41:31.235   Primary Spawner: "Animal", active: yes, repeat: 1
 5:41:31.235 [08] AnimalWildBoar
 5:41:31.235   Primary Spawner: "Animal", active: yes, repeat: 1
 5:41:31.235 [09] AnimalWolf
 5:41:31.235   Primary Spawner: "Animal", active: yes, repeat: 1
 5:41:31.235 [10] InfectedArmy
 5:41:31.235   Primary Spawner: "Infected", active: yes, repeat: 1
 5:41:31.235 [11] InfectedCity
 5:41:31.235   Primary Spawner: "Infected", active: yes, repeat: 1
 5:41:31.235 [12] InfectedFirefighter
 5:41:31.235   Primary Spawner: "Infected", active: yes, repeat: 1
 5:41:31.235 [13] InfectedIndustrial
 5:41:31.235   Primary Spawner: "Infected", active: yes, repeat: 1
 5:41:31.235 [14] InfectedMedic
 5:41:31.235   Primary Spawner: "Infected", active: yes, repeat: 1
 5:41:31.235 [15] InfectedPolice
 5:41:31.235   Primary Spawner: "Infected", active: yes, repeat: 1
 5:41:31.235 [16] InfectedPrisoner
 5:41:31.235   Primary Spawner: "Infected", active: yes, repeat: 1
