

=====================================================================
== D:\DayZServers\TheCommunity_enochTest\DayZTestServer_x64.exe
== "D:\DayZServers\TheCommunity_enochTest\DayZTestServer_x64.exe"  -port=2442 "-mod=@CF;@Community-Online-Tools;@BuildAnywhere;@BaseBuildingLogs;@Trader;@BaseBuildingPlus;@Durable_Suppressors;@VPPMap;@Ear-Plugs;@Catch_Rain;@DayZ-Expansion-Notifications;@DayZ-Expansion-Chat;@No_Shoe_Damage;@Airdrop-Upgraded;@Ammo_Making;@Banking;@BuilderItems;@Camosplus;@CannabisPlus;@CheckIdentity;@Code_Lock;@Dayz_Navigation;@FIDOv4;@FlipTransport;@GoreZ;@IRP;@KillFeed;@NoVehicleDamage;@PartyMe;@Modular_Vest_System;@MuchStuffPack;@SWP;@BreachingCharge;@BBPBreachCharge;@MunghardsItempack;@NDVPPM;@Next_Days;@Notes;@SQUAD_MSF-C;@Zeroy-FishingZ;@OP_BaseItems;@Base_Storage;@SIX-DayZ-Auto-Run;" -config=D:\DayZServers\TheCommunity_enochTest\TheCommunityDZTest.cfg -profiles=TheCommunityServer -BEPath=D:\DayZServers\TheCommunity_enochTest\battleye -filePatching -adminlog -netlog -freezecheck -scrAllowFileWrite
=====================================================================
Exe timestamp: 2020/04/26 15:56:05
Current time:  2020/04/29 17:57:58

Version 1.07.153006
17:57:58.246 [Inputs] Loading inputs default "bin/constants.xml"
17:57:58.262 [Inputs] Loading inputs default "bin/specific.xml"
17:57:58.262 !!! [Inputs] Invalid input name used "UAUIInspectItem" for context "ui" in "bin/specific.xml"
17:57:58.262 !!! [Inputs] Attempt to register duplicate Modded-Inputs file "VanillaPPMap/data/modded_Inputs.xml"
17:57:58.262 [Inputs] Loading inputs default "EarPlugs\data\inputs.xml"
17:57:58.262 [Inputs] Loading inputs default "JM/COT/scripts/Data/Inputs.xml"
17:57:58.262 [Inputs] Loading inputs default "KillFeed/inputs/Inputs.xml"
17:57:58.262 [Inputs] Loading inputs default "partyme/scripts/partyme_inputs.xml"
17:57:58.262 [Inputs] Loading inputs default "VanillaPPMap/data/modded_Inputs.xml"
17:57:58.262 [Inputs] Loading inputs default "NextDays/data/NextDays_Inputs.xml"
17:57:58.262 [Inputs] Loading inputs default "A3_UI_F/Scripts/Inputs.xml"
17:57:58.262 [Inputs] Loading inputs default "BaseBuildingPlus/Scripts/Data/Inputs.xml"
17:57:58.262 [Inputs] Loading inputs default "VanillaPPMap/data/modded_Inputs.xml"
17:57:58.262 !!! [Inputs] Attempt to register duplicate input "UAOpenVPPMap"
17:57:58.262 !!! [Inputs] Attempt to register duplicate input "UAToggleVPPMap3DMarkers"
17:57:58.262 [Inputs] Loading inputs cfg "TheCommunityServer\Users\Survivor\Server.core.xml"
17:57:58.262 [Inputs] Exporting inputs cfg "TheCommunityServer\Users\Survivor\Server.core.xml"
17:57:58.652 !!! [Inputs] Attempt to register "PMHideShowTrackers" input twice
17:58:37.748 [CE][Hive] :: Initializing OFFLINE
17:58:37.748 [CE][Hive] :: Loading core data ... 
17:58:37.748 [CE][CoreData] :: 7 root classes, 19 defaults, 0 updaters...
17:58:50.280 [CE][RegisterBind] :: 0 classes binded...
17:58:50.280 [CE][RegisterConfig] :: 10055 config classes registered, 0 sub-counters...
17:58:50.280 [CE][Hive] :: Loading map data ... 
17:58:50.327 !!! [CE] :: Unknown category: 'vehicleparts'.
17:58:50.327 [CE][LoadPrototype] :: loaded 330 prototypes
17:58:50.327   702 containers, 9116 points
17:58:50.327   24 dispatches, 90 proxies
17:58:50.327 !!! [CE][LoadPrototype] 12 groups have no points...
17:58:50.327 !!![CE][LoadPrototype]  3 groups have wrong points...
17:58:50.327 [CE][LoadPrototype] :: last group name: Land_Lunapark_Autodrome...
17:58:50.327 [CE][LoadPrototype] :: loaded 0 prototypes
17:58:50.327   0 containers, 0 points
17:58:50.327   0 dispatches, 0 proxies
17:58:50.327 [CE][LoadPrototype] :: last group name: PathD_7100...
17:58:51.46 [CE][LoadMap] "Group" :: loaded 5086 groups, largest group range: 26.9
17:58:51.46 [CE][LoadMap] "Dirt" :: loaded 0 groups, largest group range: 26.9
17:58:51.186 [CE][Links] found 354 total links between groups, of 5086
17:58:51.186 [CE][LoadClusters] "Cluster" :: Loading files...
17:58:51.452 [CE][LoadClusters] :: file: "mapgroupcluster.xml", 4 types, 50000 instances
17:58:51.733 [CE][LoadClusters] :: file: "mapgroupcluster01", 4 types, 50000 instances
17:58:51.952 [CE][LoadClusters] :: file: "mapgroupcluster02", 4 types, 50000 instances
17:58:52.186 [CE][LoadClusters] :: file: "mapgroupcluster03", 4 types, 50000 instances
17:58:52.280 [CE][LoadClusters] :: file: "mapgroupcluster04", 4 types, 21297 instances
17:58:52.296 [CE][Storage] ver:21 stamp:8024, valid:yes, name:"mpmissions\TheCommunity.enoch\storage_666\data\types.bin"
17:58:52.296 [CE][Storage] ver:21 stamp:8023, valid:yes, name:"mpmissions\TheCommunity.enoch\storage_666\data\types.001"
17:58:52.296 [CE][Storage] ver:21 stamp:8021, valid:yes, name:"mpmissions\TheCommunity.enoch\storage_666\data\types.002"
17:58:52.296 [CE][Storage] Restoring file "mpmissions\TheCommunity.enoch\storage_666\data\types.bin".
17:58:52.499 [CE][offlineDB] :: Loaded 33 dynamic events 215 total types 0 total positions.
17:58:52.561 [CE][Storage] ver:21 stamp:8024, valid:yes, name:"mpmissions\TheCommunity.enoch\storage_666\data\events.bin"
17:58:52.561 [CE][Storage] ver:21 stamp:8023, valid:yes, name:"mpmissions\TheCommunity.enoch\storage_666\data\events.001"
17:58:52.561 [CE][Storage] ver:21 stamp:8021, valid:yes, name:"mpmissions\TheCommunity.enoch\storage_666\data\events.002"
17:58:52.561 [CE][Storage] Restoring file "mpmissions\TheCommunity.enoch\storage_666\data\events.bin".
17:58:52.561 [CE][DynamicEvent] Load  Events:[33] Primary spawners: 33 Secondary spawners: 1
17:58:52.561 [CE][Storage] ver:24 stamp:8024, valid:yes, name:"mpmissions\TheCommunity.enoch\storage_666\data\vehicles.bin"
17:58:52.561 [CE][Storage] ver:24 stamp:8023, valid:yes, name:"mpmissions\TheCommunity.enoch\storage_666\data\vehicles.001"
17:58:52.561 [CE][Storage] ver:24 stamp:8021, valid:yes, name:"mpmissions\TheCommunity.enoch\storage_666\data\vehicles.002"
17:58:52.561 [CE][Storage] Restoring file "mpmissions\TheCommunity.enoch\storage_666\data\vehicles.bin" 101 items.
17:58:52.671   101 items loaded.
17:58:52.671 [CE][Storage] ver:24 stamp:8024, valid:yes, name:"mpmissions\TheCommunity.enoch\storage_666\data\dynamic_000.bin"
17:58:52.671 [CE][Storage] ver:24 stamp:8023, valid:yes, name:"mpmissions\TheCommunity.enoch\storage_666\data\dynamic_000.001"
17:58:52.671 [CE][Storage] ver:24 stamp:8021, valid:yes, name:"mpmissions\TheCommunity.enoch\storage_666\data\dynamic_000.002"
17:58:52.671 [CE][Storage] Restoring file "mpmissions\TheCommunity.enoch\storage_666\data\dynamic_000.bin" 356 items.
17:58:52.921   356 items loaded.
17:58:52.921 [CE][Storage] ver:24 stamp:8024, valid:yes, name:"mpmissions\TheCommunity.enoch\storage_666\data\dynamic_001.bin"
17:58:52.921 [CE][Storage] ver:24 stamp:8023, valid:yes, name:"mpmissions\TheCommunity.enoch\storage_666\data\dynamic_001.001"
17:58:52.921 [CE][Storage] ver:24 stamp:8021, valid:yes, name:"mpmissions\TheCommunity.enoch\storage_666\data\dynamic_001.002"
17:58:52.921 [CE][Storage] Restoring file "mpmissions\TheCommunity.enoch\storage_666\data\dynamic_001.bin" 2205 items.
17:58:53.749   2205 items loaded.
17:58:53.749 [CE][Storage] ver:24 stamp:8024, valid:yes, name:"mpmissions\TheCommunity.enoch\storage_666\data\dynamic_002.bin"
17:58:53.749 [CE][Storage] ver:24 stamp:8023, valid:yes, name:"mpmissions\TheCommunity.enoch\storage_666\data\dynamic_002.001"
17:58:53.749 [CE][Storage] ver:24 stamp:8021, valid:yes, name:"mpmissions\TheCommunity.enoch\storage_666\data\dynamic_002.002"
17:58:53.749 [CE][Storage] Restoring file "mpmissions\TheCommunity.enoch\storage_666\data\dynamic_002.bin" 616 items.
17:58:53.968   616 items loaded.
17:58:53.983 [CE][Storage] ver:24 stamp:8024, valid:yes, name:"mpmissions\TheCommunity.enoch\storage_666\data\dynamic_003.bin"
17:58:53.983 [CE][Storage] ver:24 stamp:8023, valid:yes, name:"mpmissions\TheCommunity.enoch\storage_666\data\dynamic_003.001"
17:58:53.983 [CE][Storage] ver:24 stamp:8021, valid:yes, name:"mpmissions\TheCommunity.enoch\storage_666\data\dynamic_003.002"
17:58:53.983 [CE][Storage] Restoring file "mpmissions\TheCommunity.enoch\storage_666\data\dynamic_003.bin" 1220 items.
17:58:54.436   1220 items loaded.
17:58:54.436 [CE][Storage] ver:24 stamp:8024, valid:yes, name:"mpmissions\TheCommunity.enoch\storage_666\data\dynamic_004.bin"
17:58:54.436 [CE][Storage] ver:24 stamp:8023, valid:yes, name:"mpmissions\TheCommunity.enoch\storage_666\data\dynamic_004.001"
17:58:54.436 [CE][Storage] ver:24 stamp:8021, valid:yes, name:"mpmissions\TheCommunity.enoch\storage_666\data\dynamic_004.002"
17:58:54.436 [CE][Storage] Restoring file "mpmissions\TheCommunity.enoch\storage_666\data\dynamic_004.bin" 1559 items.
17:58:55.124   1559 items loaded.
17:58:55.124 [CE][Storage] ver:24 stamp:8024, valid:yes, name:"mpmissions\TheCommunity.enoch\storage_666\data\dynamic_005.bin"
17:58:55.124 [CE][Storage] ver:24 stamp:8023, valid:yes, name:"mpmissions\TheCommunity.enoch\storage_666\data\dynamic_005.001"
17:58:55.124 [CE][Storage] ver:24 stamp:8021, valid:yes, name:"mpmissions\TheCommunity.enoch\storage_666\data\dynamic_005.002"
17:58:55.124 [CE][Storage] Restoring file "mpmissions\TheCommunity.enoch\storage_666\data\dynamic_005.bin" 1917 items.
17:58:55.811   1917 items loaded.
17:58:55.811 [CE][Storage] ver:24 stamp:8024, valid:yes, name:"mpmissions\TheCommunity.enoch\storage_666\data\dynamic_006.bin"
17:58:55.827 [CE][Storage] ver:24 stamp:8023, valid:yes, name:"mpmissions\TheCommunity.enoch\storage_666\data\dynamic_006.001"
17:58:55.827 [CE][Storage] ver:24 stamp:8021, valid:yes, name:"mpmissions\TheCommunity.enoch\storage_666\data\dynamic_006.002"
17:58:55.827 [CE][Storage] Restoring file "mpmissions\TheCommunity.enoch\storage_666\data\dynamic_006.bin" 1068 items.
17:58:56.233   1068 items loaded.
17:58:56.233 [CE][Storage] ver:24 stamp:8024, valid:yes, name:"mpmissions\TheCommunity.enoch\storage_666\data\dynamic_007.bin"
17:58:56.233 [CE][Storage] ver:24 stamp:8023, valid:yes, name:"mpmissions\TheCommunity.enoch\storage_666\data\dynamic_007.001"
17:58:56.233 [CE][Storage] ver:24 stamp:8021, valid:yes, name:"mpmissions\TheCommunity.enoch\storage_666\data\dynamic_007.002"
17:58:56.233 [CE][Storage] Restoring file "mpmissions\TheCommunity.enoch\storage_666\data\dynamic_007.bin" 1333 items.
17:58:56.827   1333 items loaded.
17:58:56.827 [CE][Storage] ver:24 stamp:8024, valid:yes, name:"mpmissions\TheCommunity.enoch\storage_666\data\dynamic_008.bin"
17:58:56.827 [CE][Storage] ver:24 stamp:8023, valid:yes, name:"mpmissions\TheCommunity.enoch\storage_666\data\dynamic_008.001"
17:58:56.827 [CE][Storage] ver:24 stamp:8021, valid:yes, name:"mpmissions\TheCommunity.enoch\storage_666\data\dynamic_008.002"
17:58:56.827 [CE][Storage] Restoring file "mpmissions\TheCommunity.enoch\storage_666\data\dynamic_008.bin" 1216 items.
17:58:57.249   1216 items loaded.
17:58:57.249 [CE][Storage] ver:24 stamp:8024, valid:yes, name:"mpmissions\TheCommunity.enoch\storage_666\data\dynamic_009.bin"
17:58:57.249 [CE][Storage] ver:24 stamp:8023, valid:yes, name:"mpmissions\TheCommunity.enoch\storage_666\data\dynamic_009.001"
17:58:57.249 [CE][Storage] ver:24 stamp:8021, valid:yes, name:"mpmissions\TheCommunity.enoch\storage_666\data\dynamic_009.002"
17:58:57.249 [CE][Storage] Restoring file "mpmissions\TheCommunity.enoch\storage_666\data\dynamic_009.bin" 1089 items.
17:58:57.624   1089 items loaded.
17:58:57.624 [CE][Storage] ver:24 stamp:8024, valid:yes, name:"mpmissions\TheCommunity.enoch\storage_666\data\dynamic_010.bin"
17:58:57.624 [CE][Storage] ver:24 stamp:8023, valid:yes, name:"mpmissions\TheCommunity.enoch\storage_666\data\dynamic_010.001"
17:58:57.624 [CE][Storage] ver:24 stamp:8021, valid:yes, name:"mpmissions\TheCommunity.enoch\storage_666\data\dynamic_010.002"
17:58:57.624 [CE][Storage] Restoring file "mpmissions\TheCommunity.enoch\storage_666\data\dynamic_010.bin" 2561 items.
17:58:58.452   2561 items loaded.
17:58:58.452 [CE][Storage] ver:24 stamp:8024, valid:yes, name:"mpmissions\TheCommunity.enoch\storage_666\data\dynamic_011.bin"
17:58:58.452 [CE][Storage] ver:24 stamp:8023, valid:yes, name:"mpmissions\TheCommunity.enoch\storage_666\data\dynamic_011.001"
17:58:58.452 [CE][Storage] ver:24 stamp:8021, valid:yes, name:"mpmissions\TheCommunity.enoch\storage_666\data\dynamic_011.002"
17:58:58.452 [CE][Storage] Restoring file "mpmissions\TheCommunity.enoch\storage_666\data\dynamic_011.bin" 368 items.
17:58:58.562   368 items loaded.
17:58:58.577 [CE][Hive] :: Storage load took:6.02 seconds, recovery stamp:8024
17:58:58.577   entity: 15941, building: 0
17:58:58.577   no lifetime: 50
17:58:58.577 [CE][Hive] :: Initializing ... 
17:58:58.593 [CE][InitializeMap] :: initialized: 0
17:58:58.593 [CE][Hive] :: Initializing spawners ... 
17:59:00.577 [CE][LootRespawner] (PRIDummy) :: Item [0] causing search overtime: "MSFCGorkaPATACSFG"
17:59:00.577 [CE][LootRespawner] (PRIDummy) :: Item [1] causing search overtime: "MSFCGorkaPATACSFG"
17:59:00.577 [CE][LootRespawner] (PRIDummy) :: Item [2] causing search overtime: "MSFCGorkaPATACSFG"
17:59:00.577 [CE][LootRespawner] (PRIDummy) :: Item [3] causing search overtime: "MSFCGorkaPATACSFG"
17:59:00.577 [CE][LootRespawner] (PRIDummy) :: Item [4] causing search overtime: "MSFCKryptekRaidPlatePouches"
17:59:00.577 [CE][LootRespawner] (PRIDummy) :: Item [5] causing search overtime: "MSFCKryptekRaidPlatePouches"
17:59:00.577 [CE][LootRespawner] (PRIDummy) :: Item [6] causing search overtime: "MSFCKryptekRaidPlatePouches"
17:59:00.577 [CE][LootRespawner] (PRIDummy) :: Item [7] causing search overtime: "MSFCKryptekRaidPlatePouches"
17:59:00.577 [CE][LootRespawner] (PRIDummy) :: Item [8] causing search overtime: "MSFCKryptekRaidPlatePouches"
17:59:00.577 [CE][LootRespawner] (PRIDummy) :: Item [9] causing search overtime: "PlateCarrierVest"
17:59:00.577 [CE][LootRespawner] (PRIDummy) :: Item [10] causing search overtime: "PlateCarrierVest"
17:59:00.577 [CE][LootRespawner] (PRIDummy) :: Item [11] causing search overtime: "PlateCarrierVest"
17:59:00.577 [CE][LootRespawner] (PRIDummy) :: Item [12] causing search overtime: "PlateCarrierVest"
17:59:00.577 [CE][LootRespawner] (PRIDummy) :: Item [13] causing search overtime: "PlateCarrierVest"
17:59:00.577 [CE][LootRespawner] (PRIDummy) :: Item [14] causing search overtime: "PlateCarrierVest"
17:59:00.577 [CE][LootRespawner] (PRIDummy) :: Item [15] causing search overtime: "PlateCarrierVest"
17:59:00.577 [CE][LootRespawner] (PRIDummy) :: Item [16] causing search overtime: "PlateCarrierVest"
17:59:00.577 [CE][LootRespawner] (PRIDummy) :: Item [17] causing search overtime: "PlateCarrierVest"
17:59:00.577 [CE][LootRespawner] (PRIDummy) :: Item [18] causing search overtime: "PlateCarrierVest"
17:59:00.577 [CE][LootRespawner] (PRIDummy) :: Item [19] causing search overtime: "PlateCarrierVest"
17:59:00.593 [CE][LootRespawner] (PRIDummy) :: Item [0] is hard to place, performance drops: "M4A1_Tigerstripe"
17:59:00.593 [CE][LootRespawner] (PRIDummy) :: Item [1] is hard to place, performance drops: "M4A1_Tigerstripe"
17:59:00.593 [CE][LootRespawner] (PRIDummy) :: Item [2] is hard to place, performance drops: "M4A1_Tigerstripe"
17:59:00.593 [CE][LootRespawner] (PRIDummy) :: Item [3] is hard to place, performance drops: "M4A1_Tigerstripe"
17:59:00.593 [CE][LootRespawner] (PRIDummy) :: Item [4] is hard to place, performance drops: "M4A1_Tigerstripe"
17:59:00.593 [CE][LootRespawner] (PRIDummy) :: Item [5] is hard to place, performance drops: "M4A1_Tigerstripe"
17:59:00.593 [CE][LootRespawner] (PRIDummy) :: Item [6] is hard to place, performance drops: "M4A1_Tigerstripe"
17:59:00.593 [CE][LootRespawner] (PRIDummy) :: Item [7] is hard to place, performance drops: "M4A1_Tigerstripe"
17:59:00.593 [CE][LootRespawner] (PRIDummy) :: Item [8] is hard to place, performance drops: "M4A1_Tigerstripe"
17:59:00.593 [CE][LootRespawner] (PRIDummy) :: Item [9] is hard to place, performance drops: "M4A1_Tigerstripe"
17:59:00.593 [CE][LootRespawner] (PRIDummy) :: Item [10] is hard to place, performance drops: "M4A1_Tigerstripe"
17:59:00.593 [CE][LootRespawner] (PRIDummy) :: Item [11] is hard to place, performance drops: "M4A1_Tigerstripe"
17:59:00.593 [CE][LootRespawner] (PRIDummy) :: Item [12] is hard to place, performance drops: "M4A1_Tigerstripe"
17:59:00.593 [CE][LootRespawner] (PRIDummy) :: Item [13] is hard to place, performance drops: "M4A1_Tigerstripe"
17:59:00.640 [CE][LootRespawner] (PRIDummy) :: Item [14] is hard to place, performance drops: "HikingJacket_Green"
17:59:00.687 [CE][LootRespawner] (PRIDummy) :: Item [15] is hard to place, performance drops: "ManSuit_DarkGrey"
17:59:00.968 [CE][LootRespawner] (PRIDummy) :: Item [16] is hard to place, performance drops: "HatchbackTrunk_White"
17:59:00.968 [CE][LootRespawner] (PRIDummy) :: Item [17] is hard to place, performance drops: "HatchbackTrunk_White"
17:59:00.968 [CE][LootRespawner] (PRIDummy) :: Item [18] is hard to place, performance drops: "MiniDress_BlueWithDots"
17:59:00.968 [CE][LootRespawner] (PRIDummy) :: Item [19] is hard to place, performance drops: "Defender110_dver_1_2_UN"
17:59:01.827 [CE][LootRespawner] (PRIDummy) :: Initially (re)spawned:755, Nominal:32677, Total in Map: 16401 at 1 (sec)
17:59:01.827   tests:792, repeats:0 fails:37, overtime:12755
17:59:01.827 [CE][DynEvent] :: 33 types
17:59:01.827 [00] AmbientHen
17:59:01.827   Primary Spawner: "Ambient", active: yes, repeat: 1
17:59:01.827 [01] AnimalBear
17:59:01.827   Primary Spawner: "Animal", active: yes, repeat: 1
17:59:01.827 [02] AnimalCow
17:59:01.827   Primary Spawner: "Animal", active: yes, repeat: 1
17:59:01.827 [03] AnimalDeer
17:59:01.827   Primary Spawner: "Animal", active: yes, repeat: 1
17:59:01.827 [04] AnimalGoat
17:59:01.827   Primary Spawner: "Animal", active: yes, repeat: 1
17:59:01.827 [05] AnimalPig
17:59:01.827   Primary Spawner: "Animal", active: yes, repeat: 1
17:59:01.827 [06] AnimalRoeDeer
17:59:01.827   Primary Spawner: "Animal", active: yes, repeat: 1
17:59:01.827 [07] AnimalSheep
17:59:01.827   Primary Spawner: "Animal", active: yes, repeat: 1
17:59:01.827 [08] AnimalWildBoar
17:59:01.827   Primary Spawner: "Animal", active: yes, repeat: 1
17:59:01.827 [09] AnimalWolf
17:59:01.827   Primary Spawner: "Animal", active: yes, repeat: 1
17:59:01.827 [10] InfectedArmy
17:59:01.827   Primary Spawner: "Infected", active: yes, repeat: 1
17:59:01.827 [11] InfectedCity
17:59:01.827   Primary Spawner: "Infected", active: yes, repeat: 1
17:59:01.827 [12] InfectedFirefighter
17:59:01.827   Primary Spawner: "Infected", active: yes, repeat: 1
17:59:01.827 [13] InfectedIndustrial
17:59:01.827   Primary Spawner: "Infected", active: yes, repeat: 1
17:59:01.827 [14] InfectedMedic
17:59:01.827   Primary Spawner: "Infected", active: yes, repeat: 1
17:59:01.827 [15] InfectedPolice
17:59:01.827   Primary Spawner: "Infected", active: yes, repeat: 1
17:59:01.827 [16] InfectedPrisoner
17:59:01.827   Primary Spawner: "Infected", active: yes, repeat: 1
17:59:01.827 [17] InfectedReligious
17:59:01.827   Primary Spawner: "Infected", active: yes, repeat: 1
17:59:01.827 [18] InfectedSolitude
17:59:01.827   Primary Spawner: "Infected", active: yes, repeat: 1
17:59:01.827 [19] InfectedVillage
17:59:01.827   Primary Spawner: "Infected", active: yes, repeat: 1
17:59:01.827 [20] ItemPlanks
17:59:01.827   Primary Spawner: "Item", active: yes, repeat: 1
17:59:01.827 [21] Loot
17:59:01.827   Primary Spawner: "Loot", active: yes, repeat: 2
17:59:01.827 [22] StaticHeliCrash
17:59:01.827   Primary Spawner: "Vehicle", active: yes, repeat: 1
17:59:01.827   Secondary Spawner: "Infected", active: yes, repeat: 1
17:59:01.827 [23] StaticPoliceCar
17:59:01.827   Primary Spawner: "Vehicle", active: yes, repeat: 1
17:59:01.827 [24] TrajectoryConiferous
17:59:01.827   Primary Spawner: "Trajectory", active: yes, repeat: 1
17:59:01.827 [25] TrajectoryDeciduous
17:59:01.827   Primary Spawner: "Trajectory", active: yes, repeat: 1
17:59:01.827 [26] TrajectoryHumus
17:59:01.827   Primary Spawner: "Trajectory", active: yes, repeat: 1
17:59:01.827 [27] TrajectoryStones
17:59:01.827   Primary Spawner: "Trajectory", active: yes, repeat: 1
17:59:01.827 [28] VehicleCivilianSedan
17:59:01.827   Primary Spawner: "Vehicle", active: yes, repeat: 1
17:59:01.827 [29] VehicleHatchback02
17:59:01.827   Primary Spawner: "Vehicle", active: yes, repeat: 1
17:59:01.827 [30] VehicleOffroadHatchback
17:59:01.827   Primary Spawner: "Vehicle", active: yes, repeat: 1
17:59:01.827 [31] VehicleSedan02
17:59:01.827   Primary Spawner: "Vehicle", active: yes, repeat: 1
17:59:01.827 [32] VehicleCrSk_Land_Rover_Defender_110
17:59:01.827   Primary Spawner: "Vehicle", active: yes, repeat: 1
17:59:01.827 [CE][Hive] :: Initializing of spawners done.
17:59:01.827 [CE][Hive] :: Init sequence finished.
17:59:01.827 Player connect enabled
17:59:02.156 Average server FPS: 0.07 (measured interval: 30 s)
17:59:02.156 Used memory: 1452087 KB
17:59:02.156 Players: 0 in total
17:59:28.704  --- Termination successfully completed --- 


=====================================================================
== D:\DayZServers\TheCommunity_enochTest\DayZTestServer_x64.exe
== "D:\DayZServers\TheCommunity_enochTest\DayZTestServer_x64.exe"  -port=2442 "-mod=@CF;@Community-Online-Tools;@BuildAnywhere;@BaseBuildingLogs;@Trader;@BaseBuildingPlus;@Durable_Suppressors;@VPPMap;@Ear-Plugs;@Catch_Rain;@DayZ-Expansion-Notifications;@DayZ-Expansion-Chat;@No_Shoe_Damage;@Airdrop-Upgraded;@Ammo_Making;@Banking;@BuilderItems;@Camosplus;@CannabisPlus;@CheckIdentity;@Code_Lock;@Dayz_Navigation;@FIDOv4;@FlipTransport;@GoreZ;@IRP;@KillFeed;@NoVehicleDamage;@PartyMe;@Modular_Vest_System;@MuchStuffPack;@SWP;@BreachingCharge;@BBPBreachCharge;@MunghardsItempack;@NDVPPM;@Next_Days;@Notes;@SQUAD_MSF-C;@Zeroy-FishingZ;@OP_BaseItems;@Base_Storage;@SIX-DayZ-Auto-Run;" -config=D:\DayZServers\TheCommunity_enochTest\TheCommunityDZTest.cfg -profiles=TheCommunityServer -BEPath=D:\DayZServers\TheCommunity_enochTest\battleye -filePatching -adminlog -netlog -freezecheck -scrAllowFileWrite
=====================================================================
Exe timestamp: 2020/04/26 15:56:05
Current time:  2020/04/29 18:00:53

Version 1.07.153006
18:00:53.130 [Inputs] Loading inputs default "bin/constants.xml"
18:00:53.130 [Inputs] Loading inputs default "bin/specific.xml"
18:00:53.130 !!! [Inputs] Invalid input name used "UAUIInspectItem" for context "ui" in "bin/specific.xml"
18:00:53.130 !!! [Inputs] Attempt to register duplicate Modded-Inputs file "VanillaPPMap/data/modded_Inputs.xml"
18:00:53.130 [Inputs] Loading inputs default "EarPlugs\data\inputs.xml"
18:00:53.130 [Inputs] Loading inputs default "JM/COT/scripts/Data/Inputs.xml"
18:00:53.130 [Inputs] Loading inputs default "KillFeed/inputs/Inputs.xml"
18:00:53.130 [Inputs] Loading inputs default "partyme/scripts/partyme_inputs.xml"
18:00:53.130 [Inputs] Loading inputs default "VanillaPPMap/data/modded_Inputs.xml"
18:00:53.130 [Inputs] Loading inputs default "NextDays/data/NextDays_Inputs.xml"
18:00:53.130 [Inputs] Loading inputs default "A3_UI_F/Scripts/Inputs.xml"
18:00:53.130 [Inputs] Loading inputs default "BaseBuildingPlus/Scripts/Data/Inputs.xml"
18:00:53.130 [Inputs] Loading inputs default "VanillaPPMap/data/modded_Inputs.xml"
18:00:53.130 !!! [Inputs] Attempt to register duplicate input "UAOpenVPPMap"
18:00:53.130 !!! [Inputs] Attempt to register duplicate input "UAToggleVPPMap3DMarkers"
18:00:53.130 [Inputs] Loading inputs cfg "TheCommunityServer\Users\Survivor\Server.core.xml"
18:00:53.145 [Inputs] Exporting inputs cfg "TheCommunityServer\Users\Survivor\Server.core.xml"
18:00:53.567 !!! [Inputs] Attempt to register "PMHideShowTrackers" input twice
18:01:37.538 [CE][Hive] :: Initializing OFFLINE
18:01:37.538 [CE][Hive] :: Loading core data ... 
18:01:37.538 [CE][CoreData] :: 7 root classes, 19 defaults, 0 updaters...
18:01:44.257 [CE][RegisterBind] :: 0 classes binded...
18:01:44.257 [CE][RegisterConfig] :: 10055 config classes registered, 0 sub-counters...
18:01:44.257 [CE][Hive] :: Loading map data ... 
18:01:44.304 !!! [CE] :: Unknown category: 'vehicleparts'.
18:01:44.304 [CE][LoadPrototype] :: loaded 330 prototypes
18:01:44.304   702 containers, 9116 points
18:01:44.304   24 dispatches, 90 proxies
18:01:44.304 !!! [CE][LoadPrototype] 12 groups have no points...
18:01:44.304 !!![CE][LoadPrototype]  3 groups have wrong points...
18:01:44.304 [CE][LoadPrototype] :: last group name: Land_Lunapark_Autodrome...
18:01:44.320 [CE][LoadPrototype] :: loaded 0 prototypes
18:01:44.320   0 containers, 0 points
18:01:44.320   0 dispatches, 0 proxies
18:01:44.320 [CE][LoadPrototype] :: last group name: PathD_7100...
18:01:44.679 [CE][LoadMap] "Group" :: loaded 5086 groups, largest group range: 26.9
18:01:44.695 [CE][LoadMap] "Dirt" :: loaded 0 groups, largest group range: 26.9
18:01:44.789 [CE][Links] found 354 total links between groups, of 5086
18:01:44.789 [CE][LoadClusters] "Cluster" :: Loading files...
18:01:45.07 [CE][LoadClusters] :: file: "mapgroupcluster.xml", 4 types, 50000 instances
18:01:45.226 [CE][LoadClusters] :: file: "mapgroupcluster01", 4 types, 50000 instances
18:01:45.445 [CE][LoadClusters] :: file: "mapgroupcluster02", 4 types, 50000 instances
18:01:45.664 [CE][LoadClusters] :: file: "mapgroupcluster03", 4 types, 50000 instances
18:01:45.757 [CE][LoadClusters] :: file: "mapgroupcluster04", 4 types, 21297 instances
18:01:45.773 [CE][Storage] ver:21 stamp:8025, valid:yes, name:"mpmissions\TheCommunity.enoch\storage_666\data\types.bin"
18:01:45.773 [CE][Storage] ver:21 stamp:8023, valid:yes, name:"mpmissions\TheCommunity.enoch\storage_666\data\types.001"
18:01:45.773 [CE][Storage] ver:21 stamp:8021, valid:yes, name:"mpmissions\TheCommunity.enoch\storage_666\data\types.002"
18:01:45.773 [CE][Storage] Restoring file "mpmissions\TheCommunity.enoch\storage_666\data\types.bin".
18:01:45.992 [CE][offlineDB] :: Loaded 33 dynamic events 215 total types 0 total positions.
18:01:46.39 [CE][Storage] ver:21 stamp:8025, valid:yes, name:"mpmissions\TheCommunity.enoch\storage_666\data\events.bin"
18:01:46.39 [CE][Storage] ver:21 stamp:8023, valid:yes, name:"mpmissions\TheCommunity.enoch\storage_666\data\events.001"
18:01:46.39 [CE][Storage] ver:21 stamp:8021, valid:yes, name:"mpmissions\TheCommunity.enoch\storage_666\data\events.002"
18:01:46.39 [CE][Storage] Restoring file "mpmissions\TheCommunity.enoch\storage_666\data\events.bin".
18:01:46.39 [CE][DynamicEvent] Load  Events:[33] Primary spawners: 33 Secondary spawners: 1
18:01:46.54 [CE][Storage] ver:24 stamp:8025, valid:yes, name:"mpmissions\TheCommunity.enoch\storage_666\data\vehicles.bin"
18:01:46.54 [CE][Storage] ver:24 stamp:8023, valid:yes, name:"mpmissions\TheCommunity.enoch\storage_666\data\vehicles.001"
18:01:46.54 [CE][Storage] ver:24 stamp:8021, valid:yes, name:"mpmissions\TheCommunity.enoch\storage_666\data\vehicles.002"
18:01:46.54 [CE][Storage] Restoring file "mpmissions\TheCommunity.enoch\storage_666\data\vehicles.bin" 94 items.
18:01:46.148   94 items loaded.
18:01:46.148 [CE][Storage] ver:24 stamp:8025, valid:yes, name:"mpmissions\TheCommunity.enoch\storage_666\data\dynamic_000.bin"
18:01:46.148 [CE][Storage] ver:24 stamp:8023, valid:yes, name:"mpmissions\TheCommunity.enoch\storage_666\data\dynamic_000.001"
18:01:46.148 [CE][Storage] ver:24 stamp:8021, valid:yes, name:"mpmissions\TheCommunity.enoch\storage_666\data\dynamic_000.002"
18:01:46.148 [CE][Storage] Restoring file "mpmissions\TheCommunity.enoch\storage_666\data\dynamic_000.bin" 368 items.
18:01:46.383   368 items loaded.
18:01:46.383 [CE][Storage] ver:24 stamp:8025, valid:yes, name:"mpmissions\TheCommunity.enoch\storage_666\data\dynamic_001.bin"
18:01:46.383 [CE][Storage] ver:24 stamp:8023, valid:yes, name:"mpmissions\TheCommunity.enoch\storage_666\data\dynamic_001.001"
18:01:46.383 [CE][Storage] ver:24 stamp:8021, valid:yes, name:"mpmissions\TheCommunity.enoch\storage_666\data\dynamic_001.002"
18:01:46.383 [CE][Storage] Restoring file "mpmissions\TheCommunity.enoch\storage_666\data\dynamic_001.bin" 2359 items.
18:01:47.273   2359 items loaded.
18:01:47.273 [CE][Storage] ver:24 stamp:8025, valid:yes, name:"mpmissions\TheCommunity.enoch\storage_666\data\dynamic_002.bin"
18:01:47.273 [CE][Storage] ver:24 stamp:8023, valid:yes, name:"mpmissions\TheCommunity.enoch\storage_666\data\dynamic_002.001"
18:01:47.273 [CE][Storage] ver:24 stamp:8021, valid:yes, name:"mpmissions\TheCommunity.enoch\storage_666\data\dynamic_002.002"
18:01:47.273 [CE][Storage] Restoring file "mpmissions\TheCommunity.enoch\storage_666\data\dynamic_002.bin" 645 items.
18:01:47.508   645 items loaded.
18:01:47.508 [CE][Storage] ver:24 stamp:8025, valid:yes, name:"mpmissions\TheCommunity.enoch\storage_666\data\dynamic_003.bin"
18:01:47.508 !!! [CE][Storage] Failed to read [Storage] data file "mpmissions\TheCommunity.enoch\storage_666\data\dynamic_003.001".
18:01:47.508   File not closed...
18:01:47.508 [CE][Storage] ver:24 stamp:8025, valid:NO, name:"mpmissions\TheCommunity.enoch\storage_666\data\dynamic_003.001"
18:01:47.508 [CE][Storage] ver:24 stamp:8021, valid:yes, name:"mpmissions\TheCommunity.enoch\storage_666\data\dynamic_003.002"
18:01:47.508 [CE][Storage] Restoring file "mpmissions\TheCommunity.enoch\storage_666\data\dynamic_003.bin" 1276 items.
18:01:47.929   1276 items loaded.
18:01:47.929 [CE][Storage] ver:24 stamp:8025, valid:yes, name:"mpmissions\TheCommunity.enoch\storage_666\data\dynamic_004.bin"
18:01:47.929 [CE][Storage] ver:24 stamp:8025, valid:yes, name:"mpmissions\TheCommunity.enoch\storage_666\data\dynamic_004.001"
18:01:47.929 [CE][Storage] ver:24 stamp:8021, valid:yes, name:"mpmissions\TheCommunity.enoch\storage_666\data\dynamic_004.002"
18:01:47.929 [CE][Storage] Restoring file "mpmissions\TheCommunity.enoch\storage_666\data\dynamic_004.bin" 1603 items.
18:01:48.555   1603 items loaded.
18:01:48.555 [CE][Storage] ver:24 stamp:8025, valid:yes, name:"mpmissions\TheCommunity.enoch\storage_666\data\dynamic_005.bin"
18:01:48.555 [CE][Storage] ver:24 stamp:8025, valid:yes, name:"mpmissions\TheCommunity.enoch\storage_666\data\dynamic_005.001"
18:01:48.570 [CE][Storage] ver:24 stamp:8021, valid:yes, name:"mpmissions\TheCommunity.enoch\storage_666\data\dynamic_005.002"
18:01:48.570 [CE][Storage] Restoring file "mpmissions\TheCommunity.enoch\storage_666\data\dynamic_005.bin" 2035 items.
18:01:49.273   2035 items loaded.
18:01:49.273 [CE][Storage] ver:24 stamp:8025, valid:yes, name:"mpmissions\TheCommunity.enoch\storage_666\data\dynamic_006.bin"
18:01:49.273 [CE][Storage] ver:24 stamp:8025, valid:yes, name:"mpmissions\TheCommunity.enoch\storage_666\data\dynamic_006.001"
18:01:49.273 [CE][Storage] ver:24 stamp:8021, valid:yes, name:"mpmissions\TheCommunity.enoch\storage_666\data\dynamic_006.002"
18:01:49.273 [CE][Storage] Restoring file "mpmissions\TheCommunity.enoch\storage_666\data\dynamic_006.bin" 1101 items.
18:01:49.680   1101 items loaded.
18:01:49.680 [CE][Storage] ver:24 stamp:8025, valid:yes, name:"mpmissions\TheCommunity.enoch\storage_666\data\dynamic_007.bin"
18:01:49.695 [CE][Storage] ver:24 stamp:8025, valid:yes, name:"mpmissions\TheCommunity.enoch\storage_666\data\dynamic_007.001"
18:01:49.695 [CE][Storage] ver:24 stamp:8021, valid:yes, name:"mpmissions\TheCommunity.enoch\storage_666\data\dynamic_007.002"
18:01:49.695 [CE][Storage] Restoring file "mpmissions\TheCommunity.enoch\storage_666\data\dynamic_007.bin" 1387 items.
18:01:50.180   1387 items loaded.
18:01:50.180 [CE][Storage] ver:24 stamp:8025, valid:yes, name:"mpmissions\TheCommunity.enoch\storage_666\data\dynamic_008.bin"
18:01:50.180 [CE][Storage] ver:24 stamp:8025, valid:yes, name:"mpmissions\TheCommunity.enoch\storage_666\data\dynamic_008.001"
18:01:50.180 [CE][Storage] ver:24 stamp:8021, valid:yes, name:"mpmissions\TheCommunity.enoch\storage_666\data\dynamic_008.002"
18:01:50.180 [CE][Storage] Restoring file "mpmissions\TheCommunity.enoch\storage_666\data\dynamic_008.bin" 1278 items.
18:01:50.633   1278 items loaded.
18:01:50.633 [CE][Storage] ver:24 stamp:8025, valid:yes, name:"mpmissions\TheCommunity.enoch\storage_666\data\dynamic_009.bin"
18:01:50.633 [CE][Storage] ver:24 stamp:8025, valid:yes, name:"mpmissions\TheCommunity.enoch\storage_666\data\dynamic_009.001"
18:01:50.633 [CE][Storage] ver:24 stamp:8021, valid:yes, name:"mpmissions\TheCommunity.enoch\storage_666\data\dynamic_009.002"
18:01:50.633 [CE][Storage] Restoring file "mpmissions\TheCommunity.enoch\storage_666\data\dynamic_009.bin" 1126 items.
18:01:51.08   1126 items loaded.
18:01:51.08 [CE][Storage] ver:24 stamp:8025, valid:yes, name:"mpmissions\TheCommunity.enoch\storage_666\data\dynamic_010.bin"
18:01:51.08 [CE][Storage] ver:24 stamp:8025, valid:yes, name:"mpmissions\TheCommunity.enoch\storage_666\data\dynamic_010.001"
18:01:51.08 [CE][Storage] ver:24 stamp:8021, valid:yes, name:"mpmissions\TheCommunity.enoch\storage_666\data\dynamic_010.002"
18:01:51.08 [CE][Storage] Restoring file "mpmissions\TheCommunity.enoch\storage_666\data\dynamic_010.bin" 2694 items.
18:01:51.742   2694 items loaded.
18:01:51.742 [CE][Storage] ver:24 stamp:8025, valid:yes, name:"mpmissions\TheCommunity.enoch\storage_666\data\dynamic_011.bin"
18:01:51.742 [CE][Storage] ver:24 stamp:8025, valid:yes, name:"mpmissions\TheCommunity.enoch\storage_666\data\dynamic_011.001"
18:01:51.742 [CE][Storage] ver:24 stamp:8021, valid:yes, name:"mpmissions\TheCommunity.enoch\storage_666\data\dynamic_011.002"
18:01:51.742 [CE][Storage] Restoring file "mpmissions\TheCommunity.enoch\storage_666\data\dynamic_011.bin" 390 items.
18:01:51.852   390 items loaded.
18:01:51.883 [CE][Hive] :: Storage load took:5.84 seconds, recovery stamp:8025
18:01:51.883   entity: 16606, building: 0
18:01:51.883   no lifetime: 49
18:01:51.883 [CE][Hive] :: Initializing ... 
18:01:51.898 [CE][InitializeMap] :: initialized: 0
18:01:51.898 [CE][Hive] :: Initializing spawners ... 
18:01:53.742 [CE][LootRespawner] (PRIDummy) :: Item [0] causing search overtime: "MSFCGorkaPATACSFG"
18:01:53.742 [CE][LootRespawner] (PRIDummy) :: Item [1] causing search overtime: "MSFCGorkaPATACSFG"
18:01:53.742 [CE][LootRespawner] (PRIDummy) :: Item [2] causing search overtime: "MSFCGorkaPATACSFG"
18:01:53.742 [CE][LootRespawner] (PRIDummy) :: Item [3] causing search overtime: "MSFCGorkaPATACSFG"
18:01:53.742 [CE][LootRespawner] (PRIDummy) :: Item [4] causing search overtime: "MSFCKryptekRaidPlatePouches"
18:01:53.742 [CE][LootRespawner] (PRIDummy) :: Item [5] causing search overtime: "MSFCKryptekRaidPlatePouches"
18:01:53.742 [CE][LootRespawner] (PRIDummy) :: Item [6] causing search overtime: "MSFCKryptekRaidPlatePouches"
18:01:53.742 [CE][LootRespawner] (PRIDummy) :: Item [7] causing search overtime: "MSFCKryptekRaidPlatePouches"
18:01:53.742 [CE][LootRespawner] (PRIDummy) :: Item [8] causing search overtime: "MSFCKryptekRaidPlatePouches"
18:01:53.742 [CE][LootRespawner] (PRIDummy) :: Item [9] causing search overtime: "PlateCarrierVest"
18:01:53.742 [CE][LootRespawner] (PRIDummy) :: Item [10] causing search overtime: "PlateCarrierVest"
18:01:53.742 [CE][LootRespawner] (PRIDummy) :: Item [11] causing search overtime: "PlateCarrierVest"
18:01:53.742 [CE][LootRespawner] (PRIDummy) :: Item [12] causing search overtime: "PlateCarrierVest"
18:01:53.742 [CE][LootRespawner] (PRIDummy) :: Item [13] causing search overtime: "PlateCarrierVest"
18:01:53.742 [CE][LootRespawner] (PRIDummy) :: Item [14] causing search overtime: "PlateCarrierVest"
18:01:53.742 [CE][LootRespawner] (PRIDummy) :: Item [15] causing search overtime: "PlateCarrierVest"
18:01:53.742 [CE][LootRespawner] (PRIDummy) :: Item [16] causing search overtime: "PlateCarrierVest"
18:01:53.742 [CE][LootRespawner] (PRIDummy) :: Item [17] causing search overtime: "PlateCarrierVest"
18:01:53.742 [CE][LootRespawner] (PRIDummy) :: Item [18] causing search overtime: "PlateCarrierVest"
18:01:53.742 [CE][LootRespawner] (PRIDummy) :: Item [19] causing search overtime: "PlateCarrierVest"
18:01:54.711 [CE][LootRespawner] (PRIDummy) :: Initially (re)spawned:1, Nominal:32677, Total in Map: 16408 at 0 (sec)
18:01:54.711   tests:1, repeats:0 fails:0, overtime:12695
18:01:54.711 [CE][DynEvent] :: 33 types
18:01:54.711 [00] AmbientHen
18:01:54.711   Primary Spawner: "Ambient", active: yes, repeat: 1
18:01:54.711 [01] AnimalBear
18:01:54.711   Primary Spawner: "Animal", active: yes, repeat: 1
18:01:54.711 [02] AnimalCow
18:01:54.711   Primary Spawner: "Animal", active: yes, repeat: 1
18:01:54.711 [03] AnimalDeer
18:01:54.711   Primary Spawner: "Animal", active: yes, repeat: 1
18:01:54.711 [04] AnimalGoat
18:01:54.711   Primary Spawner: "Animal", active: yes, repeat: 1
18:01:54.711 [05] AnimalPig
18:01:54.711   Primary Spawner: "Animal", active: yes, repeat: 1
18:01:54.711 [06] AnimalRoeDeer
18:01:54.711   Primary Spawner: "Animal", active: yes, repeat: 1
18:01:54.711 [07] AnimalSheep
18:01:54.711   Primary Spawner: "Animal", active: yes, repeat: 1
18:01:54.711 [08] AnimalWildBoar
18:01:54.711   Primary Spawner: "Animal", active: yes, repeat: 1
18:01:54.711 [09] AnimalWolf
18:01:54.711   Primary Spawner: "Animal", active: yes, repeat: 1
18:01:54.711 [10] InfectedArmy
18:01:54.711   Primary Spawner: "Infected", active: yes, repeat: 1
18:01:54.711 [11] InfectedCity
18:01:54.711   Primary Spawner: "Infected", active: yes, repeat: 1
18:01:54.711 [12] InfectedFirefighter
18:01:54.711   Primary Spawner: "Infected", active: yes, repeat: 1
18:01:54.711 [13] InfectedIndustrial
18:01:54.711   Primary Spawner: "Infected", active: yes, repeat: 1
18:01:54.711 [14] InfectedMedic
18:01:54.711   Primary Spawner: "Infected", active: yes, repeat: 1
18:01:54.711 [15] InfectedPolice
18:01:54.711   Primary Spawner: "Infected", active: yes, repeat: 1
18:01:54.711 [16] InfectedPrisoner
18:01:54.711   Primary Spawner: "Infected", active: yes, repeat: 1
18:01:54.711 [17] InfectedReligious
18:01:54.711   Primary Spawner: "Infected", active: yes, repeat: 1
18:01:54.711 [18] InfectedSolitude
18:01:54.711   Primary Spawner: "Infected", active: yes, repeat: 1
18:01:54.711 [19] InfectedVillage
18:01:54.711   Primary Spawner: "Infected", active: yes, repeat: 1
18:01:54.711 [20] ItemPlanks
18:01:54.711   Primary Spawner: "Item", active: yes, repeat: 1
18:01:54.711 [21] Loot
18:01:54.711   Primary Spawner: "Loot", active: yes, repeat: 2
18:01:54.711 [22] StaticHeliCrash
18:01:54.711   Primary Spawner: "Vehicle", active: yes, repeat: 1
18:01:54.711   Secondary Spawner: "Infected", active: yes, repeat: 1
18:01:54.711 [23] StaticPoliceCar
18:01:54.711   Primary Spawner: "Vehicle", active: yes, repeat: 1
18:01:54.711 [24] TrajectoryConiferous
18:01:54.711   Primary Spawner: "Trajectory", active: yes, repeat: 1
18:01:54.711 [25] TrajectoryDeciduous
