

=====================================================================
== D:\DayZServers\TheCommunity_enochTest\DayZTestServer_x64.exe
== "D:\DayZServers\TheCommunity_enochTest\DayZTestServer_x64.exe"  -port=2442 "-mod=@CF;@Community-Online-Tools;@BuildAnywhere;@BaseBuildingLogs;@Trader;@BaseBuildingPlus;@Durable_Suppressors;@VPPMap;@Ear-Plugs;@Catch_Rain;@DayZ-Expansion-Notifications;@DayZ-Expansion-Chat;@No_Shoe_Damage;@Airdrop-Upgraded;@Ammo_Making;@Banking;@BuilderItems;@Camosplus;@CannabisPlus;@CheckIdentity;@Code_Lock;@Dayz_Navigation;@FIDOv4;@FlipTransport;@GoreZ;@IRP;@KillFeed;@NoVehicleDamage;@PartyMe;@Modular_Vest_System;@MuchStuffPack;@SWP;@BreachingCharge;@BBPBreachCharge;@MunghardsItempack;@NDVPPM;@Next_Days;@Notes;@SQUAD_MSF-C;@Zeroy-FishingZ;@OP_BaseItems;@Base_Storage;@SIX-DayZ-Auto-Run;" -config=D:\DayZServers\TheCommunity_enochTest\TheCommunityDZTest.cfg -profiles=TheCommunityServer -BEPath=D:\DayZServers\TheCommunity_enochTest\battleye -filePatching -adminlog -netlog -freezecheck -scrAllowFileWrite
=====================================================================
Exe timestamp: 2020/04/26 15:56:05
Current time:  2020/04/30 04:35:58

Version 1.07.153006
 4:35:58.07 [Inputs] Loading inputs default "bin/constants.xml"
 4:35:58.07 [Inputs] Loading inputs default "bin/specific.xml"
 4:35:58.07 !!! [Inputs] Invalid input name used "UAUIInspectItem" for context "ui" in "bin/specific.xml"
 4:35:58.07 !!! [Inputs] Attempt to register duplicate Modded-Inputs file "VanillaPPMap/data/modded_Inputs.xml"
 4:35:58.07 [Inputs] Loading inputs default "EarPlugs\data\inputs.xml"
 4:35:58.07 [Inputs] Loading inputs default "JM/COT/scripts/Data/Inputs.xml"
 4:35:58.07 [Inputs] Loading inputs default "KillFeed/inputs/Inputs.xml"
 4:35:58.07 [Inputs] Loading inputs default "partyme/scripts/partyme_inputs.xml"
 4:35:58.07 [Inputs] Loading inputs default "VanillaPPMap/data/modded_Inputs.xml"
 4:35:58.07 [Inputs] Loading inputs default "NextDays/data/NextDays_Inputs.xml"
 4:35:58.23 [Inputs] Loading inputs default "A3_UI_F/Scripts/Inputs.xml"
 4:35:58.23 [Inputs] Loading inputs default "BaseBuildingPlus/Scripts/Data/Inputs.xml"
 4:35:58.23 [Inputs] Loading inputs default "VanillaPPMap/data/modded_Inputs.xml"
 4:35:58.23 !!! [Inputs] Attempt to register duplicate input "UAOpenVPPMap"
 4:35:58.23 !!! [Inputs] Attempt to register duplicate input "UAToggleVPPMap3DMarkers"
 4:35:58.23 [Inputs] Loading inputs cfg "TheCommunityServer\Users\Survivor\Server.core.xml"
 4:35:58.23 [Inputs] Exporting inputs cfg "TheCommunityServer\Users\Survivor\Server.core.xml"
 4:35:58.476 !!! [Inputs] Attempt to register "PMHideShowTrackers" input twice
 4:36:44.197 [CE][Hive] :: Initializing OFFLINE
 4:36:44.197 [CE][Hive] :: Loading core data ... 
 4:36:44.197 [CE][CoreData] :: 7 root classes, 19 defaults, 0 updaters...
 4:36:50.635 [CE][RegisterBind] :: 0 classes binded...
 4:36:50.635 [CE][RegisterConfig] :: 10055 config classes registered, 0 sub-counters...
 4:36:50.635 [CE][Hive] :: Loading map data ... 
 4:36:50.682 !!! [CE] :: Unknown category: 'vehicleparts'.
 4:36:50.682 [CE][LoadPrototype] :: loaded 330 prototypes
 4:36:50.682   702 containers, 9116 points
 4:36:50.682   24 dispatches, 90 proxies
 4:36:50.682 !!! [CE][LoadPrototype] 12 groups have no points...
 4:36:50.682 !!![CE][LoadPrototype]  3 groups have wrong points...
 4:36:50.682 [CE][LoadPrototype] :: last group name: Land_Lunapark_Autodrome...
 4:36:50.682 [CE][LoadPrototype] :: loaded 0 prototypes
 4:36:50.682   0 containers, 0 points
 4:36:50.682   0 dispatches, 0 proxies
 4:36:50.682 [CE][LoadPrototype] :: last group name: PathD_7100...
 4:36:51.10 [CE][LoadMap] "Group" :: loaded 5086 groups, largest group range: 26.9
 4:36:51.10 [CE][LoadMap] "Dirt" :: loaded 0 groups, largest group range: 26.9
 4:36:51.119 [CE][Links] found 354 total links between groups, of 5086
 4:36:51.119 [CE][LoadClusters] "Cluster" :: Loading files...
 4:36:51.322 [CE][LoadClusters] :: file: "mapgroupcluster.xml", 4 types, 50000 instances
 4:36:51.541 [CE][LoadClusters] :: file: "mapgroupcluster01", 4 types, 50000 instances
 4:36:51.760 [CE][LoadClusters] :: file: "mapgroupcluster02", 4 types, 50000 instances
 4:36:51.979 [CE][LoadClusters] :: file: "mapgroupcluster03", 4 types, 50000 instances
 4:36:52.88 [CE][LoadClusters] :: file: "mapgroupcluster04", 4 types, 21297 instances
 4:36:52.88 [CE][Storage] ver:21 stamp:9181, valid:yes, name:"mpmissions\TheCommunity.enoch\storage_666\data\types.bin"
 4:36:52.88 [CE][Storage] ver:21 stamp:9180, valid:yes, name:"mpmissions\TheCommunity.enoch\storage_666\data\types.001"
 4:36:52.88 [CE][Storage] ver:21 stamp:9178, valid:yes, name:"mpmissions\TheCommunity.enoch\storage_666\data\types.002"
 4:36:52.88 [CE][Storage] Restoring file "mpmissions\TheCommunity.enoch\storage_666\data\types.bin".
 4:36:52.307 [CE][offlineDB] :: Loaded 33 dynamic events 215 total types 0 total positions.
 4:36:52.369 [CE][Storage] ver:21 stamp:9181, valid:yes, name:"mpmissions\TheCommunity.enoch\storage_666\data\events.bin"
 4:36:52.369 [CE][Storage] ver:21 stamp:9180, valid:yes, name:"mpmissions\TheCommunity.enoch\storage_666\data\events.001"
 4:36:52.369 [CE][Storage] ver:21 stamp:9178, valid:yes, name:"mpmissions\TheCommunity.enoch\storage_666\data\events.002"
 4:36:52.369 [CE][Storage] Restoring file "mpmissions\TheCommunity.enoch\storage_666\data\events.bin".
 4:36:52.369 [CE][DynamicEvent] Load  Events:[33] Primary spawners: 33 Secondary spawners: 1
 4:36:52.369 [CE][Storage] ver:24 stamp:9181, valid:yes, name:"mpmissions\TheCommunity.enoch\storage_666\data\vehicles.bin"
 4:36:52.369 [CE][Storage] ver:24 stamp:9180, valid:yes, name:"mpmissions\TheCommunity.enoch\storage_666\data\vehicles.001"
 4:36:52.369 [CE][Storage] ver:24 stamp:9178, valid:yes, name:"mpmissions\TheCommunity.enoch\storage_666\data\vehicles.002"
 4:36:52.369 [CE][Storage] Restoring file "mpmissions\TheCommunity.enoch\storage_666\data\vehicles.bin" 99 items.
 4:36:52.494   99 items loaded.
 4:36:52.494 [CE][Storage] ver:24 stamp:9181, valid:yes, name:"mpmissions\TheCommunity.enoch\storage_666\data\dynamic_000.bin"
 4:36:52.494 [CE][Storage] ver:24 stamp:9180, valid:yes, name:"mpmissions\TheCommunity.enoch\storage_666\data\dynamic_000.001"
 4:36:52.494 [CE][Storage] ver:24 stamp:9178, valid:yes, name:"mpmissions\TheCommunity.enoch\storage_666\data\dynamic_000.002"
 4:36:52.494 [CE][Storage] Restoring file "mpmissions\TheCommunity.enoch\storage_666\data\dynamic_000.bin" 336 items.
 4:36:52.760   336 items loaded.
 4:36:52.760 [CE][Storage] ver:24 stamp:9181, valid:yes, name:"mpmissions\TheCommunity.enoch\storage_666\data\dynamic_001.bin"
 4:36:52.776 [CE][Storage] ver:24 stamp:9180, valid:yes, name:"mpmissions\TheCommunity.enoch\storage_666\data\dynamic_001.001"
 4:36:52.776 [CE][Storage] ver:24 stamp:9178, valid:yes, name:"mpmissions\TheCommunity.enoch\storage_666\data\dynamic_001.002"
 4:36:52.776 [CE][Storage] Restoring file "mpmissions\TheCommunity.enoch\storage_666\data\dynamic_001.bin" 2236 items.
 4:36:53.635   2236 items loaded.
 4:36:53.635 [CE][Storage] ver:24 stamp:9181, valid:yes, name:"mpmissions\TheCommunity.enoch\storage_666\data\dynamic_002.bin"
 4:36:53.635 [CE][Storage] ver:24 stamp:9180, valid:yes, name:"mpmissions\TheCommunity.enoch\storage_666\data\dynamic_002.001"
 4:36:53.635 [CE][Storage] ver:24 stamp:9178, valid:yes, name:"mpmissions\TheCommunity.enoch\storage_666\data\dynamic_002.002"
 4:36:53.635 [CE][Storage] Restoring file "mpmissions\TheCommunity.enoch\storage_666\data\dynamic_002.bin" 659 items.
 4:36:53.838   659 items loaded.
 4:36:53.838 [CE][Storage] ver:24 stamp:9181, valid:yes, name:"mpmissions\TheCommunity.enoch\storage_666\data\dynamic_003.bin"
 4:36:53.838 [CE][Storage] ver:24 stamp:9180, valid:yes, name:"mpmissions\TheCommunity.enoch\storage_666\data\dynamic_003.001"
 4:36:53.854 [CE][Storage] ver:24 stamp:9178, valid:yes, name:"mpmissions\TheCommunity.enoch\storage_666\data\dynamic_003.002"
 4:36:53.854 [CE][Storage] Restoring file "mpmissions\TheCommunity.enoch\storage_666\data\dynamic_003.bin" 1206 items.
 4:36:54.244   1206 items loaded.
 4:36:54.244 [CE][Storage] ver:24 stamp:9181, valid:yes, name:"mpmissions\TheCommunity.enoch\storage_666\data\dynamic_004.bin"
 4:36:54.244 [CE][Storage] ver:24 stamp:9180, valid:yes, name:"mpmissions\TheCommunity.enoch\storage_666\data\dynamic_004.001"
 4:36:54.244 [CE][Storage] ver:24 stamp:9178, valid:yes, name:"mpmissions\TheCommunity.enoch\storage_666\data\dynamic_004.002"
 4:36:54.244 [CE][Storage] Restoring file "mpmissions\TheCommunity.enoch\storage_666\data\dynamic_004.bin" 1588 items.
 4:36:54.901   1588 items loaded.
 4:36:54.901 [CE][Storage] ver:24 stamp:9181, valid:yes, name:"mpmissions\TheCommunity.enoch\storage_666\data\dynamic_005.bin"
 4:36:54.901 [CE][Storage] ver:24 stamp:9180, valid:yes, name:"mpmissions\TheCommunity.enoch\storage_666\data\dynamic_005.001"
 4:36:54.901 [CE][Storage] ver:24 stamp:9178, valid:yes, name:"mpmissions\TheCommunity.enoch\storage_666\data\dynamic_005.002"
 4:36:54.901 [CE][Storage] Restoring file "mpmissions\TheCommunity.enoch\storage_666\data\dynamic_005.bin" 1976 items.
 4:36:55.666   1976 items loaded.
 4:36:55.666 [CE][Storage] ver:24 stamp:9181, valid:yes, name:"mpmissions\TheCommunity.enoch\storage_666\data\dynamic_006.bin"
 4:36:55.666 [CE][Storage] ver:24 stamp:9180, valid:yes, name:"mpmissions\TheCommunity.enoch\storage_666\data\dynamic_006.001"
 4:36:55.666 [CE][Storage] ver:24 stamp:9178, valid:yes, name:"mpmissions\TheCommunity.enoch\storage_666\data\dynamic_006.002"
 4:36:55.666 [CE][Storage] Restoring file "mpmissions\TheCommunity.enoch\storage_666\data\dynamic_006.bin" 1035 items.
 4:36:56.57   1035 items loaded.
 4:36:56.57 [CE][Storage] ver:24 stamp:9181, valid:yes, name:"mpmissions\TheCommunity.enoch\storage_666\data\dynamic_007.bin"
 4:36:56.57 [CE][Storage] ver:24 stamp:9180, valid:yes, name:"mpmissions\TheCommunity.enoch\storage_666\data\dynamic_007.001"
 4:36:56.57 [CE][Storage] ver:24 stamp:9178, valid:yes, name:"mpmissions\TheCommunity.enoch\storage_666\data\dynamic_007.002"
 4:36:56.57 [CE][Storage] Restoring file "mpmissions\TheCommunity.enoch\storage_666\data\dynamic_007.bin" 1343 items.
 4:36:56.557   1343 items loaded.
 4:36:56.557 [CE][Storage] ver:24 stamp:9181, valid:yes, name:"mpmissions\TheCommunity.enoch\storage_666\data\dynamic_008.bin"
 4:36:56.573 [CE][Storage] ver:24 stamp:9180, valid:yes, name:"mpmissions\TheCommunity.enoch\storage_666\data\dynamic_008.001"
 4:36:56.573 [CE][Storage] ver:24 stamp:9178, valid:yes, name:"mpmissions\TheCommunity.enoch\storage_666\data\dynamic_008.002"
 4:36:56.573 [CE][Storage] Restoring file "mpmissions\TheCommunity.enoch\storage_666\data\dynamic_008.bin" 1163 items.
 4:36:56.901   1163 items loaded.
 4:36:56.901 [CE][Storage] ver:24 stamp:9181, valid:yes, name:"mpmissions\TheCommunity.enoch\storage_666\data\dynamic_009.bin"
 4:36:56.901 [CE][Storage] ver:24 stamp:9180, valid:yes, name:"mpmissions\TheCommunity.enoch\storage_666\data\dynamic_009.001"
 4:36:56.901 [CE][Storage] ver:24 stamp:9178, valid:yes, name:"mpmissions\TheCommunity.enoch\storage_666\data\dynamic_009.002"
 4:36:56.901 [CE][Storage] Restoring file "mpmissions\TheCommunity.enoch\storage_666\data\dynamic_009.bin" 1108 items.
 4:36:57.276   1108 items loaded.
 4:36:57.276 [CE][Storage] ver:24 stamp:9181, valid:yes, name:"mpmissions\TheCommunity.enoch\storage_666\data\dynamic_010.bin"
 4:36:57.276 [CE][Storage] ver:24 stamp:9180, valid:yes, name:"mpmissions\TheCommunity.enoch\storage_666\data\dynamic_010.001"
 4:36:57.276 [CE][Storage] ver:24 stamp:9178, valid:yes, name:"mpmissions\TheCommunity.enoch\storage_666\data\dynamic_010.002"
 4:36:57.276 [CE][Storage] Restoring file "mpmissions\TheCommunity.enoch\storage_666\data\dynamic_010.bin" 2558 items.
 4:36:58.104   2558 items loaded.
 4:36:58.104 [CE][Storage] ver:24 stamp:9181, valid:yes, name:"mpmissions\TheCommunity.enoch\storage_666\data\dynamic_011.bin"
 4:36:58.104 [CE][Storage] ver:24 stamp:9180, valid:yes, name:"mpmissions\TheCommunity.enoch\storage_666\data\dynamic_011.001"
 4:36:58.104 [CE][Storage] ver:24 stamp:9178, valid:yes, name:"mpmissions\TheCommunity.enoch\storage_666\data\dynamic_011.002"
 4:36:58.104 [CE][Storage] Restoring file "mpmissions\TheCommunity.enoch\storage_666\data\dynamic_011.bin" 378 items.
 4:36:58.245   378 items loaded.
 4:36:58.276 [CE][Hive] :: Storage load took:5.91 seconds, recovery stamp:9181
 4:36:58.276   entity: 16039, building: 0
 4:36:58.276   no lifetime: 50
 4:36:58.276 [CE][Hive] :: Initializing ... 
 4:36:58.276 [CE][InitializeMap] :: initialized: 0
 4:36:58.276 [CE][Hive] :: Initializing spawners ... 
 4:37:00.57 [CE][LootRespawner] (PRIDummy) :: Item [0] causing search overtime: "MSFCGorkaPATACSFG"
 4:37:00.57 [CE][LootRespawner] (PRIDummy) :: Item [1] causing search overtime: "MSFCGorkaPATACSFG"
 4:37:00.57 [CE][LootRespawner] (PRIDummy) :: Item [2] causing search overtime: "MSFCGorkaPATACSFG"
 4:37:00.57 [CE][LootRespawner] (PRIDummy) :: Item [3] causing search overtime: "MSFCKryptekRaidPlatePouches"
 4:37:00.57 [CE][LootRespawner] (PRIDummy) :: Item [4] causing search overtime: "MSFCKryptekRaidPlatePouches"
 4:37:00.57 [CE][LootRespawner] (PRIDummy) :: Item [5] causing search overtime: "MSFCKryptekRaidPlatePouches"
 4:37:00.57 [CE][LootRespawner] (PRIDummy) :: Item [6] causing search overtime: "SWP_AWM_Mag"
 4:37:00.57 [CE][LootRespawner] (PRIDummy) :: Item [7] causing search overtime: "SWP_AWM_Mag"
 4:37:00.57 [CE][LootRespawner] (PRIDummy) :: Item [8] causing search overtime: "SWP_AWM_Mag"
 4:37:00.57 [CE][LootRespawner] (PRIDummy) :: Item [9] causing search overtime: "SWP_AWM_Mag"
 4:37:00.57 [CE][LootRespawner] (PRIDummy) :: Item [10] causing search overtime: "SWP_AWM_Mag"
 4:37:00.57 [CE][LootRespawner] (PRIDummy) :: Item [11] causing search overtime: "SWP_AWM_Mag"
 4:37:00.57 [CE][LootRespawner] (PRIDummy) :: Item [12] causing search overtime: "SWP_AWM_Mag"
 4:37:00.57 [CE][LootRespawner] (PRIDummy) :: Item [13] causing search overtime: "SWP_AWM_Mag"
 4:37:00.57 [CE][LootRespawner] (PRIDummy) :: Item [14] causing search overtime: "SWP_AWM_Mag"
 4:37:00.57 [CE][LootRespawner] (PRIDummy) :: Item [15] causing search overtime: "SWP_AWM_Mag"
 4:37:00.57 [CE][LootRespawner] (PRIDummy) :: Item [16] causing search overtime: "SWP_AWM_Mag"
 4:37:00.57 [CE][LootRespawner] (PRIDummy) :: Item [17] causing search overtime: "SWP_AWM_Mag"
 4:37:00.57 [CE][LootRespawner] (PRIDummy) :: Item [18] causing search overtime: "SWP_AWM_Mag"
 4:37:00.57 [CE][LootRespawner] (PRIDummy) :: Item [19] causing search overtime: "PlateCarrierVest"
 4:37:00.135 [CE][LootRespawner] (PRIDummy) :: Item [0] is hard to place, performance drops: "Bear_Pink"
 4:37:00.135 [CE][LootRespawner] (PRIDummy) :: Item [1] is hard to place, performance drops: "Snipe_Mask_black"
 4:37:00.151 [CE][LootRespawner] (PRIDummy) :: Item [2] is hard to place, performance drops: "Snipe_Mask_tan"
 4:37:00.260 [CE][LootRespawner] (PRIDummy) :: Item [3] is hard to place, performance drops: "BaseballCap_Beige"
 4:37:00.260 [CE][LootRespawner] (PRIDummy) :: Item [4] is hard to place, performance drops: "ShortJeans_Brown"
 4:37:00.292 [CE][LootRespawner] (PRIDummy) :: Item [5] is hard to place, performance drops: "FirefightersPants_Black"
 4:37:00.323 [CE][LootRespawner] (PRIDummy) :: Item [6] is hard to place, performance drops: "ShortJeans_Green"
 4:37:00.354 [CE][LootRespawner] (PRIDummy) :: Item [7] is hard to place, performance drops: "DisinfectantSpray"
 4:37:00.370 [CE][LootRespawner] (PRIDummy) :: Item [8] is hard to place, performance drops: "USMCPants_Woodland"
 4:37:00.370 [CE][LootRespawner] (PRIDummy) :: Item [9] is hard to place, performance drops: "TShirt_RedBlackStripes"
 4:37:00.370 [CE][LootRespawner] (PRIDummy) :: Item [10] is hard to place, performance drops: "Snipe_Mask_blood"
 4:37:00.370 [CE][LootRespawner] (PRIDummy) :: Item [11] is hard to place, performance drops: "Snipe_Mask_blood"
 4:37:00.432 [CE][LootRespawner] (PRIDummy) :: Item [12] is hard to place, performance drops: "Bear_White"
 4:37:00.542 [CE][LootRespawner] (PRIDummy) :: Item [13] is hard to place, performance drops: "ShortJeans_Black"
 4:37:00.542 [CE][LootRespawner] (PRIDummy) :: Item [14] is hard to place, performance drops: "ShortJeans_Black"
 4:37:00.620 [CE][LootRespawner] (PRIDummy) :: Item [15] is hard to place, performance drops: "BarbedWire"
 4:37:00.682 [CE][LootRespawner] (PRIDummy) :: Item [16] is hard to place, performance drops: "TacticalShirt_Grey"
 4:37:00.682 [CE][LootRespawner] (PRIDummy) :: Item [17] is hard to place, performance drops: "TacticalShirt_Grey"
 4:37:00.682 [CE][LootRespawner] (PRIDummy) :: Item [18] is hard to place, performance drops: "TacticalShirt_Grey"
 4:37:00.682 [CE][LootRespawner] (PRIDummy) :: Item [19] is hard to place, performance drops: "TacticalShirt_Grey"
 4:37:00.901 !!! [CE][Point] Removing 4162.038574, 9023.292969 from Land_Boat_Small3
 4:37:01.354 [CE][LootRespawner] (PRIDummy) :: Initially (re)spawned:864, Nominal:32677, Total in Map: 16599 at 1 (sec)
 4:37:01.354   tests:904, repeats:0 fails:40, overtime:12651
 4:37:01.354 [CE][DynEvent] :: 33 types
 4:37:01.354 [00] AmbientHen
 4:37:01.354   Primary Spawner: "Ambient", active: yes, repeat: 1
 4:37:01.354 [01] AnimalBear
 4:37:01.354   Primary Spawner: "Animal", active: yes, repeat: 1
 4:37:01.354 [02] AnimalCow
 4:37:01.354   Primary Spawner: "Animal", active: yes, repeat: 1
 4:37:01.354 [03] AnimalDeer
 4:37:01.354   Primary Spawner: "Animal", active: yes, repeat: 1
 4:37:01.354 [04] AnimalGoat
 4:37:01.354   Primary Spawner: "Animal", active: yes, repeat: 1
 4:37:01.354 [05] AnimalPig
 4:37:01.354   Primary Spawner: "Animal", active: yes, repeat: 1
 4:37:01.354 [06] AnimalRoeDeer
 4:37:01.354   Primary Spawner: "Animal", active: yes, repeat: 1
 4:37:01.354 [07] AnimalSheep
 4:37:01.354   Primary Spawner: "Animal", active: yes, repeat: 1
 4:37:01.354 [08] AnimalWildBoar
 4:37:01.354   Primary Spawner: "Animal", active: yes, repeat: 1
 4:37:01.354 [09] AnimalWolf
 4:37:01.354   Primary Spawner: "Animal", active: yes, repeat: 1
 4:37:01.354 [10] InfectedArmy
 4:37:01.354   Primary Spawner: "Infected", active: yes, repeat: 1
 4:37:01.354 [11] InfectedCity
 4:37:01.354   Primary Spawner: "Infected", active: yes, repeat: 1
 4:37:01.354 [12] InfectedFirefighter
 4:37:01.354   Primary Spawner: "Infected", active: yes, repeat: 1
 4:37:01.354 [13] InfectedIndustrial
 4:37:01.354   Primary Spawner: "Infected", active: yes, repeat: 1
 4:37:01.354 [14] InfectedMedic
 4:37:01.354   Primary Spawner: "Infected", active: yes, repeat: 1
 4:37:01.354 [15] InfectedPolice
 4:37:01.354   Primary Spawner: "Infected", active: yes, repeat: 1
 4:37:01.354 [16] InfectedPrisoner
 4:37:01.370   Primary Spawner: "Infected", active: yes, repeat: 1
 4:37:01.370 [17] InfectedReligious
 4:37:01.370   Primary Spawner: "Infected", active: yes, repeat: 1
 4:37:01.370 [18] InfectedSolitude
 4:37:01.370   Primary Spawner: "Infected", active: yes, repeat: 1
 4:37:01.370 [19] InfectedVillage
 4:37:01.370   Primary Spawner: "Infected", active: yes, repeat: 1
 4:37:01.370 [20] ItemPlanks
 4:37:01.370   Primary Spawner: "Item", active: yes, repeat: 1
 4:37:01.370 [21] Loot
 4:37:01.370   Primary Spawner: "Loot", active: yes, repeat: 2
 4:37:01.370 [22] StaticHeliCrash
 4:37:01.370   Primary Spawner: "Vehicle", active: yes, repeat: 1
 4:37:01.370   Secondary Spawner: "Infected", active: yes, repeat: 1
 4:37:01.370 [23] StaticPoliceCar
 4:37:01.370   Primary Spawner: "Vehicle", active: yes, repeat: 1
 4:37:01.370 [24] TrajectoryConiferous
 4:37:01.370   Primary Spawner: "Trajectory", active: yes, repeat: 1
 4:37:01.370 [25] TrajectoryDeciduous
 4:37:01.370   Primary Spawner: "Trajectory", active: yes, repeat: 1
 4:37:01.370 [26] TrajectoryHumus
 4:37:01.370   Primary Spawner: "Trajectory", active: yes, repeat: 1
 4:37:01.370 [27] TrajectoryStones
 4:37:01.370   Primary Spawner: "Trajectory", active: yes, repeat: 1
 4:37:01.370 [28] VehicleCivilianSedan
 4:37:01.370   Primary Spawner: "Vehicle", active: yes, repeat: 1
 4:37:01.370 [29] VehicleHatchback02
 4:37:01.370   Primary Spawner: "Vehicle", active: yes, repeat: 1
 4:37:01.370 [30] VehicleOffroadHatchback
 4:37:01.370   Primary Spawner: "Vehicle", active: yes, repeat: 1
 4:37:01.370 [31] VehicleSedan02
 4:37:01.370   Primary Spawner: "Vehicle", active: yes, repeat: 1
 4:37:01.370 [32] VehicleCrSk_Land_Rover_Defender_110
 4:37:01.370   Primary Spawner: "Vehicle", active: yes, repeat: 1
 4:37:01.370 [CE][Hive] :: Initializing of spawners done.
 4:37:01.370 [CE][Hive] :: Init sequence finished.
 4:37:01.370 Player connect enabled
 4:37:01.651 Average server FPS: 0.07 (measured interval: 30 s)
 4:37:01.651 Used memory: 1453323 KB
 4:37:01.651 Players: 0 in total
 4:37:31.653 Average server FPS: 1830.07 (measured interval: 30 s)
 4:37:31.653 Used memory: 1559276 KB
 4:37:31.653 Players: 0 in total
 4:38:01.654 Average server FPS: 2757.50 (measured interval: 30 s)
 4:38:01.654 Used memory: 1576671 KB
 4:38:01.654 Players: 0 in total
 4:38:31.843 Average server FPS: 2821.23 (measured interval: 30 s)
 4:38:31.843 Used memory: 1589450 KB
 4:38:31.843 Players: 0 in total
 4:39:01.954 Average server FPS: 2762.32 (measured interval: 30 s)
 4:39:01.954 Used memory: 1596211 KB