

=====================================================================
== D:\DayZServers\TheCommunity_enochTest\DayZTestServer_x64.exe
== "D:\DayZServers\TheCommunity_enochTest\DayZTestServer_x64.exe"  -port=2442 "-mod=@CF;@Community-Online-Tools;@BuildAnywhere;@BaseBuildingLogs;@Trader;@BaseBuildingPlus;@Durable_Suppressors;@VPPMap;@Ear-Plugs;@Catch_Rain;@DayZ-Expansion-Notifications;@DayZ-Expansion-Chat;@No_Shoe_Damage;@Airdrop-Upgraded;@Ammo_Making;@Banking;@BuilderItems;@Camosplus;@CannabisPlus;@CheckIdentity;@Code_Lock;@Dayz_Navigation;@FIDOv4;@FlipTransport;@GoreZ;@IRP;@KillFeed;@NoVehicleDamage;@PartyMe;@Modular_Vest_System;@MuchStuffPack;@SWP;@BreachingCharge;@BBPBreachCharge;@MunghardsItempack;@NDVPPM;@Next_Days;@Notes;@SQUAD_MSF-C;@Zeroy-FishingZ;@OP_BaseItems;@Base_Storage;@SIX-DayZ-Auto-Run;" -config=D:\DayZServers\TheCommunity_enochTest\TheCommunityDZTest.cfg -profiles=TheCommunityServer -BEPath=D:\DayZServers\TheCommunity_enochTest\battleye -filePatching -adminlog -netlog -freezecheck -scrAllowFileWrite
=====================================================================
Exe timestamp: 2020/04/26 15:56:05
Current time:  2020/04/27 02:49:00

Version 1.07.153006
 2:49:00.830 [Inputs] Loading inputs default "bin/constants.xml"
 2:49:00.830 [Inputs] Loading inputs default "bin/specific.xml"
 2:49:00.830 !!! [Inputs] Invalid input name used "UAUIInspectItem" for context "ui" in "bin/specific.xml"
 2:49:00.830 !!! [Inputs] Attempt to register duplicate Modded-Inputs file "VanillaPPMap/data/modded_Inputs.xml"
 2:49:00.830 [Inputs] Loading inputs default "EarPlugs\data\inputs.xml"
 2:49:00.830 [Inputs] Loading inputs default "JM/COT/scripts/Data/Inputs.xml"
 2:49:00.830 [Inputs] Loading inputs default "KillFeed/inputs/Inputs.xml"
 2:49:00.830 [Inputs] Loading inputs default "partyme/scripts/partyme_inputs.xml"
 2:49:00.830 [Inputs] Loading inputs default "VanillaPPMap/data/modded_Inputs.xml"
 2:49:00.830 [Inputs] Loading inputs default "NextDays/data/NextDays_Inputs.xml"
 2:49:00.830 [Inputs] Loading inputs default "A3_UI_F/Scripts/Inputs.xml"
 2:49:00.830 [Inputs] Loading inputs default "BaseBuildingPlus/Scripts/Data/Inputs.xml"
 2:49:00.830 [Inputs] Loading inputs default "VanillaPPMap/data/modded_Inputs.xml"
 2:49:00.830 !!! [Inputs] Attempt to register duplicate input "UAOpenVPPMap"
 2:49:00.830 !!! [Inputs] Attempt to register duplicate input "UAToggleVPPMap3DMarkers"
 2:49:00.830 [Inputs] Loading inputs cfg "TheCommunityServer\Users\Survivor\Server.core.xml"
 2:49:00.846 [Inputs] Exporting inputs cfg "TheCommunityServer\Users\Survivor\Server.core.xml"
 2:49:01.221 !!! [Inputs] Attempt to register "PMHideShowTrackers" input twice
 2:49:48.161 [CE][Hive] :: Initializing OFFLINE
 2:49:48.161 [CE][Hive] :: Loading core data ... 
 2:49:48.161 [CE][CoreData] :: 7 root classes, 19 defaults, 0 updaters...
 2:49:54.286 [CE][RegisterBind] :: 0 classes binded...
 2:49:54.286 [CE][RegisterConfig] :: 10046 config classes registered, 0 sub-counters...
 2:49:54.286 [CE][Hive] :: Loading map data ... 
 2:49:54.333 !!! [CE] :: Unknown category: 'vehicleparts'.
 2:49:54.333 [CE][LoadPrototype] :: loaded 330 prototypes
 2:49:54.333   702 containers, 9116 points
 2:49:54.333   24 dispatches, 90 proxies
 2:49:54.333 !!! [CE][LoadPrototype] 12 groups have no points...
 2:49:54.333 !!![CE][LoadPrototype]  3 groups have wrong points...
 2:49:54.333 [CE][LoadPrototype] :: last group name: Land_Lunapark_Autodrome...
 2:49:54.333 [CE][LoadPrototype] :: loaded 0 prototypes
 2:49:54.333   0 containers, 0 points
 2:49:54.333   0 dispatches, 0 proxies
 2:49:54.333 [CE][LoadPrototype] :: last group name: PathD_7100...
 2:49:54.630 [CE][LoadMap] "Group" :: loaded 5086 groups, largest group range: 26.9
 2:49:54.646 [CE][LoadMap] "Dirt" :: loaded 0 groups, largest group range: 26.9
 2:49:54.739 [CE][Links] found 354 total links between groups, of 5086
 2:49:54.739 [CE][LoadClusters] "Cluster" :: Loading files...
 2:49:54.942 [CE][LoadClusters] :: file: "mapgroupcluster.xml", 4 types, 50000 instances
 2:49:55.161 [CE][LoadClusters] :: file: "mapgroupcluster01", 4 types, 50000 instances
 2:49:55.380 [CE][LoadClusters] :: file: "mapgroupcluster02", 4 types, 50000 instances
 2:49:55.583 [CE][LoadClusters] :: file: "mapgroupcluster03", 4 types, 50000 instances
 2:49:55.692 [CE][LoadClusters] :: file: "mapgroupcluster04", 4 types, 21297 instances
 2:49:55.692 [CE][Storage] ver:21 stamp:1018, valid:yes, name:"mpmissions\TheCommunity.enoch\storage_666\data\types.bin"
 2:49:55.692 [CE][Storage] ver:21 stamp:1017, valid:yes, name:"mpmissions\TheCommunity.enoch\storage_666\data\types.001"
 2:49:55.692 [CE][Storage] ver:21 stamp:1018, valid:yes, name:"mpmissions\TheCommunity.enoch\storage_666\data\types.002"
 2:49:55.692 [CE][Storage] Restoring file "mpmissions\TheCommunity.enoch\storage_666\data\types.bin".
 2:49:55.911 [CE][offlineDB] :: Loaded 33 dynamic events 215 total types 0 total positions.
 2:49:55.958 [CE][Storage] ver:21 stamp:1018, valid:yes, name:"mpmissions\TheCommunity.enoch\storage_666\data\events.bin"
 2:49:55.958 [CE][Storage] ver:21 stamp:1017, valid:yes, name:"mpmissions\TheCommunity.enoch\storage_666\data\events.001"
 2:49:55.958 [CE][Storage] ver:21 stamp:1018, valid:yes, name:"mpmissions\TheCommunity.enoch\storage_666\data\events.002"
 2:49:55.958 [CE][Storage] Restoring file "mpmissions\TheCommunity.enoch\storage_666\data\events.bin".
 2:49:55.958 [CE][DynamicEvent] Load  Events:[33] Primary spawners: 33 Secondary spawners: 1
 2:49:55.958 [CE][Storage] ver:24 stamp:1018, valid:yes, name:"mpmissions\TheCommunity.enoch\storage_666\data\vehicles.bin"
 2:49:55.958 [CE][Storage] ver:24 stamp:1017, valid:yes, name:"mpmissions\TheCommunity.enoch\storage_666\data\vehicles.001"
 2:49:55.958 [CE][Storage] ver:24 stamp:1018, valid:yes, name:"mpmissions\TheCommunity.enoch\storage_666\data\vehicles.002"
 2:49:55.958 [CE][Storage] Restoring file "mpmissions\TheCommunity.enoch\storage_666\data\vehicles.bin" 93 items.
 2:49:56.67   93 items loaded.
 2:49:56.67 [CE][Storage] ver:24 stamp:1018, valid:yes, name:"mpmissions\TheCommunity.enoch\storage_666\data\dynamic_000.bin"
 2:49:56.67 [CE][Storage] ver:24 stamp:1017, valid:yes, name:"mpmissions\TheCommunity.enoch\storage_666\data\dynamic_000.001"
 2:49:56.67 [CE][Storage] ver:24 stamp:1018, valid:yes, name:"mpmissions\TheCommunity.enoch\storage_666\data\dynamic_000.002"
 2:49:56.67 [CE][Storage] Restoring file "mpmissions\TheCommunity.enoch\storage_666\data\dynamic_000.bin" 343 items.
 2:49:56.302   343 items loaded.
 2:49:56.302 [CE][Storage] ver:24 stamp:1018, valid:yes, name:"mpmissions\TheCommunity.enoch\storage_666\data\dynamic_001.bin"
 2:49:56.302 [CE][Storage] ver:24 stamp:1017, valid:yes, name:"mpmissions\TheCommunity.enoch\storage_666\data\dynamic_001.001"
 2:49:56.317 [CE][Storage] ver:24 stamp:1018, valid:yes, name:"mpmissions\TheCommunity.enoch\storage_666\data\dynamic_001.002"
 2:49:56.317 [CE][Storage] Restoring file "mpmissions\TheCommunity.enoch\storage_666\data\dynamic_001.bin" 2337 items.
 2:49:57.99   2337 items loaded.
 2:49:57.99 [CE][Storage] ver:24 stamp:1018, valid:yes, name:"mpmissions\TheCommunity.enoch\storage_666\data\dynamic_002.bin"
 2:49:57.99 [CE][Storage] ver:24 stamp:1017, valid:yes, name:"mpmissions\TheCommunity.enoch\storage_666\data\dynamic_002.001"
 2:49:57.99 [CE][Storage] ver:24 stamp:1018, valid:yes, name:"mpmissions\TheCommunity.enoch\storage_666\data\dynamic_002.002"
 2:49:57.99 [CE][Storage] Restoring file "mpmissions\TheCommunity.enoch\storage_666\data\dynamic_002.bin" 616 items.
 2:49:57.318   616 items loaded.
 2:49:57.318 [CE][Storage] ver:24 stamp:1018, valid:yes, name:"mpmissions\TheCommunity.enoch\storage_666\data\dynamic_003.bin"
 2:49:57.318 [CE][Storage] ver:24 stamp:1017, valid:yes, name:"mpmissions\TheCommunity.enoch\storage_666\data\dynamic_003.001"
 2:49:57.318 [CE][Storage] ver:24 stamp:1018, valid:yes, name:"mpmissions\TheCommunity.enoch\storage_666\data\dynamic_003.002"
 2:49:57.318 [CE][Storage] Restoring file "mpmissions\TheCommunity.enoch\storage_666\data\dynamic_003.bin" 1196 items.
 2:49:57.677   1196 items loaded.
 2:49:57.677 [CE][Storage] ver:24 stamp:1018, valid:yes, name:"mpmissions\TheCommunity.enoch\storage_666\data\dynamic_004.bin"
 2:49:57.677 [CE][Storage] ver:24 stamp:1017, valid:yes, name:"mpmissions\TheCommunity.enoch\storage_666\data\dynamic_004.001"
 2:49:57.677 [CE][Storage] ver:24 stamp:1018, valid:yes, name:"mpmissions\TheCommunity.enoch\storage_666\data\dynamic_004.002"
 2:49:57.677 [CE][Storage] Restoring file "mpmissions\TheCommunity.enoch\storage_666\data\dynamic_004.bin" 1523 items.
 2:49:58.271   1523 items loaded.
 2:49:58.271 [CE][Storage] ver:24 stamp:1018, valid:yes, name:"mpmissions\TheCommunity.enoch\storage_666\data\dynamic_005.bin"
 2:49:58.271 [CE][Storage] ver:24 stamp:1017, valid:yes, name:"mpmissions\TheCommunity.enoch\storage_666\data\dynamic_005.001"
 2:49:58.271 [CE][Storage] ver:24 stamp:1018, valid:yes, name:"mpmissions\TheCommunity.enoch\storage_666\data\dynamic_005.002"
 2:49:58.271 [CE][Storage] Restoring file "mpmissions\TheCommunity.enoch\storage_666\data\dynamic_005.bin" 1964 items.
 2:49:58.911   1964 items loaded.
 2:49:58.911 [CE][Storage] ver:24 stamp:1018, valid:yes, name:"mpmissions\TheCommunity.enoch\storage_666\data\dynamic_006.bin"
 2:49:58.911 [CE][Storage] ver:24 stamp:1017, valid:yes, name:"mpmissions\TheCommunity.enoch\storage_666\data\dynamic_006.001"
 2:49:58.911 [CE][Storage] ver:24 stamp:1018, valid:yes, name:"mpmissions\TheCommunity.enoch\storage_666\data\dynamic_006.002"
 2:49:58.911 [CE][Storage] Restoring file "mpmissions\TheCommunity.enoch\storage_666\data\dynamic_006.bin" 1032 items.
 2:49:59.271   1032 items loaded.
 2:49:59.271 [CE][Storage] ver:24 stamp:1018, valid:yes, name:"mpmissions\TheCommunity.enoch\storage_666\data\dynamic_007.bin"
 2:49:59.271 [CE][Storage] ver:24 stamp:1017, valid:yes, name:"mpmissions\TheCommunity.enoch\storage_666\data\dynamic_007.001"
 2:49:59.271 [CE][Storage] ver:24 stamp:1018, valid:yes, name:"mpmissions\TheCommunity.enoch\storage_666\data\dynamic_007.002"
 2:49:59.271 [CE][Storage] Restoring file "mpmissions\TheCommunity.enoch\storage_666\data\dynamic_007.bin" 1332 items.
 2:49:59.740   1332 items loaded.
 2:49:59.740 [CE][Storage] ver:24 stamp:1018, valid:yes, name:"mpmissions\TheCommunity.enoch\storage_666\data\dynamic_008.bin"
 2:49:59.740 [CE][Storage] ver:24 stamp:1017, valid:yes, name:"mpmissions\TheCommunity.enoch\storage_666\data\dynamic_008.001"
 2:49:59.740 [CE][Storage] ver:24 stamp:1018, valid:yes, name:"mpmissions\TheCommunity.enoch\storage_666\data\dynamic_008.002"
 2:49:59.740 [CE][Storage] Restoring file "mpmissions\TheCommunity.enoch\storage_666\data\dynamic_008.bin" 1125 items.
 2:50:00.68   1125 items loaded.
 2:50:00.68 [CE][Storage] ver:24 stamp:1018, valid:yes, name:"mpmissions\TheCommunity.enoch\storage_666\data\dynamic_009.bin"
 2:50:00.68 [CE][Storage] ver:24 stamp:1017, valid:yes, name:"mpmissions\TheCommunity.enoch\storage_666\data\dynamic_009.001"
 2:50:00.68 [CE][Storage] ver:24 stamp:1018, valid:yes, name:"mpmissions\TheCommunity.enoch\storage_666\data\dynamic_009.002"
 2:50:00.68 [CE][Storage] Restoring file "mpmissions\TheCommunity.enoch\storage_666\data\dynamic_009.bin" 1069 items.
 2:50:00.396   1069 items loaded.
 2:50:00.396 [CE][Storage] ver:24 stamp:1018, valid:yes, name:"mpmissions\TheCommunity.enoch\storage_666\data\dynamic_010.bin"
 2:50:00.396 [CE][Storage] ver:24 stamp:1017, valid:yes, name:"mpmissions\TheCommunity.enoch\storage_666\data\dynamic_010.001"
 2:50:00.396 [CE][Storage] ver:24 stamp:1018, valid:yes, name:"mpmissions\TheCommunity.enoch\storage_666\data\dynamic_010.002"
 2:50:00.396 [CE][Storage] Restoring file "mpmissions\TheCommunity.enoch\storage_666\data\dynamic_010.bin" 2585 items.
 2:50:01.130   2585 items loaded.
 2:50:01.130 [CE][Storage] ver:24 stamp:1018, valid:yes, name:"mpmissions\TheCommunity.enoch\storage_666\data\dynamic_011.bin"
 2:50:01.130 [CE][Storage] ver:24 stamp:1017, valid:yes, name:"mpmissions\TheCommunity.enoch\storage_666\data\dynamic_011.001"
 2:50:01.130 [CE][Storage] ver:24 stamp:1018, valid:yes, name:"mpmissions\TheCommunity.enoch\storage_666\data\dynamic_011.002"
 2:50:01.130 [CE][Storage] Restoring file "mpmissions\TheCommunity.enoch\storage_666\data\dynamic_011.bin" 360 items.
 2:50:01.224   360 items loaded.
 2:50:01.255 [CE][Hive] :: Storage load took:5.30 seconds, recovery stamp:1018
 2:50:01.255   entity: 15788, building: 0
 2:50:01.255   no lifetime: 57
 2:50:01.255 [CE][Hive] :: Initializing ... 
 2:50:01.271 [CE][InitializeMap] :: initialized: 0
 2:50:01.271 [CE][Hive] :: Initializing spawners ... 
 2:50:03.37 [CE][LootRespawner] (PRIDummy) :: Item [0] causing search overtime: "PlateCarrierVest"
 2:50:03.37 [CE][LootRespawner] (PRIDummy) :: Item [1] causing search overtime: "PlateCarrierVest"
 2:50:03.37 [CE][LootRespawner] (PRIDummy) :: Item [2] causing search overtime: "PlateCarrierVest"
 2:50:03.37 [CE][LootRespawner] (PRIDummy) :: Item [3] causing search overtime: "PlateCarrierVest"
 2:50:03.37 [CE][LootRespawner] (PRIDummy) :: Item [4] causing search overtime: "PlateCarrierVest"
 2:50:03.37 [CE][LootRespawner] (PRIDummy) :: Item [5] causing search overtime: "PlateCarrierVest"
 2:50:03.37 [CE][LootRespawner] (PRIDummy) :: Item [6] causing search overtime: "PlateCarrierVest"
 2:50:03.37 [CE][LootRespawner] (PRIDummy) :: Item [7] causing search overtime: "PlateCarrierVest"
 2:50:03.37 [CE][LootRespawner] (PRIDummy) :: Item [8] causing search overtime: "PlateCarrierVest"
 2:50:03.37 [CE][LootRespawner] (PRIDummy) :: Item [9] causing search overtime: "PlateCarrierVest"
 2:50:03.37 [CE][LootRespawner] (PRIDummy) :: Item [10] causing search overtime: "PlateCarrierVest"
 2:50:03.37 [CE][LootRespawner] (PRIDummy) :: Item [11] causing search overtime: "PlateCarrierVest"
 2:50:03.37 [CE][LootRespawner] (PRIDummy) :: Item [12] causing search overtime: "PlateCarrierVest"
 2:50:03.37 [CE][LootRespawner] (PRIDummy) :: Item [13] causing search overtime: "PlateCarrierVest"
 2:50:03.37 [CE][LootRespawner] (PRIDummy) :: Item [14] causing search overtime: "PlateCarrierVest"
 2:50:03.37 [CE][LootRespawner] (PRIDummy) :: Item [15] causing search overtime: "PlateCarrierVest"
 2:50:03.37 [CE][LootRespawner] (PRIDummy) :: Item [16] causing search overtime: "PlateCarrierVest"
 2:50:03.37 [CE][LootRespawner] (PRIDummy) :: Item [17] causing search overtime: "PlateCarrierVest"
 2:50:03.37 [CE][LootRespawner] (PRIDummy) :: Item [18] causing search overtime: "Epinephrine"
 2:50:03.37 [CE][LootRespawner] (PRIDummy) :: Item [19] causing search overtime: "Epinephrine"
 2:50:03.52 [CE][LootRespawner] (PRIDummy) :: Item [0] is hard to place, performance drops: "M4A1_Tigerstripe"
 2:50:03.115 [CE][LootRespawner] (PRIDummy) :: Item [1] is hard to place, performance drops: "Bear_Pink"
 2:50:03.240 [CE][LootRespawner] (PRIDummy) :: Item [2] is hard to place, performance drops: "ShortJeans_Brown"
 2:50:03.302 [CE][LootRespawner] (PRIDummy) :: Item [3] is hard to place, performance drops: "PKM_MASK"
 2:50:03.333 [CE][LootRespawner] (PRIDummy) :: Item [4] is hard to place, performance drops: "PressVest_Blue"
 2:50:03.349 [CE][LootRespawner] (PRIDummy) :: Item [5] is hard to place, performance drops: "SlacksPants_Black"
 2:50:03.365 [CE][LootRespawner] (PRIDummy) :: Item [6] is hard to place, performance drops: "DisinfectantSpray"
 2:50:03.380 [CE][LootRespawner] (PRIDummy) :: Item [7] is hard to place, performance drops: "Snipe_Mask_blood"
 2:50:03.458 [CE][LootRespawner] (PRIDummy) :: Item [8] is hard to place, performance drops: "FishingRod"
 2:50:03.458 [CE][LootRespawner] (PRIDummy) :: Item [9] is hard to place, performance drops: "FishingRod"
 2:50:03.583 [CE][LootRespawner] (PRIDummy) :: Item [10] is hard to place, performance drops: "BaseballCap_Blue"
 2:50:03.708 [CE][LootRespawner] (PRIDummy) :: Item [11] is hard to place, performance drops: "Snipe_Mask_Jeans"
 2:50:03.708 [CE][LootRespawner] (PRIDummy) :: Item [12] is hard to place, performance drops: "Snipe_Mask_Jeans"
 2:50:03.771 !!! [CE][Point] Removing 12410.351563, 4658.059570 from Land_Boat_Small2
 2:50:03.771 [CE][LootRespawner] (PRIDummy) :: Item [13] is hard to place, performance drops: "SpaghettiCan"
 2:50:03.818 [CE][LootRespawner] (PRIDummy) :: Item [14] is hard to place, performance drops: "Bear_Beige"
 2:50:03.818 [CE][LootRespawner] (PRIDummy) :: Item [15] is hard to place, performance drops: "Ushanka_Black"
 2:50:03.927 [CE][LootRespawner] (PRIDummy) :: Item [16] is hard to place, performance drops: "Flashlight"
 2:50:03.927 [CE][LootRespawner] (PRIDummy) :: Item [17] is hard to place, performance drops: "Flashlight"
 2:50:03.943 [CE][LootRespawner] (PRIDummy) :: Item [18] is hard to place, performance drops: "Flashlight"
 2:50:03.943 [CE][LootRespawner] (PRIDummy) :: Item [19] is hard to place, performance drops: "Flashlight"
 2:50:04.333 [CE][LootRespawner] (PRIDummy) :: Initially (re)spawned:1340, Nominal:32677, Total in Map: 16969 at 1 (sec)
 2:50:04.333   tests:1373, repeats:0 fails:33, overtime:12810
 2:50:04.333 [CE][DynEvent] :: 33 types
 2:50:04.333 [00] AmbientHen
 2:50:04.333   Primary Spawner: "Ambient", active: yes, repeat: 1
 2:50:04.333 [01] AnimalBear
 2:50:04.333   Primary Spawner: "Animal", active: yes, repeat: 1
 2:50:04.333 [02] AnimalCow
 2:50:04.333   Primary Spawner: "Animal", active: yes, repeat: 1
 2:50:04.333 [03] AnimalDeer
 2:50:04.333   Primary Spawner: "Animal", active: yes, repeat: 1
 2:50:04.333 [04] AnimalGoat
 2:50:04.333   Primary Spawner: "Animal", active: yes, repeat: 1
 2:50:04.333 [05] AnimalPig
 2:50:04.333   Primary Spawner: "Animal", active: yes, repeat: 1
 2:50:04.333 [06] AnimalRoeDeer
 2:50:04.333   Primary Spawner: "Animal", active: yes, repeat: 1
 2:50:04.333 [07] AnimalSheep
 2:50:04.333   Primary Spawner: "Animal", active: yes, repeat: 1
 2:50:04.333 [08] AnimalWildBoar
 2:50:04.333   Primary Spawner: "Animal", active: yes, repeat: 1
 2:50:04.333 [09] AnimalWolf
 2:50:04.333   Primary Spawner: "Animal", active: yes, repeat: 1
 2:50:04.333 [10] InfectedArmy
 2:50:04.333   Primary Spawner: "Infected", active: yes, repeat: 1
 2:50:04.333 [11] InfectedCity
 2:50:04.333   Primary Spawner: "Infected", active: yes, repeat: 1
 2:50:04.333 [12] InfectedFirefighter
 2:50:04.333   Primary Spawner: "Infected", active: yes, repeat: 1
 2:50:04.333 [13] InfectedIndustrial
 2:50:04.333   Primary Spawner: "Infected", active: yes, repeat: 1
 2:50:04.333 [14] InfectedMedic
 2:50:04.333   Primary Spawner: "Infected", active: yes, repeat: 1
 2:50:04.333 [15] InfectedPolice
 2:50:04.333   Primary Spawner: "Infected", active: yes, repeat: 1
 2:50:04.333 [16] InfectedPrisoner
 2:50:04.333   Primary Spawner: "Infected", active: yes, repeat: 1
 2:50:04.333 [17] InfectedReligious
 2:50:04.333   Primary Spawner: "Infected", active: yes, repeat: 1
 2:50:04.333 [18] InfectedSolitude
 2:50:04.333   Primary Spawner: "Infected", active: yes, repeat: 1
 2:50:04.333 [19] InfectedVillage
 2:50:04.333   Primary Spawner: "Infected", active: yes, repeat: 1
 2:50:04.333 [20] ItemPlanks
 2:50:04.333   Primary Spawner: "Item", active: yes, repeat: 1
 2:50:04.333 [21] Loot
 2:50:04.333   Primary Spawner: "Loot", active: yes, repeat: 2
 2:50:04.333 [22] StaticHeliCrash
 2:50:04.333   Primary Spawner: "Vehicle", active: yes, repeat: 1
 2:50:04.333   Secondary Spawner: "Infected", active: yes, repeat: 1
 2:50:04.333 [23] StaticPoliceCar
 2:50:04.333   Primary Spawner: "Vehicle", active: yes, repeat: 1
 2:50:04.333 [24] TrajectoryConiferous
 2:50:04.333   Primary Spawner: "Trajectory", active: yes, repeat: 1
 2:50:04.333 [25] TrajectoryDeciduous
 2:50:04.333   Primary Spawner: "Trajectory", active: yes, repeat: 1
 2:50:04.333 [26] TrajectoryHumus
 2:50:04.333   Primary Spawner: "Trajectory", active: yes, repeat: 1
 2:50:04.333 [27] TrajectoryStones
 2:50:04.333   Primary Spawner: "Trajectory", active: yes, repeat: 1
 2:50:04.333 [28] VehicleCivilianSedan
 2:50:04.333   Primary Spawner: "Vehicle", active: yes, repeat: 1
 2:50:04.333 [29] VehicleHatchback02
 2:50:04.333   Primary Spawner: "Vehicle", active: yes, repeat: 1
 2:50:04.333 [30] VehicleOffroadHatchback
 2:50:04.333   Primary Spawner: "Vehicle", active: yes, repeat: 1
 2:50:04.333 [31] VehicleSedan02
 2:50:04.333   Primary Spawner: "Vehicle", active: yes, repeat: 1
 2:50:04.333 [32] VehicleCrSk_Land_Rover_Defender_110
 2:50:04.333   Primary Spawner: "Vehicle", active: yes, repeat: 1
 2:50:04.333 [CE][Hive] :: Initializing of spawners done.
 2:50:04.333 [CE][Hive] :: Init sequence finished.
 2:50:04.333 Player connect enabled
 2:50:04.646 Average server FPS: 0.07 (measured interval: 30 s)
 2:50:04.646 Used memory: 1457797 KB
 2:50:04.646 Players: 0 in total
 2:50:34.632 Average server FPS: 2357.87 (measured interval: 30 s)
 2:50:34.632 Used memory: 1562545 KB
 2:50:34.632 Players: 0 in total
 2:51:04.633 Average server FPS: 3484.07 (measured interval: 30 s)
 2:51:04.633 Used memory: 1578236 KB
 2:51:04.633 Players: 0 in total
 2:51:34.791 Average server FPS: 3369.63 (measured interval: 30 s)
 2:51:34.791 Used memory: 1596124 KB
 2:51:34.791 Players: 0 in total
 2:52:04.777 Average server FPS: 2777.07 (measured interval: 30 s)
 2:52:04.777 Used memory: 1600610 KB
 2:52:04.777 Players: 0 in total
 2:52:34.779 Average server FPS: 3355.23 (measured interval: 30 s)
 2:52:34.779 Used memory: 1607387 KB
 2:52:34.779 Players: 0 in total
 2:53:04.780 Average server FPS: 3736.73 (measured interval: 30 s)
 2:53:04.780 Used memory: 1610744 KB
 2:53:04.780 Players: 0 in total
 2:53:34.797 Average server FPS: 3767.59 (measured interval: 30 s)
 2:53:34.797 Used memory: 1613924 KB
 2:53:34.797 Players: 0 in total
 2:54:04.799 Average server FPS: 3662.48 (measured interval: 30 s)
 2:54:04.799 Used memory: 1617820 KB
 2:54:04.799 Players: 0 in total
 2:54:34.800 Average server FPS: 3674.37 (measured interval: 30 s)
 2:54:34.800 Used memory: 1622265 KB
 2:54:34.800 Players: 0 in total
 2:55:04.817 Average server FPS: 3751.15 (measured interval: 30 s)
 2:55:04.817 Used memory: 1628248 KB
 2:55:04.817 Players: 0 in total
 2:55:34.959 Average server FPS: 3543.66 (measured interval: 30 s)
 2:55:34.959 Used memory: 1634227 KB
 2:55:34.959 Players: 0 in total
 2:56:04.945 Average server FPS: 3502.23 (measured interval: 30 s)
 2:56:04.945 Used memory: 1642024 KB
 2:56:04.945 Players: 0 in total
 2:56:34.947 Average server FPS: 3668.23 (measured interval: 30 s)
 2:56:34.947 Used memory: 1647072 KB
 2:56:34.947 Players: 0 in total
 2:57:05.89 Average server FPS: 3598.93 (measured interval: 30 s)
 2:57:05.89 Used memory: 1652573 KB
 2:57:05.89 Players: 0 in total
 2:57:35.200 Average server FPS: 3693.08 (measured interval: 30 s)
 2:57:35.200 Used memory: 1657297 KB
 2:57:35.200 Players: 0 in total
 2:58:05.186 Average server FPS: 3758.67 (measured interval: 30 s)
 2:58:05.186 Used memory: 1659243 KB
 2:58:05.186 Players: 0 in total
 2:58:35.250 Average server FPS: 3728.85 (measured interval: 30 s)
 2:58:35.250 Used memory: 1669248 KB
 2:58:35.250 Players: 0 in total
 2:59:05.251 Average server FPS: 3767.45 (measured interval: 30 s)
 2:59:05.251 Used memory: 1675760 KB
 2:59:05.251 Players: 0 in total
 2:59:35.378 Average server FPS: 3751.10 (measured interval: 30 s)
 2:59:35.378 Used memory: 1679530 KB
 2:59:35.378 Players: 0 in total
 3:00:05.364 Average server FPS: 3551.90 (measured interval: 30 s)
 3:00:05.364 Used memory: 1686594 KB
 3:00:05.364 Players: 0 in total
 3:00:35.490 Average server FPS: 3604.52 (measured interval: 30 s)
 3:00:35.490 Used memory: 1689976 KB
 3:00:35.490 Players: 0 in total
 3:01:05.632 Average server FPS: 3560.27 (measured interval: 30 s)
 3:01:05.632 Used memory: 1694601 KB
 3:01:05.632 Players: 0 in total
 3:01:35.696 Average server FPS: 3462.70 (measured interval: 30 s)
 3:01:35.696 Used memory: 1699920 KB
 3:01:35.696 Players: 0 in total
 3:02:05.682 Average server FPS: 3336.40 (measured interval: 30 s)
 3:02:05.682 Used memory: 1705402 KB
 3:02:05.682 Players: 0 in total
 3:02:35.684 Average server FPS: 3352.63 (measured interval: 30 s)
 3:02:35.684 Used memory: 1710377 KB
 3:02:35.684 Players: 0 in total
 3:03:05.685 Average server FPS: 3418.85 (measured interval: 30 s)
 3:03:05.685 Used memory: 1712725 KB
 3:03:05.685 Players: 0 in total
 3:03:35.687 Average server FPS: 3413.47 (measured interval: 30 s)
 3:03:35.687 Used memory: 1715341 KB
 3:03:35.687 Players: 0 in total
 3:04:05.688 Average server FPS: 3470.65 (measured interval: 30 s)
 3:04:05.688 Used memory: 1720740 KB
 3:04:05.688 Players: 0 in total
 3:04:35.690 Average server FPS: 4032.50 (measured interval: 30 s)
 3:04:35.690 Used memory: 1723667 KB
 3:04:35.690 Players: 0 in total
 3:05:05.691 Average server FPS: 7107.37 (measured interval: 30 s)
 3:05:05.691 Used memory: 1724527 KB
 3:05:05.691 Players: 0 in total
 3:05:35.693 Average server FPS: 8128.37 (measured interval: 30 s)
 3:05:35.693 Used memory: 1724628 KB
 3:05:35.693 Players: 0 in total
 3:06:05.694 Average server FPS: 8035.77 (measured interval: 30 s)
 3:06:05.694 Used memory: 1724815 KB
 3:06:05.694 Players: 0 in total
 3:06:35.696 Average server FPS: 6933.23 (measured interval: 30 s)
 3:06:35.696 Used memory: 1725856 KB
 3:06:35.696 Players: 0 in total
 3:07:05.697 Average server FPS: 7225.73 (measured interval: 30 s)
 3:07:05.697 Used memory: 1725800 KB
 3:07:05.697 Players: 0 in total
 3:07:35.699 Average server FPS: 8069.17 (measured interval: 30 s)
 3:07:35.699 Used memory: 1725947 KB
 3:07:35.699 Players: 0 in total
 3:08:05.685 Average server FPS: 8051.07 (measured interval: 30 s)
 3:08:05.685 Used memory: 1725510 KB
 3:08:05.685 Players: 0 in total
 3:08:35.686 Average server FPS: 8126.33 (measured interval: 30 s)
 3:08:35.686 Used memory: 1724614 KB
 3:08:35.686 Players: 0 in total
 3:09:05.688 Average server FPS: 7863.20 (measured interval: 30 s)
 3:09:05.688 Used memory: 1724622 KB
 3:09:05.688 Players: 0 in total
 3:09:35.689 Average server FPS: 7890.10 (measured interval: 30 s)
 3:09:35.689 Used memory: 1723819 KB
 3:09:35.689 Players: 0 in total
 3:10:05.691 Average server FPS: 7894.27 (measured interval: 30 s)
 3:10:05.691 Used memory: 1723519 KB
 3:10:05.691 Players: 0 in total
 3:10:35.692 Average server FPS: 7888.33 (measured interval: 30 s)
 3:10:35.692 Used memory: 1723294 KB
 3:10:35.692 Players: 0 in total
 3:10:38.364 [CE][Links] found 0 total links between groups, of 1
 3:10:38.364 [CE][SpawnRandomLoot] (StaticPoliceCar) :: ChildType: Land_Wreck_Volha_Police, lootmin: 3, lootmax: 5, wanted: 4
 3:10:38.364 [CE][Links] found 0 total links between groups, of 2
 3:10:38.364 [CE][SpawnRandomLoot] (StaticPoliceCar) :: ChildType: Land_Wreck_Volha_Police, lootmin: 3, lootmax: 5, wanted: 4
 3:10:38.364 [CE][Links] found 0 total links between groups, of 3
 3:10:38.364 [CE][SpawnRandomLoot] (StaticPoliceCar) :: ChildType: Land_Wreck_Volha_Police, lootmin: 3, lootmax: 5, wanted: 4
 3:10:38.364 [CE][Links] found 0 total links between groups, of 4
 3:10:38.364 [CE][SpawnRandomLoot] (StaticPoliceCar) :: ChildType: Land_Wreck_Volha_Police, lootmin: 3, lootmax: 5, wanted: 3
 3:10:38.380 [CE][Links] found 0 total links between groups, of 5
 3:10:38.380 [CE][SpawnRandomLoot] (StaticPoliceCar) :: ChildType: Land_Wreck_Volha_Police, lootmin: 3, lootmax: 5, wanted: 3
 3:10:38.380 [CE][Links] found 0 total links between groups, of 6
 3:10:38.380 [CE][SpawnRandomLoot] (StaticPoliceCar) :: ChildType: Land_Wreck_Volha_Police, lootmin: 3, lootmax: 5, wanted: 4
 3:10:38.380 [CE][Links] found 0 total links between groups, of 7
 3:10:38.380 [CE][SpawnRandomLoot] (StaticPoliceCar) :: ChildType: Land_Wreck_Volha_Police, lootmin: 3, lootmax: 5, wanted: 3
 3:10:38.380 [CE][Links] found 0 total links between groups, of 8
 3:10:38.380 [CE][SpawnRandomLoot] (StaticPoliceCar) :: ChildType: Land_Wreck_Volha_Police, lootmin: 3, lootmax: 5, wanted: 4
 3:10:38.380 [CE][Links] found 0 total links between groups, of 9
 3:10:38.380 [CE][SpawnRandomLoot] (StaticPoliceCar) :: ChildType: Land_Wreck_Volha_Police, lootmin: 3, lootmax: 5, wanted: 4
 3:10:38.395 [CE][Links] found 0 total links between groups, of 10
 3:10:38.395 [CE][SpawnRandomLoot] (StaticPoliceCar) :: ChildType: Land_Wreck_Volha_Police, lootmin: 3, lootmax: 5, wanted: 3
 3:11:05.694 Average server FPS: 6583.80 (measured interval: 30 s)
 3:11:05.694 Used memory: 1723247 KB
 3:11:05.694 Players: 0 in total
 3:11:35.695 Average server FPS: 7780.07 (measured interval: 30 s)
 3:11:35.695 Used memory: 1722939 KB
 3:11:35.695 Players: 0 in total
 3:11:36.976 [CE][Links] found 0 total links between groups, of 11
 3:11:36.976 [CE][SpawnRandomLoot] (StaticHeliCrash) :: ChildType: Wreck_Mi8, lootmin: 10, lootmax: 20, wanted: 12
 3:11:37.08 [CE][Links] found 0 total links between groups, of 12
 3:11:37.08 [CE][SpawnRandomLoot] (StaticHeliCrash) :: ChildType: Wreck_Mi8, lootmin: 10, lootmax: 20, wanted: 11
 3:12:05.697 Average server FPS: 6657.17 (measured interval: 30 s)
 3:12:05.697 Used memory: 1724748 KB
 3:12:05.697 Players: 0 in total
 3:12:35.698 Average server FPS: 8123.43 (measured interval: 30 s)
 3:12:35.698 Used memory: 1724687 KB
 3:12:35.698 Players: 0 in total
 3:13:05.684 Average server FPS: 7810.20 (measured interval: 30 s)
 3:13:05.684 Used memory: 1724364 KB
 3:13:05.684 Players: 0 in total
 3:13:35.685 Average server FPS: 8034.93 (measured interval: 30 s)
 3:13:35.685 Used memory: 1724252 KB
 3:13:35.685 Players: 0 in total
 3:14:05.687 Average server FPS: 8066.40 (measured interval: 30 s)
 3:14:05.687 Used memory: 1723917 KB
 3:14:05.687 Players: 0 in total
 3:14:35.688 Average server FPS: 7952.00 (measured interval: 30 s)
 3:14:35.688 Used memory: 1723900 KB
 3:14:35.688 Players: 0 in total
 3:15:05.690 Average server FPS: 7947.27 (measured interval: 30 s)
 3:15:05.690 Used memory: 1723699 KB
 3:15:05.690 Players: 0 in total
 3:15:15.472 [CE][Links] found 0 total links between groups, of 13
 3:15:15.472 [CE][SpawnRandomLoot] (StaticHeliCrash) :: ChildType: Wreck_Mi8, lootmin: 10, lootmax: 20, wanted: 10
 3:15:35.691 Average server FPS: 7662.17 (measured interval: 30 s)
 3:15:35.691 Used memory: 1723666 KB
 3:15:35.691 Players: 0 in total
 3:16:05.693 Average server FPS: 7905.60 (measured interval: 30 s)
 3:16:05.693 Used memory: 1723608 KB
 3:16:05.693 Players: 0 in total
 3:16:35.694 Average server FPS: 7909.03 (measured interval: 30 s)
 3:16:35.694 Used memory: 1723587 KB
 3:16:35.694 Players: 0 in total
 3:17:05.696 Average server FPS: 7518.70 (measured interval: 30 s)
 3:17:05.696 Used memory: 1723357 KB
 3:17:05.696 Players: 0 in total
 3:17:35.697 Average server FPS: 7780.67 (measured interval: 30 s)
 3:17:35.697 Used memory: 1723140 KB
 3:17:35.697 Players: 0 in total
 3:18:05.699 Average server FPS: 7973.10 (measured interval: 30 s)
 3:18:05.699 Used memory: 1722717 KB
 3:18:05.699 Players: 0 in total
 3:18:35.685 Average server FPS: 8083.07 (measured interval: 30 s)
 3:18:35.685 Used memory: 1722793 KB
 3:18:35.685 Players: 0 in total
 3:19:05.686 Average server FPS: 8061.93 (measured interval: 30 s)
 3:19:05.686 Used memory: 1722733 KB
 3:19:05.686 Players: 0 in total
 3:19:35.688 Average server FPS: 8084.30 (measured interval: 30 s)
 3:19:35.688 Used memory: 1722858 KB
 3:19:35.688 Players: 0 in total
 3:20:05.689 Average server FPS: 8082.37 (measured interval: 30 s)
 3:20:05.689 Used memory: 1722697 KB
 3:20:05.689 Players: 0 in total
 3:20:35.691 Average server FPS: 8080.40 (measured interval: 30 s)
 3:20:35.691 Used memory: 1722738 KB
 3:20:35.691 Players: 0 in total
 3:21:05.692 Average server FPS: 8043.97 (measured interval: 30 s)
 3:21:05.692 Used memory: 1722777 KB
 3:21:05.692 Players: 0 in total
 3:21:35.694 Average server FPS: 7860.63 (measured interval: 30 s)
 3:21:35.694 Used memory: 1722695 KB
 3:21:35.694 Players: 0 in total
 3:22:05.695 Average server FPS: 7337.13 (measured interval: 30 s)
 3:22:05.695 Used memory: 1722706 KB
 3:22:05.695 Players: 0 in total
 3:22:35.697 Average server FPS: 8075.67 (measured interval: 30 s)
 3:22:35.697 Used memory: 1722678 KB
 3:22:35.697 Players: 0 in total
 3:23:05.698 Average server FPS: 8052.60 (measured interval: 30 s)
 3:23:05.698 Used memory: 1722707 KB
 3:23:05.698 Players: 0 in total
 3:23:35.684 Average server FPS: 8089.27 (measured interval: 30 s)
 3:23:35.684 Used memory: 1722616 KB
 3:23:35.684 Players: 0 in total
 3:24:05.686 Average server FPS: 7989.73 (measured interval: 30 s)
 3:24:05.686 Used memory: 1723142 KB
 3:24:05.686 Players: 0 in total
 3:24:35.687 Average server FPS: 8101.10 (measured interval: 30 s)
 3:24:35.687 Used memory: 1723126 KB
 3:24:35.687 Players: 0 in total
 3:25:05.689 Average server FPS: 6765.77 (measured interval: 30 s)
 3:25:05.689 Used memory: 1722906 KB
 3:25:05.689 Players: 0 in total
 3:25:35.690 Average server FPS: 8081.50 (measured interval: 30 s)
 3:25:35.690 Used memory: 1723084 KB
 3:25:35.690 Players: 0 in total
 3:26:05.692 Average server FPS: 8100.00 (measured interval: 30 s)
 3:26:05.692 Used memory: 1722942 KB
 3:26:05.692 Players: 0 in total
 3:26:35.693 Average server FPS: 8017.47 (measured interval: 30 s)
 3:26:35.693 Used memory: 1722320 KB
 3:26:35.693 Players: 0 in total
 3:27:05.695 Average server FPS: 8102.53 (measured interval: 30 s)
 3:27:05.695 Used memory: 1722116 KB
 3:27:05.695 Players: 0 in total
 3:27:35.696 Average server FPS: 8089.13 (measured interval: 30 s)
 3:27:35.696 Used memory: 1721783 KB
 3:27:35.696 Players: 0 in total
 3:28:05.698 Average server FPS: 8086.17 (measured interval: 30 s)
 3:28:05.698 Used memory: 1721789 KB
 3:28:05.698 Players: 0 in total
 3:28:35.684 Average server FPS: 8102.30 (measured interval: 30 s)
 3:28:35.684 Used memory: 1721714 KB
 3:28:35.684 Players: 0 in total
 3:29:05.685 Average server FPS: 7755.30 (measured interval: 30 s)
 3:29:05.685 Used memory: 1722550 KB
 3:29:05.685 Players: 0 in total
 3:29:35.687 Average server FPS: 8093.30 (measured interval: 30 s)
 3:29:35.687 Used memory: 1722521 KB
 3:29:35.687 Players: 0 in total
 3:30:05.688 Average server FPS: 8081.57 (measured interval: 30 s)
 3:30:05.688 Used memory: 1722670 KB
 3:30:05.688 Players: 0 in total
 3:30:35.690 Average server FPS: 8089.13 (measured interval: 30 s)
 3:30:35.690 Used memory: 1722548 KB
 3:30:35.690 Players: 0 in total
 3:31:05.691 Average server FPS: 8087.10 (measured interval: 30 s)
 3:31:05.691 Used memory: 1722471 KB
 3:31:05.691 Players: 0 in total
 3:31:35.693 Average server FPS: 8086.97 (measured interval: 30 s)
 3:31:35.693 Used memory: 1722346 KB
 3:31:35.693 Players: 0 in total
 3:32:05.694 Average server FPS: 8069.63 (measured interval: 30 s)
 3:32:05.694 Used memory: 1722279 KB
 3:32:05.694 Players: 0 in total
 3:32:35.696 Average server FPS: 8076.00 (measured interval: 30 s)
 3:32:35.696 Used memory: 1722346 KB
 3:32:35.696 Players: 0 in total
 3:33:05.697 Average server FPS: 8082.83 (measured interval: 30 s)
 3:33:05.697 Used memory: 1722143 KB
 3:33:05.697 Players: 0 in total
 3:33:35.699 Average server FPS: 8077.10 (measured interval: 30 s)
 3:33:35.699 Used memory: 1721929 KB
 3:33:35.699 Players: 0 in total
 3:34:05.684 Average server FPS: 8062.27 (measured interval: 30 s)
 3:34:05.684 Used memory: 1722960 KB
 3:34:05.684 Players: 0 in total
 3:34:35.686 Average server FPS: 8065.43 (measured interval: 30 s)
 3:34:35.686 Used memory: 1722671 KB
 3:34:35.686 Players: 0 in total
 3:35:05.687 Average server FPS: 8067.83 (measured interval: 30 s)
 3:35:05.687 Used memory: 1722637 KB
 3:35:05.687 Players: 0 in total
 3:35:35.689 Average server FPS: 8079.23 (measured interval: 30 s)
 3:35:35.689 Used memory: 1722667 KB
 3:35:35.689 Players: 0 in total
 3:36:05.691 Average server FPS: 8007.33 (measured interval: 30 s)
 3:36:05.691 Used memory: 1722503 KB
 3:36:05.691 Players: 0 in total
 3:36:35.692 Average server FPS: 7881.00 (measured interval: 30 s)
 3:36:35.692 Used memory: 1722559 KB
 3:36:35.692 Players: 0 in total
 3:37:05.694 Average server FPS: 7186.37 (measured interval: 30 s)
 3:37:05.694 Used memory: 1722523 KB
 3:37:05.694 Players: 0 in total
 3:37:35.695 Average server FPS: 7964.10 (measured interval: 30 s)
 3:37:35.695 Used memory: 1722552 KB
 3:37:35.695 Players: 0 in total
 3:37:41.320 !!! [CE][Point] Removing 6106.468750, 4327.012207 from Land_Shed_Closed_Small1
 3:38:05.697 Average server FPS: 7966.13 (measured interval: 30 s)
 3:38:05.697 Used memory: 1722556 KB
 3:38:05.697 Players: 0 in total
 3:38:35.698 Average server FPS: 8061.03 (measured interval: 30 s)
 3:38:35.698 Used memory: 1722546 KB
 3:38:35.698 Players: 0 in total
 3:39:05.684 Average server FPS: 8073.07 (measured interval: 30 s)
 3:39:05.684 Used memory: 1722592 KB
 3:39:05.684 Players: 0 in total
 3:39:35.685 Average server FPS: 8002.57 (measured interval: 30 s)
 3:39:35.685 Used memory: 1722714 KB
 3:39:35.685 Players: 0 in total
 3:40:05.687 Average server FPS: 8098.03 (measured interval: 30 s)
 3:40:05.687 Used memory: 1722360 KB
 3:40:05.687 Players: 0 in total
 3:40:35.688 Average server FPS: 8089.40 (measured interval: 30 s)
 3:40:35.688 Used memory: 1722436 KB
 3:40:35.688 Players: 0 in total
 3:41:05.690 Average server FPS: 8098.20 (measured interval: 30 s)
 3:41:05.690 Used memory: 1722369 KB
 3:41:05.690 Players: 0 in total
 3:41:35.691 Average server FPS: 7933.37 (measured interval: 30 s)
 3:41:35.691 Used memory: 1722952 KB
 3:41:35.691 Players: 0 in total
 3:42:05.693 Average server FPS: 8085.57 (measured interval: 30 s)
 3:42:05.693 Used memory: 1722926 KB
 3:42:05.693 Players: 0 in total
 3:42:35.694 Average server FPS: 8006.27 (measured interval: 30 s)
 3:42:35.694 Used memory: 1722999 KB
 3:42:35.694 Players: 0 in total
 3:43:05.696 Average server FPS: 7885.10 (measured interval: 30 s)
 3:43:05.696 Used memory: 1723718 KB
 3:43:05.696 Players: 0 in total
 3:43:35.697 Average server FPS: 8096.50 (measured interval: 30 s)
 3:43:35.697 Used memory: 1723702 KB
 3:43:35.697 Players: 0 in total
 3:44:05.683 Average server FPS: 8044.60 (measured interval: 30 s)
 3:44:05.699 Used memory: 1723633 KB
 3:44:05.699 Players: 0 in total
 3:44:35.685 Average server FPS: 7899.80 (measured interval: 30 s)
 3:44:35.685 Used memory: 1723416 KB
 3:44:35.685 Players: 0 in total
 3:45:05.686 Average server FPS: 7935.13 (measured interval: 30 s)
 3:45:05.686 Used memory: 1723363 KB
 3:45:05.686 Players: 0 in total
 3:45:35.688 Average server FPS: 7878.37 (measured interval: 30 s)
 3:45:35.688 Used memory: 1723166 KB
 3:45:35.688 Players: 0 in total
 3:46:05.689 Average server FPS: 7814.87 (measured interval: 30 s)
 3:46:05.689 Used memory: 1723133 KB
 3:46:05.689 Players: 0 in total
 3:46:35.691 Average server FPS: 7864.97 (measured interval: 30 s)
 3:46:35.691 Used memory: 1723233 KB
 3:46:35.691 Players: 0 in total
 3:47:05.692 Average server FPS: 7713.90 (measured interval: 30 s)
 3:47:05.692 Used memory: 1723432 KB
 3:47:05.692 Players: 0 in total
 3:47:35.694 Average server FPS: 8018.80 (measured interval: 30 s)
 3:47:35.694 Used memory: 1724562 KB
 3:47:35.694 Players: 0 in total
 3:48:05.695 Average server FPS: 8099.40 (measured interval: 30 s)
 3:48:05.695 Used memory: 1724555 KB
 3:48:05.695 Players: 0 in total
 3:48:35.697 Average server FPS: 7688.47 (measured interval: 30 s)
 3:48:35.697 Used memory: 1724590 KB
 3:48:35.697 Players: 0 in total
 3:49:05.698 Average server FPS: 7540.50 (measured interval: 30 s)
 3:49:05.698 Used memory: 1724513 KB
 3:49:05.698 Players: 0 in total
 3:49:35.684 Average server FPS: 7611.13 (measured interval: 30 s)
 3:49:35.684 Used memory: 1725716 KB
 3:49:35.684 Players: 0 in total
 3:50:05.686 Average server FPS: 7482.13 (measured interval: 30 s)
 3:50:05.686 Used memory: 1724604 KB
 3:50:05.686 Players: 0 in total
 3:50:14.671  --- Termination successfully completed --- 
